Component: ARM Compiler 5.06 update 7 (build 960) Tool: armlink [4d3601]

==============================================================================

Section Cross References

    main.o(i.main) refers to kservice.o(i.rt_kprintf) for rt_kprintf
    main.o(i.main) refers to thread.o(i.rt_thread_mdelay) for rt_thread_mdelay
    main.o(i.readwrite) refers to dfs_posix.o(i.open) for open
    main.o(i.readwrite) refers to kservice.o(i.rt_kprintf) for rt_kprintf
    main.o(i.readwrite) refers to dfs_posix.o(i.write) for write
    main.o(i.readwrite) refers to dfs_posix.o(i.close) for close
    main.o(i.readwrite) refers to dfs_posix.o(i.read) for read
    main.o(i.readwrite) refers to main.o(.bss) for test_data
    main.o(FSymTab) refers to main.o(.rodata.name) for __fsym_readwrite_name
    main.o(FSymTab) refers to main.o(i.readwrite) for readwrite
    syscalls.o(i._sys_close) refers to dfs_posix.o(i.close) for close
    syscalls.o(i._sys_exit) refers to stdlib.o(i.__rt_libc_exit) for __rt_libc_exit
    syscalls.o(i._sys_flen) refers to dfs_posix.o(i.fstat) for fstat
    syscalls.o(i._sys_open) refers to strcmp.o(.text) for strcmp
    syscalls.o(i._sys_open) refers to dfs_posix.o(i.open) for open
    syscalls.o(i._sys_open) refers to syscalls.o(.constdata) for __stdin_name
    syscalls.o(i._sys_read) refers to dfs_posix.o(i.read) for read
    syscalls.o(i._sys_seek) refers to dfs_posix.o(i.lseek) for lseek
    syscalls.o(i._sys_tmpnam) refers to kservice.o(i.rt_snprintf) for rt_snprintf
    syscalls.o(i._sys_write) refers to kservice.o(i.rt_console_get_device) for rt_console_get_device
    syscalls.o(i._sys_write) refers to device.o(i.rt_device_write) for rt_device_write
    syscalls.o(i._sys_write) refers to dfs_posix.o(i.write) for write
    syscalls.o(i._ttywrch) refers to kservice.o(i.rt_kprintf) for rt_kprintf
    syscalls.o(i.fputc) refers to kservice.o(i.rt_kprintf) for rt_kprintf
    syscalls.o(i.remove) refers to dfs_posix.o(i.unlink) for unlink
    syscall_mem.o(i.calloc) refers to kservice.o(i.rt_calloc) for rt_calloc
    syscall_mem.o(i.free) refers to kservice.o(i.rt_free) for rt_free
    syscall_mem.o(i.malloc) refers to kservice.o(i.rt_malloc) for rt_malloc
    syscall_mem.o(i.realloc) refers to kservice.o(i.rt_realloc) for rt_realloc
    stdlib.o(i.__rt_libc_exit) refers to thread.o(i.rt_thread_self) for rt_thread_self
    stdlib.o(i.__rt_libc_exit) refers to thread.o(i.rt_thread_control) for rt_thread_control
    stdlib.o(i.system) refers to kservice.o(i.rt_strdup) for rt_strdup
    stdlib.o(i.system) refers to kservice.o(i.rt_strlen) for rt_strlen
    stdlib.o(i.system) refers to msh.o(i.msh_exec) for msh_exec
    stdlib.o(i.system) refers to kservice.o(i.rt_free) for rt_free
    time.o(i.__isleap) refers to idiv.o(.text) for __aeabi_idivmod
    time.o(i.asctime) refers to time.o(i.asctime_r) for asctime_r
    time.o(i.asctime) refers to time.o(.bss) for buf
    time.o(i.asctime_r) refers to kservice.o(i.rt_strlen) for rt_strlen
    time.o(i.asctime_r) refers to time.o(i.num2str) for num2str
    time.o(i.asctime_r) refers to idiv.o(.text) for __aeabi_idivmod
    time.o(i.asctime_r) refers to time.o(.data) for days
    time.o(i.clock) refers to clock.o(i.rt_tick_get) for rt_tick_get
    time.o(i.ctime) refers to time.o(i.localtime) for localtime
    time.o(i.ctime) refers to time.o(i.asctime) for asctime
    time.o(i.ctime_r) refers to time.o(i.localtime_r) for localtime_r
    time.o(i.ctime_r) refers to time.o(i.asctime_r) for asctime_r
    time.o(i.get_timeval) refers to device.o(i.rt_device_find) for rt_device_find
    time.o(i.get_timeval) refers to device.o(i.rt_device_open) for rt_device_open
    time.o(i.get_timeval) refers to device.o(i.rt_device_control) for rt_device_control
    time.o(i.get_timeval) refers to device.o(i.rt_device_close) for rt_device_close
    time.o(i.get_timeval) refers to kservice.o(i.rt_kprintf) for rt_kprintf
    time.o(i.get_timeval) refers to time.o(.data) for device
    time.o(i.gettimeofday) refers to time.o(i.tz_get) for tz_get
    time.o(i.gettimeofday) refers to time.o(i.get_timeval) for get_timeval
    time.o(i.gettimeofday) refers to kservice.o(i.rt_set_errno) for rt_set_errno
    time.o(i.gmtime) refers to time.o(i.gmtime_r) for gmtime_r
    time.o(i.gmtime) refers to time.o(.bss) for tmp
    time.o(i.gmtime_r) refers to uidiv.o(.text) for __aeabi_uidivmod
    time.o(i.gmtime_r) refers to time.o(i.__isleap) for __isleap
    time.o(i.gmtime_r) refers to time.o(i.tz_is_dst) for tz_is_dst
    time.o(i.gmtime_r) refers to time.o(.constdata) for __spm
    time.o(i.localtime) refers to time.o(i.localtime_r) for localtime_r
    time.o(i.localtime) refers to time.o(.bss) for tmp
    time.o(i.localtime_r) refers to time.o(i.tz_get) for tz_get
    time.o(i.localtime_r) refers to time.o(i.gmtime_r) for gmtime_r
    time.o(i.mktime) refers to time.o(i.timegm) for timegm
    time.o(i.mktime) refers to time.o(i.tz_get) for tz_get
[...]
    0x00001a1c   0x00001a1c   0x00000020   Code   RO         2772    i.check_dirent      dfs_romfs.o
    0x00001a3c   0x00001a3c   0x000000f0   Code   RO         2421    i.check_fs          ff.o
    0x00001b2c   0x00001b2c   0x00000014   Code   RO         3147    i.clear             cmd.o
    0x00001b40   0x00001b40   0x00000048   Code   RO         2422    i.clmt_clust        ff.o
    0x00001b88   0x00001b88   0x00000044   Code   RO         1645    i.close             dfs_posix.o
    0x00001bcc   0x00001bcc   0x0000004a   Code   RO         1646    i.closedir          dfs_posix.o
    0x00001c16   0x00001c16   0x0000001a   Code   RO         2423    i.clst2sect         ff.o
    0x00001c30   0x00001c30   0x00000060   Code   RO         3038    i.cmd_cat           msh_file.o
    0x00001c90   0x00001c90   0x00000050   Code   RO         3039    i.cmd_cd            msh_file.o
    0x00001ce0   0x00001ce0   0x00000054   Code   RO         3040    i.cmd_cp            msh_file.o
    0x00001d34   0x00001d34   0x00000058   Code   RO         3041    i.cmd_df            msh_file.o
    0x00001d8c   0x00001d8c   0x0000009c   Code   RO         3042    i.cmd_echo          msh_file.o
    0x00001e28   0x00001e28   0x00000064   Code   RO         2973    i.cmd_free          msh.o
    0x00001e8c   0x00001e8c   0x00000020   Code   RO         3043    i.cmd_ls            msh_file.o
    0x00001eac   0x00001eac   0x00000080   Code   RO         3044    i.cmd_mkdir         msh_file.o
    0x00001f2c   0x00001f2c   0x00000094   Code   RO         3045    i.cmd_mkfs          msh_file.o
    0x00001fc0   0x00001fc0   0x00000154   Code   RO         3046    i.cmd_mount         msh_file.o
    0x00002114   0x00002114   0x00000134   Code   RO         3047    i.cmd_mv            msh_file.o
    0x00002248   0x00002248   0x0000000e   Code   RO         2974    i.cmd_ps            msh.o
    0x00002256   0x00002256   0x00000002   PAD
    0x00002258   0x00002258   0x0000001c   Code   RO         3048    i.cmd_pwd           msh_file.o
    0x00002274   0x00002274   0x000001e4   Code   RO         3049    i.cmd_rm            msh_file.o
    0x00002458   0x00002458   0x0000020c   Code   RO         3050    i.cmd_tail          msh_file.o
    0x00002664   0x00002664   0x00000088   Code   RO         3051    i.cmd_umount        msh_file.o
    0x000026ec   0x000026ec   0x000000a4   Code   RO         2424    i.cmp_lfn           ff.o
    0x00002790   0x00002790   0x00000180   Code   RO         1987    i.copy              dfs_file.o
    0x00002910   0x00002910   0x00000140   Code   RO         1988    i.copydir           dfs_file.o
    0x00002a50   0x00002a50   0x00000108   Code   RO         1989    i.copyfile          dfs_file.o
    0x00002b58   0x00002b58   0x00000128   Code   RO         2425    i.create_chain      ff.o
    0x00002c80   0x00002c80   0x000002a0   Code   RO         2426    i.create_name       ff.o
    0x00002f20   0x00002f20   0x000001a0   Code   RO         2427    i.create_partition  ff.o
    0x000030c0   0x000030c0   0x00000012   Code   RO          411    i.ctime             time.o
    0x000030d2   0x000030d2   0x00000002   PAD
    0x000030d4   0x000030d4   0x0000001c   Code   RO         6813    i.cyclic_timer      timeouts.o
    0x000030f0   0x000030f0   0x00000220   Code   RO          725    i.date              rtc.o
    0x00003310   0x00003310   0x0000000e   Code   RO         2428    i.dbc_1st           ff.o
    0x0000331e   0x0000331e   0x0000000e   Code   RO         2429    i.dbc_2nd           ff.o
    0x0000332c   0x0000332c   0x00000010   Code   RO         2104    i.devfs_init        devfs.o
    0x0000333c   0x0000333c   0x0000012c   Code   RO         1827    i.df                dfs_fs.o
    0x00003468   0x00003468   0x0000002e   Code   RO         2105    i.dfs_device_fs_close  devfs.o
    0x00003496   0x00003496   0x00000072   Code   RO         2106    i.dfs_device_fs_getdents  devfs.o
    0x00003508   0x00003508   0x00000022   Code   RO         2107    i.dfs_device_fs_ioctl  devfs.o
    0x0000352a   0x0000352a   0x00000006   Code   RO         2108    i.dfs_device_fs_mount  devfs.o
    0x00003530   0x00003530   0x000000d0   Code   RO         2109    i.dfs_device_fs_open  devfs.o
    0x00003600   0x00003600   0x00000006   Code   RO         2110    i.dfs_device_fs_poll  devfs.o
    0x00003606   0x00003606   0x00000024   Code   RO         2111    i.dfs_device_fs_read  devfs.o
    0x0000362a   0x0000362a   0x00000002   PAD
    0x0000362c   0x0000362c   0x000000a4   Code   RO         2112    i.dfs_device_fs_stat  devfs.o
    0x000036d0   0x000036d0   0x00000024   Code   RO         2113    i.dfs_device_fs_write  devfs.o
    0x000036f4   0x000036f4   0x0000003a   Code   RO         2175    i.dfs_elm_close     dfs_elm.o
    0x0000372e   0x0000372e   0x00000016   Code   RO         2176    i.dfs_elm_flush     dfs_elm.o
    0x00003744   0x00003744   0x000000cc   Code   RO         2177    i.dfs_elm_getdents  dfs_elm.o
    0x00003810   0x00003810   0x00000050   Code   RO         2178    i.dfs_elm_ioctl     dfs_elm.o
    0x00003860   0x00003860   0x0000005a   Code   RO         2179    i.dfs_elm_lseek     dfs_elm.o
    0x000038ba   0x000038ba   0x00000002   PAD
    0x000038bc   0x000038bc   0x0000015c   Code   RO         2180    i.dfs_elm_mkfs      dfs_elm.o
    0x00003a18   0x00003a18   0x00000108   Code   RO         2181    i.dfs_elm_mount     dfs_elm.o
    0x00003b20   0x00003b20   0x00000188   Code   RO         2182    i.dfs_elm_open      dfs_elm.o
    0x00003ca8   0x00003ca8   0x0000003a   Code   RO         2183    i.dfs_elm_read      dfs_elm.o
    0x00003ce2   0x00003ce2   0x00000002   PAD
    0x00003ce4   0x00003ce4   0x00000064   Code   RO         2184    i.dfs_elm_rename    dfs_elm.o
    0x00003d48   0x00003d48   0x00000114   Code   RO         2185    i.dfs_elm_stat      dfs_elm.o
    0x00003e5c   0x00003e5c   0x00000060   Code   RO         2186    i.dfs_elm_statfs    dfs_elm.o
    0x00003ebc   0x00003ebc   0x00000058   Code   RO         2187    i.dfs_elm_unlink    dfs_elm.o
    0x00003f14   0x00003f14   0x0000005c   Code   RO         2188    i.dfs_elm_unmount   dfs_elm.o
    0x00003f70   0x00003f70   0x0000003e   Code   RO         2189    i.dfs_elm_write     dfs_elm.o
    0x00003fae   0x00003fae   0x00000002   PAD
    0x00003fb0   0x00003fb0   0x00000008   Code   RO         1897    i.dfs_fdtable_get   dfs.o
    0x00003fb8   0x00003fb8   0x00000038   Code   RO         1990    i.dfs_file_close    dfs_file.o
    0x00003ff0   0x00003ff0   0x00000034   Code   RO         1993    i.dfs_file_getdents  dfs_file.o
    0x00004024   0x00004024   0x00000032   Code   RO         1995    i.dfs_file_lseek    dfs_file.o
    0x00004056   0x00004056   0x00000002   PAD
    0x00004058   0x00004058   0x000000e8   Code   RO         1996    i.dfs_file_open     dfs_file.o
    0x00004140   0x00004140   0x0000003e   Code   RO         1997    i.dfs_file_read     dfs_file.o
    0x0000417e   0x0000417e   0x000000b4   Code   RO         1998    i.dfs_file_rename   dfs_file.o
    0x00004232   0x00004232   0x00000002   PAD
    0x00004234   0x00004234   0x000000c0   Code   RO         1999    i.dfs_file_stat     dfs_file.o
    0x000042f4   0x000042f4   0x000000a0   Code   RO         2000    i.dfs_file_unlink   dfs_file.o
    0x00004394   0x00004394   0x0000002c   Code   RO         2001    i.dfs_file_write    dfs_file.o
    0x000043c0   0x000043c0   0x000000f8   Code   RO         1829    i.dfs_filesystem_get_partition  dfs_fs.o
    0x000044b8   0x000044b8   0x00000070   Code   RO         1830    i.dfs_filesystem_lookup  dfs_fs.o
    0x00004528   0x00004528   0x000000b0   Code   RO         1898    i.dfs_init          dfs.o
    0x000045d8   0x000045d8   0x00000020   Code   RO         1899    i.dfs_lock          dfs.o
    0x000045f8   0x000045f8   0x00000088   Code   RO         1831    i.dfs_mkfs          dfs_fs.o
    0x00004680   0x00004680   0x000001b8   Code   RO         1832    i.dfs_mount         dfs_fs.o
    0x00004838   0x00004838   0x0000015c   Code   RO         1900    i.dfs_normalize_path  dfs.o
    0x00004994   0x00004994   0x0000006c   Code   RO         1833    i.dfs_register      dfs_fs.o
    0x00004a00   0x00004a00   0x00000008   Code   RO         2773    i.dfs_romfs_close   dfs_romfs.o
    0x00004a08   0x00004a08   0x000000a0   Code   RO         2774    i.dfs_romfs_getdents  dfs_romfs.o
    0x00004aa8   0x00004aa8   0x00000010   Code   RO         2775    i.dfs_romfs_init    dfs_romfs.o
    0x00004ab8   0x00004ab8   0x00000008   Code   RO         2776    i.dfs_romfs_ioctl   dfs_romfs.o
    0x00004ac0   0x00004ac0   0x00000112   Code   RO         2777    i.dfs_romfs_lookup  dfs_romfs.o
    0x00004bd2   0x00004bd2   0x00000014   Code   RO         2778    i.dfs_romfs_lseek   dfs_romfs.o
    0x00004be6   0x00004be6   0x00000018   Code   RO         2779    i.dfs_romfs_mount   dfs_romfs.o
    0x00004bfe   0x00004bfe   0x00000002   PAD
    0x00004c00   0x00004c00   0x0000007c   Code   RO         2780    i.dfs_romfs_open    dfs_romfs.o
    0x00004c7c   0x00004c7c   0x0000004e   Code   RO         2781    i.dfs_romfs_read    dfs_romfs.o
    0x00004cca   0x00004cca   0x00000002   PAD
    0x00004ccc   0x00004ccc   0x00000058   Code   RO         2782    i.dfs_romfs_stat    dfs_romfs.o
    0x00004d24   0x00004d24   0x00000006   Code   RO         2783    i.dfs_romfs_unmount  dfs_romfs.o
    0x00004d2a   0x00004d2a   0x0000002c   Code   RO         1834    i.dfs_statfs        dfs_fs.o
    0x00004d56   0x00004d56   0x00000034   Code   RO         1901    i.dfs_subdir        dfs.o
    0x00004d8a   0x00004d8a   0x00000002   PAD
    0x00004d8c   0x00004d8c   0x00000010   Code   RO         1902    i.dfs_unlock        dfs.o
    0x00004d9c   0x00004d9c   0x000000a8   Code   RO         1835    i.dfs_unmount       dfs_fs.o
    0x00004e44   0x00004e44   0x00000062   Code   RO         2430    i.dir_alloc         ff.o
    0x00004ea6   0x00004ea6   0x000000ce   Code   RO         2431    i.dir_clear         ff.o
    0x00004f74   0x00004f74   0x0000010e   Code   RO         2432    i.dir_find          ff.o
    0x00005082   0x00005082   0x000000e4   Code   RO         2433    i.dir_next          ff.o
    0x00005166   0x00005166   0x000000e6   Code   RO         2434    i.dir_read          ff.o
    0x0000524c   0x0000524c   0x0000015c   Code   RO         2435    i.dir_register      ff.o
    0x000053a8   0x000053a8   0x00000060   Code   RO         2436    i.dir_remove        ff.o
    0x00005408   0x00005408   0x000000b2   Code   RO         2437    i.dir_sdi           ff.o
    0x000054ba   0x000054ba   0x00000002   PAD
    0x000054bc   0x000054bc   0x00000140   Code   RO         3052    i.directory_delete_for_msh  msh_file.o
    0x000055fc   0x000055fc   0x00000006   Code   RO         2190    i.disk_initialize   dfs_elm.o
    0x00005602   0x00005602   0x00000002   PAD
    0x00005604   0x00005604   0x000000a8   Code   RO         2191    i.disk_ioctl        dfs_elm.o
    0x000056ac   0x000056ac   0x00000034   Code   RO         2192    i.disk_read         dfs_elm.o
    0x000056e0   0x000056e0   0x00000006   Code   RO         2193    i.disk_status       dfs_elm.o
    0x000056e6   0x000056e6   0x00000002   PAD
    0x000056e8   0x000056e8   0x00000034   Code   RO         2194    i.disk_write        dfs_elm.o
    0x0000571c   0x0000571c   0x000000fc   Code   RO         6457    i.dns_call_found    dns.o
    0x00005818   0x00005818   0x00000016   Code   RO         6458    i.dns_check_entries  dns.o
    0x0000582e   0x0000582e   0x00000002   PAD
    0x00005830   0x00005830   0x0000016c   Code   RO         6459    i.dns_check_entry   dns.o
    0x0000599c   0x0000599c   0x00000040   Code   RO         6462    i.dns_create_txid   dns.o
    0x000059dc   0x000059dc   0x0000000a   Code   RO         6467    i.dns_init          dns.o
    0x000059e6   0x000059e6   0x00000002   PAD
    0x000059e8   0x000059e8   0x000001a0   Code   RO         6470    i.dns_send          dns.o
    0x00005b88   0x00005b88   0x00000008   Code   RO         6473    i.dns_tmr           dns.o
    0x00005b90   0x00005b90   0x000000b0   Code   RO         5684    i.do_memp_free_pool  memp.o
    0x00005c40   0x00005c40   0x000000d0   Code   RO         5685    i.do_memp_malloc_pool_fn  memp.o
    0x00005d10   0x00005d10   0x0000000e   Code   RO         1471    i.drv_close_pipe    drv_usbh.o
    0x00005d1e   0x00005d1e   0x00000034   Code   RO         1472    i.drv_open_pipe     drv_usbh.o
    0x00005d52   0x00005d52   0x00000002   PAD
    0x00005d54   0x00005d54   0x000001d8   Code   RO         1473    i.drv_pipe_xfer     drv_usbh.o
    0x00005f2c   0x00005f2c   0x000000c4   Code   RO         1474    i.drv_reset_port    drv_usbh.o
    0x00005ff0   0x00005ff0   0x00000024   Code   RO         2438    i.elm_get_vol       ff.o
    0x00006014   0x00006014   0x00000010   Code   RO         2195    i.elm_init          dfs_elm.o
    0x00006024   0x00006024   0x0000005a   Code   RO         2196    i.elm_result_to_dfs  dfs_elm.o
    0x0000607e   0x0000607e   0x00000002   PAD
    0x00006080   0x00006080   0x0000011c   Code   RO         5430    i.eth_rx_thread_entry  ethernetif.o
    0x0000619c   0x0000619c   0x00000064   Code   RO         5432    i.eth_system_device_init_private  ethernetif.o
    0x00006200   0x00006200   0x000002c0   Code   RO         5590    i.etharp_find_entry  etharp.o
    0x000064c0   0x000064c0   0x00000038   Code   RO         5591    i.etharp_free_entry  etharp.o
    0x000064f8   0x000064f8   0x00000140   Code   RO         5593    i.etharp_input      etharp.o
    0x00006638   0x00006638   0x0000017c   Code   RO         5597    i.etharp_raw        etharp.o
    0x000067b4   0x000067b4   0x00000018   Code   RO         5598    i.etharp_request    etharp.o
    0x000067cc   0x000067cc   0x0000002c   Code   RO         5599    i.etharp_request_dst  etharp.o
    0x000067f8   0x000067f8   0x000000c8   Code   RO         5600    i.etharp_tmr        etharp.o
    0x000068c0   0x000068c0   0x00000150   Code   RO         5601    i.etharp_update_arp_entry  etharp.o
    0x00006a10   0x00006a10   0x000000dc   Code   RO         4660    i.ethernet_input    ethernet.o
    0x00006aec   0x00006aec   0x000000e0   Code   RO         4661    i.ethernet_output   ethernet.o
    0x00006bcc   0x00006bcc   0x0000002c   Code   RO         2439    i.f_close           ff.o
    0x00006bf8   0x00006bf8   0x0000010c   Code   RO         2441    i.f_getfree         ff.o
    0x00006d04   0x00006d04   0x000003b4   Code   RO         2442    i.f_lseek           ff.o
    0x000070b8   0x000070b8   0x00000142   Code   RO         2443    i.f_mkdir           ff.o
    0x000071fa   0x000071fa   0x00000002   PAD
    0x000071fc   0x000071fc   0x0000084c   Code   RO         2444    i.f_mkfs            ff.o
    0x00007a48   0x00007a48   0x00000084   Code   RO         2445    i.f_mount           ff.o
    0x00007acc   0x00007acc   0x00000268   Code   RO         2446    i.f_open            ff.o
    0x00007d34   0x00007d34   0x000000a8   Code   RO         2447    i.f_opendir         ff.o
    0x00007ddc   0x00007ddc   0x00000252   Code   RO         2448    i.f_read            ff.o
    0x0000802e   0x0000802e   0x00000080   Code   RO         2449    i.f_readdir         ff.o
    0x000080ae   0x000080ae   0x0000015a   Code   RO         2450    i.f_rename          ff.o
    0x00008208   0x00008208   0x00000044   Code   RO         2451    i.f_seekdir         ff.o
    0x0000824c   0x0000824c   0x00000072   Code   RO         2452    i.f_stat            ff.o
    0x000082be   0x000082be   0x000000b6   Code   RO         2453    i.f_sync            ff.o
    0x00008374   0x00008374   0x000000e4   Code   RO         2454    i.f_truncate        ff.o
    0x00008458   0x00008458   0x000000ea   Code   RO         2455    i.f_unlink          ff.o
    0x00008542   0x00008542   0x0000029e   Code   RO         2456    i.f_write           ff.o
    0x000087e0   0x000087e0   0x000000aa   Code   RO         1903    i.fd_alloc          dfs.o
    0x0000888a   0x0000888a   0x00000002   PAD
    0x0000888c   0x0000888c   0x0000004c   Code   RO         1904    i.fd_get            dfs.o
    0x000088d8   0x000088d8   0x000000ac   Code   RO         1905    i.fd_is_open        dfs.o
    0x00008984   0x00008984   0x00000040   Code   RO         1906    i.fd_new            dfs.o
    0x000089c4   0x000089c4   0x0000004a   Code   RO         1907    i.fd_put            dfs.o
    0x00008a0e   0x00008a0e   0x00000002   PAD
    0x00008a10   0x00008a10   0x00000034   Code   RO         2197    i.ff_cre_syncobj    dfs_elm.o
    0x00008a44   0x00008a44   0x00000012   Code   RO         2198    i.ff_del_syncobj    dfs_elm.o
    0x00008a56   0x00008a56   0x0000000c   Code   RO         2199    i.ff_memalloc       dfs_elm.o
    0x00008a62   0x00008a62   0x0000000c   Code   RO         2200    i.ff_memfree        dfs_elm.o
    0x00008a6e   0x00008a6e   0x00000002   PAD
    0x00008a70   0x00008a70   0x0000002c   Code   RO         2392    i.ff_oem2uni        ffunicode.o
    0x00008a9c   0x00008a9c   0x0000000c   Code   RO         2201    i.ff_rel_grant      dfs_elm.o
    0x00008aa8   0x00008aa8   0x0000001c   Code   RO         2202    i.ff_req_grant      dfs_elm.o
    0x00008ac4   0x00008ac4   0x00000040   Code   RO         2393    i.ff_uni2oem        ffunicode.o
    0x00008b04   0x00008b04   0x000000b4   Code   RO         2394    i.ff_wtoupper       ffunicode.o
    0x00008bb8   0x00008bb8   0x00000086   Code   RO         2457    i.find_volume       ff.o
    0x00008c3e   0x00008c3e   0x00000002   PAD
    0x00008c40   0x00008c40   0x0000007c   Code   RO         2860    i.finsh_get_prompt  shell.o
    0x00008cbc   0x00008cbc   0x00000044   Code   RO         2862    i.finsh_getchar     shell.o
    0x00008d00   0x00008d00   0x00000018   Code   RO         2863    i.finsh_rx_ind      shell.o
    0x00008d18   0x00008d18   0x000000d8   Code   RO         2864    i.finsh_set_device  shell.o
    0x00008df0   0x00008df0   0x00000024   Code   RO         2867    i.finsh_set_prompt_mode  shell.o
    0x00008e14   0x00008e14   0x00000014   Code   RO         2868    i.finsh_system_function_init  shell.o
    0x00008e28   0x00008e28   0x000000a4   Code   RO         2869    i.finsh_system_init  shell.o
    0x00008ecc   0x00008ecc   0x000005f8   Code   RO         2870    i.finsh_thread_entry  shell.o
    0x000094c4   0x000094c4   0x000000ac   Code   RO         2458    i.follow_path       ff.o
    0x00009570   0x00009570   0x000000d8   Code   RO         5602    i.free_etharp_q     etharp.o
    0x00009648   0x00009648   0x000000dc   Code   RO         2459    i.gen_numname       ff.o
    0x00009724   0x00009724   0x00000024   Code   RO         2203    i.get_disk          dfs_elm.o
    0x00009748   0x00009748   0x00000134   Code   RO         2460    i.get_fat           ff.o
    0x0000987c   0x0000987c   0x00000056   Code   RO         2204    i.get_fattime       dfs_elm.o
    0x000098d2   0x000098d2   0x00000002   PAD
    0x000098d4   0x000098d4   0x0000019c   Code   RO         2461    i.get_fileinfo      ff.o
    0x00009a70   0x00009a70   0x00000050   Code   RO         2462    i.get_ldnumber      ff.o
    0x00009ac0   0x00009ac0   0x00000098   Code   RO          413    i.get_timeval       time.o
    0x00009b58   0x00009b58   0x00000020   Code   RO         1651    i.getcwd            dfs_posix.o
    0x00009b78   0x00009b78   0x00000014   Code   RO          415    i.gmtime            time.o
    0x00009b8c   0x00009b8c   0x000000dc   Code   RO          416    i.gmtime_r          time.o
    0x00009c68   0x00009c68   0x0000006c   Code   RO         1475    i.hcd_init          drv_usbh.o
    0x00009cd4   0x00009cd4   0x00000020   Code   RO         3148    i.hello             cmd.o
    0x00009cf4   0x00009cf4   0x00000012   Code   RO         6135    i.icmp_dest_unreach  icmp.o
    0x00009d06   0x00009d06   0x00000002   PAD
    0x00009d08   0x00009d08   0x000002bc   Code   RO         6136    i.icmp_input        icmp.o
    0x00009fc4   0x00009fc4   0x00000110   Code   RO         6137    i.icmp_send_response  icmp.o
    0x0000a0d4   0x0000a0d4   0x00000014   Code   RO         6299    i.inet_chksum       inet_chksum.o
    0x0000a0e8   0x0000a0e8   0x00000060   Code   RO         6300    i.inet_chksum_pbuf  inet_chksum.o
    0x0000a148   0x0000a148   0x00000034   Code   RO         6301    i.inet_chksum_pseudo  inet_chksum.o
    0x0000a17c   0x0000a17c   0x0000008a   Code   RO         6303    i.inet_cksum_pseudo_base  inet_chksum.o
    0x0000a206   0x0000a206   0x00000050   Code   RO         5300    i.ip4_addr_isbroadcast_u32  ip4_addr.o
    0x0000a256   0x0000a256   0x00000002   PAD
    0x0000a258   0x0000a258   0x00000214   Code   RO         5796    i.ip4_input         ip4.o
    0x0000a46c   0x0000a46c   0x00000038   Code   RO         5798    i.ip4_output_if     ip4.o
    0x0000a4a4   0x0000a4a4   0x0000020c   Code   RO         5799    i.ip4_output_if_src  ip4.o
    0x0000a6b0   0x0000a6b0   0x000000a4   Code   RO         5800    i.ip4_route         ip4.o
    0x0000a754   0x0000a754   0x000001f4   Code   RO         5302    i.ip4addr_aton      ip4_addr.o
    0x0000a948   0x0000a948   0x0000001e   Code   RO         6305    i.ip_chksum_pseudo  inet_chksum.o
    0x0000a966   0x0000a966   0x0000001a   Code   RO         5305    i.ipaddr_addr       ip4_addr.o
    0x0000a980   0x0000a980   0x00000026   Code   RO         2463    i.ld_clust          ff.o
    0x0000a9a6   0x0000a9a6   0x0000001e   Code   RO         2464    i.ld_dword          ff.o
    0x0000a9c4   0x0000a9c4   0x0000000e   Code   RO         2465    i.ld_word           ff.o
    0x0000a9d2   0x0000a9d2   0x00000002   PAD
    0x0000a9d4   0x0000a9d4   0x00000068   Code   RO         3149    i.list              cmd.o
    0x0000aa3c   0x0000aa3c   0x00000114   Code   RO         3150    i.list_device       cmd.o
    0x0000ab50   0x0000ab50   0x00000164   Code   RO         1908    i.list_fd           dfs.o
    0x0000acb4   0x0000acb4   0x00000028   Code   RO         3151    i.list_find_init    cmd.o
    0x0000acdc   0x0000acdc   0x00000096   Code   RO         3152    i.list_get_next     cmd.o
    0x0000ad72   0x0000ad72   0x00000002   PAD
    0x0000ad74   0x0000ad74   0x0000015c   Code   RO         3153    i.list_mailbox      cmd.o
    0x0000aed0   0x0000aed0   0x00000174   Code   RO         3154    i.list_mempool      cmd.o
    0x0000b044   0x0000b044   0x00000144   Code   RO         3155    i.list_msgqueue     cmd.o
    0x0000b188   0x0000b188   0x0000010c   Code   RO         3156    i.list_mutex        cmd.o
    0x0000b294   0x0000b294   0x00000138   Code   RO         3157    i.list_sem          cmd.o
    0x0000b3cc   0x0000b3cc   0x000001ec   Code   RO         3158    i.list_thread       cmd.o
    0x0000b5b8   0x0000b5b8   0x000001a8   Code   RO         3159    i.list_timer        cmd.o
    0x0000b760   0x0000b760   0x00000014   Code   RO          417    i.localtime         time.o
    0x0000b774   0x0000b774   0x00000020   Code   RO          418    i.localtime_r       time.o
    0x0000b794   0x0000b794   0x0000000c   Code   RO         2466    i.lock_fs           ff.o
    0x0000b7a0   0x0000b7a0   0x00000140   Code   RO         2002    i.ls                dfs_file.o
    0x0000b8e0   0x0000b8e0   0x00000092   Code   RO         1653    i.lseek             dfs_posix.o
    0x0000b972   0x0000b972   0x0000001e   Code   RO         7166    i.lwip_htonl        def.o
    0x0000b990   0x0000b990   0x00000012   Code   RO         7167    i.lwip_htons        def.o
    0x0000b9a2   0x0000b9a2   0x00000002   PAD
    0x0000b9a4   0x0000b9a4   0x00000084   Code   RO         5359    i.lwip_init         init.o
    0x0000ba28   0x0000ba28   0x00000068   Code   RO         6307    i.lwip_standard_chksum  inet_chksum.o
    0x0000ba90   0x0000ba90   0x0000018c   Code   RO         6578    i.lwip_system_init  sys_arch.o
    0x0000bc1c   0x0000bc1c   0x00000022   Code   RO         8795    i.mDelayuS          ch57x_sys.o
    0x0000bc3e   0x0000bc3e   0x00000002   PAD
    0x0000bc40   0x0000bc40   0x00000028   Code   RO            3    i.main              main.o
    0x0000bc68   0x0000bc68   0x0000000e   Code   RO         4415    i.main_thread_entry  components.o
    0x0000bc76   0x0000bc76   0x0000000c   Code   RO         6580    i.mem_free          sys_arch.o
    0x0000bc82   0x0000bc82   0x00000002   Code   RO         6581    i.mem_init          sys_arch.o
    0x0000bc84   0x0000bc84   0x0000000c   Code   RO         6582    i.mem_malloc        sys_arch.o
    0x0000bc90   0x0000bc90   0x00000002   Code   RO         6583    i.mem_trim          sys_arch.o
    0x0000bc92   0x0000bc92   0x00000002   PAD
    0x0000bc94   0x0000bc94   0x00000090   Code   RO         5686    i.memp_free         memp.o
    0x0000bd24   0x0000bd24   0x00000020   Code   RO         5688    i.memp_init         memp.o
    0x0000bd44   0x0000bd44   0x0000003e   Code   RO         5689    i.memp_init_pool    memp.o
    0x0000bd82   0x0000bd82   0x00000002   PAD
    0x0000bd84   0x0000bd84   0x00000094   Code   RO         5690    i.memp_malloc_fn    memp.o
    0x0000be18   0x0000be18   0x00000088   Code   RO         5692    i.memp_overflow_check_element_overflow  memp.o
    0x0000bea0   0x0000bea0   0x00000084   Code   RO         5693    i.memp_overflow_check_element_underflow  memp.o
    0x0000bf24   0x0000bf24   0x00000028   Code   RO         5694    i.memp_overflow_init_element  memp.o
    0x0000bf4c   0x0000bf4c   0x00000068   Code   RO         1654    i.mkdir             dfs_posix.o
    0x0000bfb4   0x0000bfb4   0x0000001c   Code   RO          419    i.mktime            time.o
    0x0000bfd0   0x0000bfd0   0x00000344   Code   RO         2467    i.mount_volume      ff.o
    0x0000c314   0x0000c314   0x00000036   Code   RO         2468    i.move_window       ff.o
    0x0000c34a   0x0000c34a   0x00000002   PAD
    0x0000c34c   0x0000c34c   0x000000b0   Code   RO         2975    i.msh_auto_complete  msh.o
    0x0000c3fc   0x0000c3fc   0x000001b4   Code   RO         2976    i.msh_auto_complete_path  msh.o
    0x0000c5b0   0x0000c5b0   0x00000080   Code   RO         2977    i.msh_exec          msh.o
    0x0000c630   0x0000c630   0x00000144   Code   RO         3053    i.msh_exec_script   msh_file.o
    0x0000c774   0x0000c774   0x00000040   Code   RO         2978    i.msh_get_cmd       msh.o
    0x0000c7b4   0x0000c7b4   0x00000064   Code   RO         2979    i.msh_help          msh.o
    0x0000c818   0x0000c818   0x0000007a   Code   RO         3054    i.msh_readline      msh_file.o
    0x0000c892   0x0000c892   0x00000002   PAD
    0x0000c894   0x0000c894   0x000000f8   Code   RO         2980    i.msh_split         msh.o
    0x0000c98c   0x0000c98c   0x00000030   Code   RO         8106    i.netdev_auto_change_default  netdev.o
    0x0000c9bc   0x0000c9bc   0x000000bc   Code   RO         8107    i.netdev_cmd_netstat  netdev.o
    0x0000ca78   0x0000ca78   0x00000374   Code   RO         8108    i.netdev_cmd_ping   netdev.o
    0x0000cdec   0x0000cdec   0x00000088   Code   RO         8110    i.netdev_dns        netdev.o
    0x0000ce74   0x0000ce74   0x0000006c   Code   RO         8112    i.netdev_get_by_name  netdev.o
    0x0000cee0   0x0000cee0   0x00000050   Code   RO         8113    i.netdev_get_first_by_flags  netdev.o
    0x0000cf30   0x0000cf30   0x0000008c   Code   RO         8114    i.netdev_ifconfig   netdev.o
    0x0000cfbc   0x0000cfbc   0x00000198   Code   RO         8332    i.netdev_ip4addr_aton  netdev_ipaddr.o
    0x0000d154   0x0000d154   0x00000014   Code   RO         8333    i.netdev_ip4addr_ntoa  netdev_ipaddr.o
    0x0000d168   0x0000d168   0x000000a2   Code   RO         8334    i.netdev_ip4addr_ntoa_r  netdev_ipaddr.o
    0x0000d20a   0x0000d20a   0x00000002   PAD
    0x0000d20c   0x0000d20c   0x000000bc   Code   RO         8115    i.netdev_list_dns   netdev.o
    0x0000d2c8   0x0000d2c8   0x000002fc   Code   RO         8116    i.netdev_list_if    netdev.o
    0x0000d5c4   0x0000d5c4   0x00000030   Code   RO         8119    i.netdev_low_level_set_gw  netdev.o
    0x0000d5f4   0x0000d5f4   0x00000030   Code   RO         8121    i.netdev_low_level_set_ipaddr  netdev.o
    0x0000d624   0x0000d624   0x00000052   Code   RO         8122    i.netdev_low_level_set_link_status  netdev.o
    0x0000d676   0x0000d676   0x00000030   Code   RO         8123    i.netdev_low_level_set_netmask  netdev.o
    0x0000d6a6   0x0000d6a6   0x0000004a   Code   RO         8124    i.netdev_low_level_set_status  netdev.o
    0x0000d6f0   0x0000d6f0   0x00000034   Code   RO         8125    i.netdev_netstat    netdev.o
    0x0000d724   0x0000d724   0x0000006c   Code   RO         8126    i.netdev_ping       netdev.o
    0x0000d790   0x0000d790   0x00000024   Code   RO         8129    i.netdev_set_default  netdev.o
    0x0000d7b4   0x0000d7b4   0x000000a8   Code   RO         8130    i.netdev_set_dns    netdev.o
    0x0000d85c   0x0000d85c   0x00000034   Code   RO         8131    i.netdev_set_dns_server  netdev.o
    0x0000d890   0x0000d890   0x0000003e   Code   RO         8133    i.netdev_set_gw     netdev.o
    0x0000d8ce   0x0000d8ce   0x00000002   PAD
    0x0000d8d0   0x0000d8d0   0x00000098   Code   RO         8134    i.netdev_set_if     netdev.o
    0x0000d968   0x0000d968   0x0000003e   Code   RO         8135    i.netdev_set_ipaddr  netdev.o
    0x0000d9a6   0x0000d9a6   0x0000003e   Code   RO         8136    i.netdev_set_netmask  netdev.o
    0x0000d9e4   0x0000d9e4   0x000000dc   Code   RO         4713    i.netif_add         netif.o
    0x0000dac0   0x0000dac0   0x00000030   Code   RO         6584    i.netif_device_init  sys_arch.o
    0x0000daf0   0x0000daf0   0x00000002   Code   RO         4715    i.netif_init        netif.o
    0x0000daf2   0x0000daf2   0x0000002a   Code   RO         4717    i.netif_issue_reports  netif.o
    0x0000db1c   0x0000db1c   0x00000048   Code   RO         4719    i.netif_set_addr    netif.o
    0x0000db64   0x0000db64   0x0000000c   Code   RO         4720    i.netif_set_default  netif.o
    0x0000db70   0x0000db70   0x00000026   Code   RO         4722    i.netif_set_gw      netif.o
    0x0000db96   0x0000db96   0x00000002   PAD
    0x0000db98   0x0000db98   0x0000007c   Code   RO         4723    i.netif_set_ipaddr  netif.o
    0x0000dc14   0x0000dc14   0x0000003c   Code   RO         4725    i.netif_set_link_down  netif.o
    0x0000dc50   0x0000dc50   0x00000050   Code   RO         4726    i.netif_set_link_up  netif.o
    0x0000dca0   0x0000dca0   0x00000026   Code   RO         4727    i.netif_set_netmask  netif.o
    0x0000dcc6   0x0000dcc6   0x00000052   Code   RO         4729    i.netif_set_up      netif.o
    0x0000dd18   0x0000dd18   0x0000001e   Code   RO         5141    i.netifapi_do_netif_common  netifapi.o
    0x0000dd36   0x0000dd36   0x00000012   Code   RO         5142    i.netifapi_do_netif_set_addr  netifapi.o
    0x0000dd48   0x0000dd48   0x00000024   Code   RO         5144    i.netifapi_netif_common  netifapi.o
    0x0000dd6c   0x0000dd6c   0x00000040   Code   RO         5145    i.netifapi_netif_set_addr  netifapi.o
    0x0000ddac   0x0000ddac   0x00000020   Code   RO          420    i.num2str           time.o
    0x0000ddcc   0x0000ddcc   0x0000001c   Code   RO         3160    i.object_split      cmd.o
    0x0000dde8   0x0000dde8   0x00000058   Code   RO         1655    i.open              dfs_posix.o
    0x0000de40   0x0000de40   0x00000080   Code   RO         1656    i.opendir           dfs_posix.o
    0x0000dec0   0x0000dec0   0x0000043c   Code   RO         7000    i.pbuf_alloc        pbuf.o
    0x0000e2fc   0x0000e2fc   0x00000138   Code   RO         7001    i.pbuf_cat          pbuf.o
    0x0000e434   0x0000e434   0x00000016   Code   RO         7002    i.pbuf_chain        pbuf.o
    0x0000e44a   0x0000e44a   0x00000012   Code   RO         7003    i.pbuf_clen         pbuf.o
    0x0000e45c   0x0000e45c   0x00000228   Code   RO         7005    i.pbuf_copy         pbuf.o
    0x0000e684   0x0000e684   0x00000138   Code   RO         7006    i.pbuf_copy_partial  pbuf.o
    0x0000e7bc   0x0000e7bc   0x0000014c   Code   RO         7008    i.pbuf_free         pbuf.o
    0x0000e908   0x0000e908   0x0000004c   Code   RO         7009    i.pbuf_free_ooseq   pbuf.o
    0x0000e954   0x0000e954   0x0000000a   Code   RO         7010    i.pbuf_free_ooseq_callback  pbuf.o
    0x0000e95e   0x0000e95e   0x00000012   Code   RO         7012    i.pbuf_header       pbuf.o
    0x0000e970   0x0000e970   0x00000012   Code   RO         7013    i.pbuf_header_force  pbuf.o
    0x0000e982   0x0000e982   0x00000002   PAD
    0x0000e984   0x0000e984   0x00000154   Code   RO         7014    i.pbuf_header_impl  pbuf.o
    0x0000ead8   0x0000ead8   0x0000005c   Code   RO         7017    i.pbuf_pool_is_empty  pbuf.o
    0x0000eb34   0x0000eb34   0x0000002c   Code   RO         7018    i.pbuf_put_at       pbuf.o
    0x0000eb60   0x0000eb60   0x000001c0   Code   RO         7019    i.pbuf_realloc      pbuf.o
    0x0000ed20   0x0000ed20   0x00000090   Code   RO         7020    i.pbuf_ref          pbuf.o
    0x0000edb0   0x0000edb0   0x00000018   Code   RO         7021    i.pbuf_skip         pbuf.o
    0x0000edc8   0x0000edc8   0x00000026   Code   RO         7022    i.pbuf_skip_const   pbuf.o
    0x0000edee   0x0000edee   0x00000002   PAD
    0x0000edf0   0x0000edf0   0x000001c4   Code   RO         7024    i.pbuf_take         pbuf.o
    0x0000efb4   0x0000efb4   0x00000078   Code   RO         7025    i.pbuf_take_at      pbuf.o
    0x0000f02c   0x0000f02c   0x00000090   Code   RO         2469    i.pick_lfn          ff.o
    0x0000f0bc   0x0000f0bc   0x0000006a   Code   RO         3683    i.plug_holes        mem.o
    0x0000f126   0x0000f126   0x00000002   PAD
    0x0000f128   0x0000f128   0x00000194   Code   RO         4177    i.print_number      kservice.o
    0x0000f2bc   0x0000f2bc   0x00000188   Code   RO         2470    i.put_fat           ff.o
    0x0000f444   0x0000f444   0x00000080   Code   RO         2471    i.put_lfn           ff.o
    0x0000f4c4   0x0000f4c4   0x00000042   Code   RO         2472    i.put_utf           ff.o
    0x0000f506   0x0000f506   0x00000002   PAD
    0x0000f508   0x0000f508   0x000000e8   Code   RO         5937    i.raw_input         raw.o
    0x0000f5f0   0x0000f5f0   0x00000034   Code   RO         5938    i.raw_input_match   raw.o
    0x0000f624   0x0000f624   0x00000038   Code   RO         5939    i.raw_netif_ip_addr_changed  raw.o
    0x0000f65c   0x0000f65c   0x0000004a   Code   RO         1657    i.read              dfs_posix.o
    0x0000f6a6   0x0000f6a6   0x00000002   PAD
    0x0000f6a8   0x0000f6a8   0x0000009c   Code   RO         1658    i.readdir           dfs_posix.o
    0x0000f744   0x0000f744   0x00000194   Code   RO            4    i.readwrite         main.o
    0x0000f8d8   0x0000f8d8   0x0000000c   Code   RO         1604    i.reboot            board.o
    0x0000f8e4   0x0000f8e4   0x0000009e   Code   RO         2473    i.remove_chain      ff.o
    0x0000f982   0x0000f982   0x00000024   Code   RO         1659    i.rename            dfs_posix.o
    0x0000f9a6   0x0000f9a6   0x0000003c   Code   RO         1660    i.rewinddir         dfs_posix.o
    0x0000f9e2   0x0000f9e2   0x0000017e   Code   RO         7672    i.root_hub_ctrl     hub.o
    0x0000fb60   0x0000fb60   0x00000030   Code   RO         4416    i.rt_application_init  components.o
    0x0000fb90   0x0000fb90   0x00000028   Code   RO         4178    i.rt_calloc         kservice.o
    0x0000fbb8   0x0000fbb8   0x0000004a   Code   RO          922    i.rt_completion_done  completion.o
    0x0000fc02   0x0000fc02   0x0000001e   Code   RO          923    i.rt_completion_init  completion.o
    0x0000fc20   0x0000fc20   0x0000007e   Code   RO          924    i.rt_completion_wait  completion.o
    0x0000fc9e   0x0000fc9e   0x00000002   PAD
    0x0000fca0   0x0000fca0   0x0000001c   Code   RO         4417    i.rt_components_board_init  components.o
    0x0000fcbc   0x0000fcbc   0x0000001c   Code   RO         4418    i.rt_components_init  components.o
    0x0000fcd8   0x0000fcd8   0x0000000c   Code   RO         4179    i.rt_console_get_device  kservice.o
    0x0000fce4   0x0000fce4   0x00000040   Code   RO         4180    i.rt_console_set_device  kservice.o
    0x0000fd24   0x0000fd24   0x00000040   Code   RO         3870    i.rt_defunct_execute  idle.o
    0x0000fd64   0x0000fd64   0x00000040   Code   RO         3916    i.rt_device_close   device.o
    0x0000fda4   0x0000fda4   0x00000020   Code   RO         3917    i.rt_device_control  device.o
    0x0000fdc4   0x0000fdc4   0x0000000e   Code   RO         3920    i.rt_device_find    device.o
    0x0000fdd2   0x0000fdd2   0x00000002   PAD
    0x0000fdd4   0x0000fdd4   0x00000074   Code   RO         3921    i.rt_device_init    device.o
    0x0000fe48   0x0000fe48   0x000000c4   Code   RO         3922    i.rt_device_open    device.o
    0x0000ff0c   0x0000ff0c   0x00000048   Code   RO          629    i.rt_device_pin_register  pin.o
    0x0000ff54   0x0000ff54   0x0000003c   Code   RO         3923    i.rt_device_read    device.o
    0x0000ff90   0x0000ff90   0x00000036   Code   RO         3924    i.rt_device_register  device.o
    0x0000ffc6   0x0000ffc6   0x00000008   Code   RO         3925    i.rt_device_set_rx_indicate  device.o
    0x0000ffce   0x0000ffce   0x0000000e   Code   RO         3927    i.rt_device_unregister  device.o
    0x0000ffdc   0x0000ffdc   0x0000003c   Code   RO         3928    i.rt_device_write   device.o
    0x00010018   0x00010018   0x00000020   Code   RO         4002    i.rt_enter_critical  scheduler.o
    0x00010038   0x00010038   0x00000048   Code   RO         4003    i.rt_exit_critical  scheduler.o
    0x00010080   0x00010080   0x00000018   Code   RO         4181    i.rt_free           kservice.o
    0x00010098   0x00010098   0x00000094   Code   RO         1605    i.rt_hw_board_init  board.o
    0x0001012c   0x0001012c   0x00000002   Code   RO         4184    i.rt_hw_console_output  kservice.o
    0x0001012e   0x0001012e   0x00000002   PAD
    0x00010130   0x00010130   0x00000010   Code   RO          598    i.rt_hw_cpu_reset   cpuport.o
    0x00010140   0x00010140   0x000000f4   Code   RO          599    i.rt_hw_hard_fault_exception  cpuport.o
    0x00010234   0x00010234   0x000000d0   Code   RO          789    i.rt_hw_serial_isr  serial.o
    0x00010304   0x00010304   0x00000058   Code   RO          790    i.rt_hw_serial_register  serial.o
    0x0001035c   0x0001035c   0x00000040   Code   RO          600    i.rt_hw_stack_init  cpuport.o
    0x0001039c   0x0001039c   0x0000005c   Code   RO         1535    i.rt_hw_uart_init   drv_uart.o
    0x000103f8   0x000103f8   0x00000088   Code   RO         1476    i.rt_hw_usbh_init   drv_usbh.o
    0x00010480   0x00010480   0x00000020   Code   RO         3843    i.rt_interrupt_enter  irq.o
    0x000104a0   0x000104a0   0x0000001c   Code   RO         3844    i.rt_interrupt_get_nest  irq.o
    0x000104bc   0x000104bc   0x00000020   Code   RO         3845    i.rt_interrupt_leave  irq.o
    0x000104dc   0x000104dc   0x00000050   Code   RO         4185    i.rt_kprintf        kservice.o
    0x0001052c   0x0001052c   0x00000006   Code   RO          953    i.rt_list_init      workqueue.o
    0x00010532   0x00010532   0x00000006   Code   RO         3267    i.rt_list_init      ipc.o
    0x00010538   0x00010538   0x00000006   Code   RO         4067    i.rt_list_init      timer.o
    0x0001053e   0x0001053e   0x0000000e   Code   RO         3762    i.rt_list_insert_after  object.o
    0x0001054c   0x0001054c   0x0000000e   Code   RO         4068    i.rt_list_insert_after  timer.o
    0x0001055a   0x0001055a   0x0000000e   Code   RO         3268    i.rt_list_insert_before  ipc.o
    0x00010568   0x00010568   0x00000010   Code   RO          955    i.rt_list_isempty   workqueue.o
    0x00010578   0x00010578   0x00000010   Code   RO         3161    i.rt_list_isempty   cmd.o
    0x00010588   0x00010588   0x00000010   Code   RO         3269    i.rt_list_isempty   ipc.o
    0x00010598   0x00010598   0x00000010   Code   RO         4069    i.rt_list_isempty   timer.o
    0x000105a8   0x000105a8   0x00000014   Code   RO         3162    i.rt_list_len       cmd.o
    0x000105bc   0x000105bc   0x00000012   Code   RO          956    i.rt_list_remove    workqueue.o
    0x000105ce   0x000105ce   0x00000012   Code   RO         3511    i.rt_list_remove    thread.o
    0x000105e0   0x000105e0   0x00000012   Code   RO         3763    i.rt_list_remove    object.o
    0x000105f2   0x000105f2   0x00000012   Code   RO         4070    i.rt_list_remove    timer.o
    0x00010604   0x00010604   0x00000024   Code   RO         4187    i.rt_malloc         kservice.o
    0x00010628   0x00010628   0x00000052   Code   RO         3271    i.rt_mb_create      ipc.o
    0x0001067a   0x0001067a   0x00000036   Code   RO         3274    i.rt_mb_init        ipc.o
    0x000106b0   0x000106b0   0x00000104   Code   RO         3275    i.rt_mb_recv        ipc.o
    0x000107b4   0x000107b4   0x00000012   Code   RO         3276    i.rt_mb_send        ipc.o
    0x000107c6   0x000107c6   0x00000002   PAD
    0x000107c8   0x000107c8   0x00000118   Code   RO         3277    i.rt_mb_send_wait   ipc.o
    0x000108e0   0x000108e0   0x00000026   Code   RO         4189    i.rt_memcmp         kservice.o
    0x00010906   0x00010906   0x0000005e   Code   RO         4190    i.rt_memcpy         kservice.o
    0x00010964   0x00010964   0x00000042   Code   RO         4191    i.rt_memmove        kservice.o
    0x000109a6   0x000109a6   0x00000002   PAD
    0x000109a8   0x000109a8   0x00000048   Code   RO         4192    i.rt_memory_info    kservice.o
    0x000109f0   0x000109f0   0x0000004c   Code   RO         4193    i.rt_memset         kservice.o
    0x00010a3c   0x00010a3c   0x00000084   Code   RO         3280    i.rt_mq_create      ipc.o
    0x00010ac0   0x00010ac0   0x0000012c   Code   RO         3284    i.rt_mq_recv        ipc.o
    0x00010bec   0x00010bec   0x00000016   Code   RO         3285    i.rt_mq_send        ipc.o
    0x00010c02   0x00010c02   0x00000002   PAD
    0x00010c04   0x00010c04   0x00000138   Code   RO         3286    i.rt_mq_send_wait   ipc.o
    0x00010d3c   0x00010d3c   0x00000036   Code   RO         3289    i.rt_mutex_create   ipc.o
    0x00010d72   0x00010d72   0x00000016   Code   RO         3290    i.rt_mutex_delete   ipc.o
    0x00010d88   0x00010d88   0x00000030   Code   RO         3292    i.rt_mutex_init     ipc.o
    0x00010db8   0x00010db8   0x000000c4   Code   RO         3293    i.rt_mutex_release  ipc.o
    0x00010e7c   0x00010e7c   0x000000dc   Code   RO         3294    i.rt_mutex_take     ipc.o
    0x00010f58   0x00010f58   0x00000050   Code   RO         3764    i.rt_object_allocate  object.o
    0x00010fa8   0x00010fa8   0x00000024   Code   RO         3765    i.rt_object_delete  object.o
    0x00010fcc   0x00010fcc   0x0000001e   Code   RO         3766    i.rt_object_detach  object.o
    0x00010fea   0x00010fea   0x00000056   Code   RO         3767    i.rt_object_find    object.o
    0x00011040   0x00011040   0x00000024   Code   RO         3768    i.rt_object_get_information  object.o
    0x00011064   0x00011064   0x00000054   Code   RO         3772    i.rt_object_init    object.o
    0x000110b8   0x000110b8   0x00000014   Code   RO         3773    i.rt_object_is_systemobject  object.o
    0x000110cc   0x000110cc   0x00000028   Code   RO         4194    i.rt_realloc        kservice.o
    0x000110f4   0x000110f4   0x00000120   Code   RO         4004    i.rt_schedule       scheduler.o
    0x00011214   0x00011214   0x00000074   Code   RO         4005    i.rt_schedule_insert_thread  scheduler.o
    0x00011288   0x00011288   0x00000058   Code   RO         4006    i.rt_schedule_remove_thread  scheduler.o
    0x000112e0   0x000112e0   0x00000028   Code   RO         3297    i.rt_sem_create     ipc.o
    0x00011308   0x00011308   0x00000016   Code   RO         3298    i.rt_sem_delete     ipc.o
    0x0001131e   0x0001131e   0x00000016   Code   RO         3299    i.rt_sem_detach     ipc.o
    0x00011334   0x00011334   0x00000022   Code   RO         3300    i.rt_sem_init       ipc.o
    0x00011356   0x00011356   0x00000002   PAD
    0x00011358   0x00011358   0x00000058   Code   RO         3301    i.rt_sem_release    ipc.o
    0x000113b0   0x000113b0   0x00000078   Code   RO         3302    i.rt_sem_take       ipc.o
    0x00011428   0x00011428   0x0000000e   Code   RO         3303    i.rt_sem_trytake    ipc.o
    0x00011436   0x00011436   0x00000088   Code   RO          791    i.rt_serial_close   serial.o
    0x000114be   0x000114be   0x00000086   Code   RO          792    i.rt_serial_control  serial.o
    0x00011544   0x00011544   0x00000028   Code   RO          793    i.rt_serial_init    serial.o
    0x0001156c   0x0001156c   0x00000164   Code   RO          794    i.rt_serial_open    serial.o
    0x000116d0   0x000116d0   0x00000076   Code   RO          795    i.rt_serial_read    serial.o
    0x00011746   0x00011746   0x00000072   Code   RO          796    i.rt_serial_write   serial.o
    0x000117b8   0x000117b8   0x0000002c   Code   RO         4195    i.rt_set_errno      kservice.o
    0x000117e4   0x000117e4   0x000000c4   Code   RO         4196    i.rt_show_version   kservice.o
    0x000118a8   0x000118a8   0x00000006   Code   RO         8140    i.rt_slist_next     netdev.o
    0x000118ae   0x000118ae   0x000000f4   Code   RO         3684    i.rt_smem_alloc     mem.o
    0x000119a2   0x000119a2   0x0000003c   Code   RO         3686    i.rt_smem_free      mem.o
    0x000119de   0x000119de   0x00000002   PAD
    0x000119e0   0x000119e0   0x000000fc   Code   RO         3687    i.rt_smem_init      mem.o
    0x00011adc   0x00011adc   0x000000e4   Code   RO         3688    i.rt_smem_realloc   mem.o
    0x00011bc0   0x00011bc0   0x00000028   Code   RO         4197    i.rt_snprintf       kservice.o
    0x00011be8   0x00011be8   0x00000078   Code   RO          700    i.rt_soft_rtc_init  soft_rtc.o
    0x00011c60   0x00011c60   0x00000024   Code   RO         4198    i.rt_sprintf        kservice.o
    0x00011c84   0x00011c84   0x0000001e   Code   RO         4200    i.rt_strcmp         kservice.o
    0x00011ca2   0x00011ca2   0x00000028   Code   RO         4202    i.rt_strdup         kservice.o
    0x00011cca   0x00011cca   0x00000012   Code   RO         4203    i.rt_strlen         kservice.o
    0x00011cdc   0x00011cdc   0x0000002a   Code   RO         4204    i.rt_strncmp        kservice.o
    0x00011d06   0x00011d06   0x00000038   Code   RO         4205    i.rt_strncpy        kservice.o
    0x00011d3e   0x00011d3e   0x00000002   PAD
    0x00011d40   0x00011d40   0x00000048   Code   RO         4208    i.rt_system_heap_init  kservice.o
    0x00011d88   0x00011d88   0x00000034   Code   RO         4007    i.rt_system_scheduler_init  scheduler.o
    0x00011dbc   0x00011dbc   0x00000028   Code   RO         4008    i.rt_system_scheduler_start  scheduler.o
    0x00011de4   0x00011de4   0x0000001c   Code   RO         4071    i.rt_system_timer_init  timer.o
    0x00011e00   0x00011e00   0x00000002   Code   RO         4072    i.rt_system_timer_thread_init  timer.o
    0x00011e02   0x00011e02   0x0000008c   Code   RO         3512    i.rt_thread_control  thread.o
    0x00011e8e   0x00011e8e   0x00000050   Code   RO         3513    i.rt_thread_create  thread.o
    0x00011ede   0x00011ede   0x00000002   PAD
    0x00011ee0   0x00011ee0   0x0000003c   Code   RO         3871    i.rt_thread_defunct_dequeue  idle.o
    0x00011f1c   0x00011f1c   0x0000001c   Code   RO         3872    i.rt_thread_defunct_enqueue  idle.o
    0x00011f38   0x00011f38   0x0000000c   Code   RO         3514    i.rt_thread_delay   thread.o
    0x00011f44   0x00011f44   0x0000004a   Code   RO         3516    i.rt_thread_delete  thread.o
    0x00011f8e   0x00011f8e   0x0000004a   Code   RO         3517    i.rt_thread_detach  thread.o
    0x00011fd8   0x00011fd8   0x00000008   Code   RO         3873    i.rt_thread_idle_entry  idle.o
    0x00011fe0   0x00011fe0   0x00000064   Code   RO         3875    i.rt_thread_idle_init  idle.o
    0x00012044   0x00012044   0x0000002c   Code   RO         3519    i.rt_thread_init    thread.o
    0x00012070   0x00012070   0x00000014   Code   RO         3520    i.rt_thread_mdelay  thread.o
    0x00012084   0x00012084   0x0000003c   Code   RO         3521    i.rt_thread_resume  thread.o
    0x000120c0   0x000120c0   0x0000000c   Code   RO         3522    i.rt_thread_self    thread.o
    0x000120cc   0x000120cc   0x00000040   Code   RO         3523    i.rt_thread_sleep   thread.o
    0x0001210c   0x0001210c   0x00000030   Code   RO         3524    i.rt_thread_startup  thread.o
    0x0001213c   0x0001213c   0x00000048   Code   RO         3525    i.rt_thread_suspend  thread.o
    0x00012184   0x00012184   0x0000003e   Code   RO         3724    i.rt_tick_from_millisecond  clock.o
    0x000121c2   0x000121c2   0x00000002   PAD
    0x000121c4   0x000121c4   0x0000000c   Code   RO         3725    i.rt_tick_get       clock.o
    0x000121d0   0x000121d0   0x00000008   Code   RO         3726    i.rt_tick_get_millisecond  clock.o
    0x000121d8   0x000121d8   0x00000050   Code   RO         3727    i.rt_tick_increase  clock.o
    0x00012228   0x00012228   0x000000b0   Code   RO         4073    i.rt_timer_check    timer.o
    0x000122d8   0x000122d8   0x00000060   Code   RO         4074    i.rt_timer_control  timer.o
    0x00012338   0x00012338   0x00000028   Code   RO         4077    i.rt_timer_detach   timer.o
    0x00012360   0x00012360   0x00000026   Code   RO         4078    i.rt_timer_init     timer.o
    0x00012386   0x00012386   0x00000002   PAD
    0x00012388   0x00012388   0x00000108   Code   RO         4080    i.rt_timer_start    timer.o
    0x00012490   0x00012490   0x00000030   Code   RO         4081    i.rt_timer_stop     timer.o
    0x000124c0   0x000124c0   0x0000002e   Code   RO         8006    i.rt_udisk_control  udisk.o
    0x000124ee   0x000124ee   0x00000006   Code   RO         8007    i.rt_udisk_init     udisk.o
    0x000124f4   0x000124f4   0x00000068   Code   RO         8008    i.rt_udisk_read     udisk.o
    0x0001255c   0x0001255c   0x00000498   Code   RO         8009    i.rt_udisk_run      udisk.o
    0x000129f4   0x000129f4   0x00000050   Code   RO         8010    i.rt_udisk_stop     udisk.o
    0x00012a44   0x00012a44   0x00000078   Code   RO         8011    i.rt_udisk_write    udisk.o
    0x00012abc   0x00012abc   0x000001d0   Code   RO         7804    i.rt_usb_bulk_only_xfer  mass.o
    0x00012c8c   0x00012c8c   0x00000042   Code   RO         7910    i.rt_usb_hcd_alloc_pipe  usbhost_core.o
    0x00012cce   0x00012cce   0x00000018   Code   RO         7911    i.rt_usb_hcd_free_pipe  usbhost_core.o
    0x00012ce6   0x00012ce6   0x00000056   Code   RO         7912    i.rt_usb_hcd_pipe_xfer  usbhost_core.o
    0x00012d3c   0x00012d3c   0x0000001e   Code   RO         7673    i.rt_usb_hcd_setup_xfer  hub.o
    0x00012d5a   0x00012d5a   0x0000001e   Code   RO         7805    i.rt_usb_hcd_setup_xfer  mass.o
    0x00012d78   0x00012d78   0x0000001e   Code   RO         7913    i.rt_usb_hcd_setup_xfer  usbhost_core.o
    0x00012d96   0x00012d96   0x00000002   PAD
    0x00012d98   0x00012d98   0x00000074   Code   RO         7791    i.rt_usb_host_init  usbhost.o
    0x00012e0c   0x00012e0c   0x00000022   Code   RO         7806    i.rt_usb_instance_find_pipe  mass.o
    0x00012e2e   0x00012e2e   0x00000002   PAD
    0x00012e30   0x00012e30   0x0000009c   Code   RO         7914    i.rt_usbh_alloc_instance  usbhost_core.o
    0x00012ecc   0x00012ecc   0x000003fc   Code   RO         7915    i.rt_usbh_attatch_instance  usbhost_core.o
    0x000132c8   0x000132c8   0x00000016   Code   RO         8059    i.rt_usbh_class_driver_disable  driver.o
    0x000132de   0x000132de   0x00000016   Code   RO         8060    i.rt_usbh_class_driver_enable  driver.o
    0x000132f4   0x000132f4   0x0000004c   Code   RO         8061    i.rt_usbh_class_driver_find  driver.o
    0x00013340   0x00013340   0x00000020   Code   RO         7674    i.rt_usbh_class_driver_hub  hub.o
    0x00013360   0x00013360   0x00000010   Code   RO         8062    i.rt_usbh_class_driver_init  driver.o
    0x00013370   0x00013370   0x00000024   Code   RO         8063    i.rt_usbh_class_driver_register  driver.o
    0x00013394   0x00013394   0x00000020   Code   RO         7807    i.rt_usbh_class_driver_storage  mass.o
    0x000133b4   0x000133b4   0x00000036   Code   RO         7916    i.rt_usbh_clear_feature  usbhost_core.o
    0x000133ea   0x000133ea   0x00000002   PAD
    0x000133ec   0x000133ec   0x000000d0   Code   RO         7917    i.rt_usbh_detach_instance  usbhost_core.o
    0x000134bc   0x000134bc   0x00000018   Code   RO         7675    i.rt_usbh_event_signal  hub.o
    0x000134d4   0x000134d4   0x0000005e   Code   RO         7918    i.rt_usbh_get_descriptor  usbhost_core.o
    0x00013532   0x00013532   0x00000002   PAD
    0x00013534   0x00013534   0x0000008c   Code   RO         7919    i.rt_usbh_get_endpoint_descriptor  usbhost_core.o
    0x000135c0   0x000135c0   0x0000008c   Code   RO         7920    i.rt_usbh_get_interface_descriptor  usbhost_core.o
    0x0001364c   0x0001364c   0x0000004e   Code   RO         7676    i.rt_usbh_hub_clear_port_feature  hub.o
    0x0001369a   0x0001369a   0x0000003a   Code   RO         7677    i.rt_usbh_hub_disable  hub.o
    0x000136d4   0x000136d4   0x000001cc   Code   RO         7678    i.rt_usbh_hub_enable  hub.o
    0x000138a0   0x000138a0   0x0000004c   Code   RO         7679    i.rt_usbh_hub_get_descriptor  hub.o
    0x000138ec   0x000138ec   0x00000064   Code   RO         7680    i.rt_usbh_hub_get_port_status  hub.o
    0x00013950   0x00013950   0x0000005c   Code   RO         7682    i.rt_usbh_hub_init  hub.o
    0x000139ac   0x000139ac   0x00000030   Code   RO         7683    i.rt_usbh_hub_irq   hub.o
    0x000139dc   0x000139dc   0x000000f6   Code   RO         7684    i.rt_usbh_hub_port_change  hub.o
    0x00013ad2   0x00013ad2   0x00000062   Code   RO         7685    i.rt_usbh_hub_port_debounce  hub.o
    0x00013b34   0x00013b34   0x0000005c   Code   RO         7686    i.rt_usbh_hub_reset_port  hub.o
    0x00013b90   0x00013b90   0x0000004e   Code   RO         7687    i.rt_usbh_hub_set_port_feature  hub.o
    0x00013bde   0x00013bde   0x00000002   PAD
    0x00013be0   0x00013be0   0x00000044   Code   RO         7688    i.rt_usbh_hub_thread_entry  hub.o
    0x00013c24   0x00013c24   0x00000070   Code   RO         7689    i.rt_usbh_root_hub_connect_handler  hub.o
    0x00013c94   0x00013c94   0x0000004a   Code   RO         7690    i.rt_usbh_root_hub_disconnect_handler  hub.o
    0x00013cde   0x00013cde   0x00000052   Code   RO         7921    i.rt_usbh_set_address  usbhost_core.o
    0x00013d30   0x00013d30   0x0000004a   Code   RO         7922    i.rt_usbh_set_configure  usbhost_core.o
    0x00013d7a   0x00013d7a   0x0000001c   Code   RO         7808    i.rt_usbh_storage_disable  mass.o
    0x00013d96   0x00013d96   0x00000002   PAD
    0x00013d98   0x00013d98   0x00000130   Code   RO         7809    i.rt_usbh_storage_enable  mass.o
    0x00013ec8   0x00013ec8   0x00000080   Code   RO         7810    i.rt_usbh_storage_get_capacity  mass.o
    0x00013f48   0x00013f48   0x000000a0   Code   RO         7811    i.rt_usbh_storage_get_max_lun  mass.o
    0x00013fe8   0x00013fe8   0x00000084   Code   RO         7812    i.rt_usbh_storage_inquiry  mass.o
    0x0001406c   0x0001406c   0x000000a8   Code   RO         7813    i.rt_usbh_storage_read10  mass.o
    0x00014114   0x00014114   0x00000084   Code   RO         7814    i.rt_usbh_storage_request_sense  mass.o
    0x00014198   0x00014198   0x00000084   Code   RO         7815    i.rt_usbh_storage_reset  mass.o
    0x0001421c   0x0001421c   0x0000007c   Code   RO         7816    i.rt_usbh_storage_test_unit_ready  mass.o
    0x00014298   0x00014298   0x000000a8   Code   RO         7817    i.rt_usbh_storage_write10  mass.o
    0x00014340   0x00014340   0x0000037c   Code   RO         4209    i.rt_vsnprintf      kservice.o
    0x000146bc   0x000146bc   0x00000016   Code   RO         4210    i.rt_vsprintf       kservice.o
    0x000146d2   0x000146d2   0x00000002   PAD
    0x000146d4   0x000146d4   0x00000034   Code   RO          959    i.rt_work_sys_workqueue_init  workqueue.o
    0x00014708   0x00014708   0x00000070   Code   RO          963    i.rt_workqueue_create  workqueue.o
    0x00014778   0x00014778   0x00000004   Code   RO         4419    i.rti_board_end     components.o
    0x0001477c   0x0001477c   0x00000004   Code   RO         4420    i.rti_board_start   components.o
    0x00014780   0x00014780   0x00000004   Code   RO         4421    i.rti_end           components.o
    0x00014784   0x00014784   0x00000004   Code   RO         4422    i.rti_start         components.o
    0x00014788   0x00014788   0x0000002a   Code   RO         4423    i.rtthread_startup  components.o
    0x000147b2   0x000147b2   0x00000002   PAD
    0x000147b4   0x000147b4   0x00000060   Code   RO          731    i.set_date          rtc.o
    0x00014814   0x00014814   0x00000054   Code   RO          732    i.set_time          rtc.o
    0x00014868   0x00014868   0x00000030   Code   RO         2871    i.shell_auto_complete  shell.o
    0x00014898   0x00014898   0x00000034   Code   RO         2872    i.shell_handle_history  shell.o
    0x000148cc   0x000148cc   0x000000e0   Code   RO         2873    i.shell_push_history  shell.o
    0x000149ac   0x000149ac   0x00000038   Code   RO         3163    i.show_wait_queue   cmd.o
    0x000149e4   0x000149e4   0x00000024   Code   RO         4211    i.skip_atoi         kservice.o
    0x00014a08   0x00014a08   0x00000070   Code   RO          701    i.soft_rtc_control  soft_rtc.o
    0x00014a78   0x00014a78   0x00000024   Code   RO         2474    i.st_clust          ff.o
    0x00014a9c   0x00014a9c   0x00000018   Code   RO         2475    i.st_dword          ff.o
    0x00014ab4   0x00014ab4   0x0000000c   Code   RO         2476    i.st_word           ff.o
    0x00014ac0   0x00014ac0   0x00000024   Code   RO         1663    i.stat              dfs_posix.o
    0x00014ae4   0x00014ae4   0x00000024   Code   RO         2981    i.str_common        msh.o
    0x00014b08   0x00014b08   0x00000020   Code   RO         2477    i.sum_sfn           ff.o
    0x00014b28   0x00014b28   0x000000a0   Code   RO         2478    i.sync_fs           ff.o
    0x00014bc8   0x00014bc8   0x0000004c   Code   RO         2479    i.sync_window       ff.o
    0x00014c14   0x00014c14   0x00000040   Code   RO         6585    i.sys_arch_assert   sys_arch.o
    0x00014c54   0x00014c54   0x00000046   Code   RO         6586    i.sys_arch_mbox_fetch  sys_arch.o
    0x00014c9a   0x00014c9a   0x00000002   PAD
    0x00014c9c   0x00014c9c   0x0000007c   Code   RO         6814    i.sys_check_timeouts  timeouts.o
    0x00014d18   0x00014d18   0x00000002   Code   RO         6591    i.sys_init          sys_arch.o
    0x00014d1a   0x00014d1a   0x00000002   PAD
    0x00014d1c   0x00014d1c   0x00000054   Code   RO         6594    i.sys_mbox_new      sys_arch.o
    0x00014d70   0x00014d70   0x00000014   Code   RO         6595    i.sys_mbox_post     sys_arch.o
    0x00014d84   0x00014d84   0x0000001a   Code   RO         6597    i.sys_mbox_trypost  sys_arch.o
    0x00014d9e   0x00014d9e   0x00000006   Code   RO         6598    i.sys_mbox_valid    sys_arch.o
    0x00014da4   0x00014da4   0x00000010   Code   RO         6600    i.sys_mutex_lock    sys_arch.o
    0x00014db4   0x00014db4   0x00000048   Code   RO         6601    i.sys_mutex_new     sys_arch.o
    0x00014dfc   0x00014dfc   0x0000000c   Code   RO         6603    i.sys_mutex_unlock  sys_arch.o
    0x00014e08   0x00014e08   0x00000008   Code   RO         6605    i.sys_now           sys_arch.o
    0x00014e10   0x00014e10   0x0000002e   Code   RO         6611    i.sys_thread_new    sys_arch.o
    0x00014e3e   0x00014e3e   0x00000002   PAD
    0x00014e40   0x00014e40   0x0000016c   Code   RO         6816    i.sys_timeout       timeouts.o
    0x00014fac   0x00014fac   0x00000034   Code   RO         6817    i.sys_timeouts_init  timeouts.o
    0x00014fe0   0x00014fe0   0x00000044   Code   RO         6818    i.sys_timeouts_mbox_fetch  timeouts.o
    0x00015024   0x00015024   0x00000038   Code   RO         6819    i.sys_timeouts_sleeptime  timeouts.o
    0x0001505c   0x0001505c   0x0000004c   Code   RO         2480    i.tchar2uni         ff.o
    0x000150a8   0x000150a8   0x00000188   Code   RO         7388    i.tcp_abandon       tcp.o
    0x00015230   0x00015230   0x0000000e   Code   RO         7389    i.tcp_abort         tcp.o
    0x0001523e   0x0001523e   0x00000002   PAD
    0x00015240   0x00015240   0x0000012c   Code   RO         7392    i.tcp_alloc         tcp.o
    0x0001536c   0x0001536c   0x0000001c   Code   RO         7395    i.tcp_close         tcp.o
    0x00015388   0x00015388   0x000001e0   Code   RO         7396    i.tcp_close_shutdown  tcp.o
    0x00015568   0x00015568   0x000000d0   Code   RO         7397    i.tcp_close_shutdown_fin  tcp.o
    0x00015638   0x00015638   0x00000148   Code   RO         6018    i.tcp_create_segment  tcp_out.o
    0x00015780   0x00015780   0x00000034   Code   RO         7400    i.tcp_eff_send_mss_impl  tcp.o
    0x000157b4   0x000157b4   0x000002a0   Code   RO         6019    i.tcp_enqueue_flags  tcp_out.o
    0x00015a54   0x00015a54   0x00000094   Code   RO         7402    i.tcp_fasttmr       tcp.o
    0x00015ae8   0x00015ae8   0x00000058   Code   RO         6386    i.tcp_getoptbyte    tcp_in.o
    0x00015b40   0x00015b40   0x00000002   Code   RO         7403    i.tcp_init          tcp.o
    0x00015b42   0x00015b42   0x00000002   PAD
    0x00015b44   0x00015b44   0x00000868   Code   RO         6387    i.tcp_input         tcp_in.o
    0x000163ac   0x000163ac   0x00000050   Code   RO         6388    i.tcp_input_delayed_close  tcp_in.o
    0x000163fc   0x000163fc   0x00000072   Code   RO         6020    i.tcp_keepalive     tcp_out.o
    0x0001646e   0x0001646e   0x00000002   PAD
    0x00016470   0x00016470   0x00000058   Code   RO         7404    i.tcp_kill_prio     tcp.o
    0x000164c8   0x000164c8   0x000000ac   Code   RO         7405    i.tcp_kill_state    tcp.o
    0x00016574   0x00016574   0x0000003c   Code   RO         7406    i.tcp_kill_timewait  tcp.o
    0x000165b0   0x000165b0   0x000000b0   Code   RO         7407    i.tcp_listen_closed  tcp.o
    0x00016660   0x00016660   0x00000168   Code   RO         6389    i.tcp_listen_input  tcp_in.o
    0x000167c8   0x000167c8   0x00000058   Code   RO         7410    i.tcp_netif_ip_addr_changed  tcp.o
    0x00016820   0x00016820   0x00000026   Code   RO         7411    i.tcp_netif_ip_addr_changed_pcblist  tcp.o
    0x00016846   0x00016846   0x00000002   PAD
    0x00016848   0x00016848   0x00000020   Code   RO         7415    i.tcp_next_iss      tcp.o
    0x00016868   0x00016868   0x000000bc   Code   RO         6390    i.tcp_oos_insert_segment  tcp_in.o
    0x00016924   0x00016924   0x00000390   Code   RO         6021    i.tcp_output        tcp_out.o
    0x00016cb4   0x00016cb4   0x0000011c   Code   RO         6022    i.tcp_output_alloc_header  tcp_out.o
    0x00016dd0   0x00016dd0   0x00000100   Code   RO         6023    i.tcp_output_segment  tcp_out.o
    0x00016ed0   0x00016ed0   0x000000a0   Code   RO         6391    i.tcp_parseopt      tcp_in.o
    0x00016f70   0x00016f70   0x0000004e   Code   RO         7416    i.tcp_pcb_purge     tcp.o
    0x00016fbe   0x00016fbe   0x00000002   PAD
    0x00016fc0   0x00016fc0   0x00000150   Code   RO         7417    i.tcp_pcb_remove    tcp.o
    0x00017110   0x00017110   0x00000708   Code   RO         6392    i.tcp_process       tcp_in.o
    0x00017818   0x00017818   0x000000a4   Code   RO         7419    i.tcp_process_refused_data  tcp.o
    0x000178bc   0x000178bc   0x00000f14   Code   RO         6393    i.tcp_receive       tcp_in.o
    0x000187d0   0x000187d0   0x0000002e   Code   RO         7421    i.tcp_recv_null     tcp.o
    0x000187fe   0x000187fe   0x00000002   PAD
    0x00018800   0x00018800   0x00000114   Code   RO         7422    i.tcp_recved        tcp.o
    0x00018914   0x00018914   0x00000018   Code   RO         7423    i.tcp_remove_listener  tcp.o
    0x0001892c   0x0001892c   0x00000072   Code   RO         6025    i.tcp_rexmit        tcp_out.o
    0x0001899e   0x0001899e   0x00000074   Code   RO         6026    i.tcp_rexmit_fast   tcp_out.o
    0x00018a12   0x00018a12   0x00000046   Code   RO         6027    i.tcp_rexmit_rto    tcp_out.o
    0x00018a58   0x00018a58   0x00000140   Code   RO         6028    i.tcp_rst           tcp_out.o
    0x00018b98   0x00018b98   0x00000064   Code   RO         7424    i.tcp_seg_copy      tcp.o
    0x00018bfc   0x00018bfc   0x0000001e   Code   RO         7425    i.tcp_seg_free      tcp.o
    0x00018c1a   0x00018c1a   0x00000018   Code   RO         7426    i.tcp_segs_free     tcp.o
    0x00018c32   0x00018c32   0x00000094   Code   RO         6029    i.tcp_send_empty_ack  tcp_out.o
    0x00018cc6   0x00018cc6   0x00000060   Code   RO         6030    i.tcp_send_fin      tcp_out.o
    0x00018d26   0x00018d26   0x00000002   PAD
    0x00018d28   0x00018d28   0x00000618   Code   RO         7430    i.tcp_slowtmr       tcp.o
    0x00019340   0x00019340   0x0000003c   Code   RO         6821    i.tcp_timer_needed  timeouts.o
    0x0001937c   0x0001937c   0x000000b4   Code   RO         6394    i.tcp_timewait_input  tcp_in.o
    0x00019430   0x00019430   0x00000024   Code   RO         7431    i.tcp_tmr           tcp.o
    0x00019454   0x00019454   0x00000014   Code   RO         6395    i.tcp_trigger_input_pcb_close  tcp_in.o
    0x00019468   0x00019468   0x000000c0   Code   RO         7433    i.tcp_update_rcv_ann_wnd  tcp.o
    0x00019528   0x00019528   0x00000120   Code   RO         6033    i.tcp_zero_window_probe  tcp_out.o
    0x00019648   0x00019648   0x00000020   Code   RO         5201    i.tcpip_api_call    tcpip.o
    0x00019668   0x00019668   0x000000b8   Code   RO         5202    i.tcpip_callback_with_block  tcpip.o
    0x00019720   0x00019720   0x00000104   Code   RO         5205    i.tcpip_init        tcpip.o
    0x00019824   0x00019824   0x00000108   Code   RO         6612    i.tcpip_init_done_callback  sys_arch.o
    0x0001992c   0x0001992c   0x000000ac   Code   RO         5206    i.tcpip_inpkt       tcpip.o
    0x000199d8   0x000199d8   0x00000034   Code   RO         5207    i.tcpip_input       tcpip.o
    0x00019a0c   0x00019a0c   0x0000003c   Code   RO         6822    i.tcpip_tcp_timer   timeouts.o
    0x00019a48   0x00019a48   0x00000110   Code   RO         5209    i.tcpip_thread      tcpip.o
    0x00019b58   0x00019b58   0x00000026   Code   RO          424    i.time              time.o
    0x00019b7e   0x00019b7e   0x00000002   PAD
    0x00019b80   0x00019b80   0x00000170   Code   RO          425    i.timegm            time.o
    0x00019cf0   0x00019cf0   0x0000000c   Code   RO          426    i.tz_get            time.o
    0x00019cfc   0x00019cfc   0x00000004   Code   RO          427    i.tz_is_dst         time.o
    0x00019d00   0x00019d00   0x00000178   Code   RO         1536    i.uart_configure    drv_uart.o
    0x00019e78   0x00019e78   0x00000084   Code   RO         1537    i.uart_control      drv_uart.o
    0x00019efc   0x00019efc   0x00000044   Code   RO         1538    i.uart_getc         drv_uart.o
    0x00019f40   0x00019f40   0x00000038   Code   RO         1539    i.uart_isr          drv_uart.o
    0x00019f78   0x00019f78   0x00000040   Code   RO         1540    i.uart_putc         drv_uart.o
    0x00019fb8   0x00019fb8   0x00000014   Code   RO         8012    i.udisk_free_id     udisk.o
    0x00019fcc   0x00019fcc   0x00000034   Code   RO         8013    i.udisk_get_id      udisk.o
    0x0001a000   0x0001a000   0x000000ac   Code   RO         6888    i.udp_bind          udp.o
    0x0001a0ac   0x0001a0ac   0x00000002   Code   RO         6891    i.udp_init          udp.o
    0x0001a0ae   0x0001a0ae   0x00000002   PAD
    0x0001a0b0   0x0001a0b0   0x000001fc   Code   RO         6892    i.udp_input         udp.o
    0x0001a2ac   0x0001a2ac   0x00000054   Code   RO         6893    i.udp_input_local_match  udp.o
    0x0001a300   0x0001a300   0x00000038   Code   RO         6894    i.udp_netif_ip_addr_changed  udp.o
    0x0001a338   0x0001a338   0x00000060   Code   RO         6897    i.udp_new_port      udp.o
    0x0001a398   0x0001a398   0x00000048   Code   RO         6899    i.udp_remove        udp.o
    0x0001a3e0   0x0001a3e0   0x0000003e   Code   RO         6901    i.udp_sendto        udp.o
    0x0001a41e   0x0001a41e   0x00000056   Code   RO         6902    i.udp_sendto_if     udp.o
    0x0001a474   0x0001a474   0x00000184   Code   RO         6903    i.udp_sendto_if_src  udp.o
    0x0001a5f8   0x0001a5f8   0x00000020   Code   RO         1666    i.unlink            dfs_posix.o
    0x0001a618   0x0001a618   0x0000001e   Code   RO         2481    i.unlock_fs         ff.o
    0x0001a636   0x0001a636   0x0000005e   Code   RO         2482    i.validate          ff.o
    0x0001a694   0x0001a694   0x0000000a   Code   RO         3164    i.version           cmd.o
    0x0001a69e   0x0001a69e   0x0000004a   Code   RO         1667    i.write             dfs_posix.o
    0x0001a6e8   0x0001a6e8   0x0000001a   Data   RO          430    .constdata          time.o
    0x0001a702   0x0001a702   0x00000002   PAD
    0x0001a704   0x0001a704   0x0000002c   Data   RO          703    .constdata          soft_rtc.o
    0x0001a730   0x0001a730   0x0000024c   Data   RO         1381    .constdata          drv_pin.o
    0x0001a97c   0x0001a97c   0x0000001c   Data   RO         1541    .constdata          drv_uart.o
    0x0001a998   0x0001a998   0x0000000c   Data   RO         1837    .constdata          dfs_fs.o
    0x0001a9a4   0x0001a9a4   0x0000004c   Data   RO         2114    .constdata          devfs.o
    0x0001a9f0   0x0001a9f0   0x0000004c   Data   RO         2205    .constdata          dfs_elm.o
    0x0001aa3c   0x0001aa3c   0x000003ae   Data   RO         2395    .constdata          ffunicode.o
    0x0001adea   0x0001adea   0x00000002   PAD
    0x0001adec   0x0001adec   0x000000bc   Data   RO         2483    .constdata          ff.o
    0x0001aea8   0x0001aea8   0x0000004c   Data   RO         2784    .constdata          dfs_romfs.o
    0x0001aef4   0x0001aef4   0x00000064   Data   RO         3165    .constdata          cmd.o
    0x0001af58   0x0001af58   0x00000122   Data   RO         4213    .constdata          kservice.o
    0x0001b07a   0x0001b07a   0x0000000c   Data   RO         4662    .constdata          ethernet.o
    0x0001b086   0x0001b086   0x00000002   PAD
    0x0001b088   0x0001b088   0x00000008   Data   RO         5307    .constdata          ip4_addr.o
    0x0001b090   0x0001b090   0x00000218   Data   RO         5696    .constdata          memp.o
    0x0001b2a8   0x0001b2a8   0x00000018   Data   RO         6823    .constdata          timeouts.o
    0x0001b2c0   0x0001b2c0   0x00000050   Data   RO         7434    .constdata          tcp.o
    0x0001b310   0x0001b310   0x00000081   Data   RO         9613    .constdata          mc_p.l(ctype_o.o)
    0x0001b391   0x0001b391   0x00000003   PAD
    0x0001b394   0x0001b394   0x00000004   Data   RO         9614    .constdata          mc_p.l(ctype_o.o)
    0x0001b398   0x0001b398   0x00000051   Data   RO          431    .conststring        time.o
    0x0001b3e9   0x0001b3e9   0x00000003   PAD
    0x0001b3ec   0x0001b3ec   0x0000000e   Data   RO         1542    .conststring        drv_uart.o
    0x0001b3fa   0x0001b3fa   0x00000002   PAD
    0x0001b3fc   0x0001b3fc   0x0000000b   Data   RO         1838    .conststring        dfs_fs.o
    0x0001b407   0x0001b407   0x00000001   PAD
    0x0001b408   0x0001b408   0x00000006   Data   RO         2115    .conststring        devfs.o
    0x0001b40e   0x0001b40e   0x00000002   PAD
    0x0001b410   0x0001b410   0x00000048   Data   RO         2206    .conststring        dfs_elm.o
    0x0001b458   0x0001b458   0x00000004   Data   RO         2785    .conststring        dfs_romfs.o
    0x0001b45c   0x0001b45c   0x000001a5   Data   RO         3166    .conststring        cmd.o
    0x0001b601   0x0001b601   0x00000003   PAD
    0x0001b604   0x0001b604   0x00000041   Data   RO         5360    .conststring        init.o
    0x0001b645   0x0001b645   0x00000003   PAD
    0x0001b648   0x0001b648   0x00000041   Data   RO         5604    .conststring        etharp.o
    0x0001b689   0x0001b689   0x00000003   PAD
    0x0001b68c   0x0001b68c   0x0000009c   Data   RO         5697    .conststring        memp.o
    0x0001b728   0x0001b728   0x00000049   Data   RO         5946    .conststring        raw.o
    0x0001b771   0x0001b771   0x00000003   PAD
    0x0001b774   0x0001b774   0x00000055   Data   RO         6034    .conststring        tcp_out.o
    0x0001b7c9   0x0001b7c9   0x00000003   PAD
    0x0001b7cc   0x0001b7cc   0x0000006d   Data   RO         7435    .conststring        tcp.o
    0x0001b839   0x0001b839   0x00000003   PAD
    0x0001b83c   0x0001b83c   0x00000048   Data   RO         8141    .conststring        netdev.o
    0x0001b884   0x0001b884   0x00000023   Data   RO            6    .rodata.name        main.o
    0x0001b8a7   0x0001b8a7   0x0000004d   Data   RO          733    .rodata.name        rtc.o
    0x0001b8f4   0x0001b8f4   0x00000015   Data   RO         1606    .rodata.name        board.o
    0x0001b909   0x0001b909   0x0000001d   Data   RO         1911    .rodata.name        dfs.o
    0x0001b926   0x0001b926   0x00000066   Data   RO         2982    .rodata.name        msh.o
    0x0001b98c   0x0001b98c   0x000001d5   Data   RO         3055    .rodata.name        msh_file.o
    0x0001bb61   0x0001bb61   0x00000198   Data   RO         3167    .rodata.name        cmd.o
    0x0001bcf9   0x0001bcf9   0x000000a0   Data   RO         8143    .rodata.name        netdev.o
    0x0001bd99   0x0001bd99   0x00000003   PAD
    0x0001bd9c   0x0001bd9c   0x00000004   Data   RO         4424    .rti_fn.0           components.o
    0x0001bda0   0x0001bda0   0x00000004   Data   RO         4425    .rti_fn.0.end       components.o
    0x0001bda4   0x0001bda4   0x00000004   Data   RO         1383    .rti_fn.1           drv_pin.o
    0x0001bda8   0x0001bda8   0x00000004   Data   RO         4426    .rti_fn.1.end       components.o
    0x0001bdac   0x0001bdac   0x00000004   Data   RO          969    .rti_fn.2           workqueue.o
    0x0001bdb0   0x0001bdb0   0x00000004   Data   RO         1912    .rti_fn.2           dfs.o
    0x0001bdb4   0x0001bdb4   0x00000004   Data   RO         6614    .rti_fn.2           sys_arch.o
    0x0001bdb8   0x0001bdb8   0x00000004   Data   RO          705    .rti_fn.3           soft_rtc.o
    0x0001bdbc   0x0001bdbc   0x00000004   Data   RO         1479    .rti_fn.3           drv_usbh.o
    0x0001bdc0   0x0001bdc0   0x00000004   Data   RO         2208    .rti_fn.4           dfs_elm.o
    0x0001bdc4   0x0001bdc4   0x00000004   Data   RO         2786    .rti_fn.4           dfs_romfs.o
    0x0001bdc8   0x0001bdc8   0x00000004   Data   RO         2876    .rti_fn.6           shell.o
    0x0001bdcc   0x0001bdcc   0x00000004   Data   RO         4427    .rti_fn.6.end       components.o
    0x0001bdd0   0x0001bdd0   0x0000000c   Data   RO            7    FSymTab             main.o
    0x0001bddc   0x0001bddc   0x0000000c   Data   RO          734    FSymTab             rtc.o
    0x0001bde8   0x0001bde8   0x0000000c   Data   RO         1607    FSymTab             board.o
    0x0001bdf4   0x0001bdf4   0x0000000c   Data   RO         1913    FSymTab             dfs.o
    0x0001be00   0x0001be00   0x00000024   Data   RO         2983    FSymTab             msh.o
    0x0001be24   0x0001be24   0x000000a8   Data   RO         3056    FSymTab             msh_file.o
    0x0001becc   0x0001becc   0x00000090   Data   RO         3168    FSymTab             cmd.o
    0x0001bf5c   0x0001bf5c   0x00000030   Data   RO         8144    FSymTab             netdev.o
    0x0001bf8c   0x0001bf8c   0x00000020   Data   RO         9644    Region$$Table       anon$$obj.o


    Execution Region RW_IRAM1 (Exec base: 0x20000000, Load base: 0x0001bfac, Size: 0x00005890, Max: 0x00008000, ABSOLUTE, COMPRESSED[0x000000a0])

    Exec Addr    Load Addr    Size         Type   Attr      Idx    E Section Name        Object

    0x20000000   COMPRESSED   0x00000014   Data   RW          432    .data               time.o
    0x20000014   COMPRESSED   0x0000000c   Data   RW          601    .data               cpuport.o
    0x20000020   COMPRESSED   0x0000000c   Data   RW          704    .data               soft_rtc.o
    0x2000002c   COMPRESSED   0x00000004   Data   RW          797    .data               serial.o
    0x20000030   COMPRESSED   0x00000004   Data   RW          968    .data               workqueue.o
    0x20000034   COMPRESSED   0x0000001c   Data   RW         1382    .data               drv_pin.o
    0x20000050   COMPRESSED   0x00000010   Data   RW         1478    .data               drv_usbh.o
    0x20000060   COMPRESSED   0x000000b0   Data   RW         1543    .data               drv_uart.o
    0x20000110   COMPRESSED   0x0000010c   Data   RW         1910    .data               dfs.o
    0x2000021c   COMPRESSED   0x00000008   Data   RW         2207    .data               dfs_elm.o
    0x20000224   COMPRESSED   0x0000000a   Data   RW         2484    .data               ff.o
    0x2000022e   COMPRESSED   0x00000002   PAD
    0x20000230   COMPRESSED   0x00000010   Data   RW         2875    .data               shell.o
    0x20000240   COMPRESSED   0x00000004   Data   RW         3729    .data               clock.o
    0x20000244   COMPRESSED   0x00000090   Data   RW         3774    .data               object.o
    0x200002d4   COMPRESSED   0x00000001   Data   RW         3846    .data               irq.o
    0x200002d5   COMPRESSED   0x00000003   PAD
    0x200002d8   COMPRESSED   0x00000008   Data   RW         3877    .data               idle.o
    0x200002e0   COMPRESSED   0x0000000d   Data   RW         4010    .data               scheduler.o
    0x200002ed   COMPRESSED   0x00000003   PAD
    0x200002f0   COMPRESSED   0x0000000c   Data   RW         4082    .data               timer.o
    0x200002fc   COMPRESSED   0x0000000c   Data   RW         4214    .data               kservice.o
    0x20000308   COMPRESSED   0x00000009   Data   RW         4730    .data               netif.o
    0x20000311   COMPRESSED   0x00000003   PAD
    0x20000314   COMPRESSED   0x00000010   Data   RW         5211    .data               tcpip.o
    0x20000324   COMPRESSED   0x00000038   Data   RW         5698    .data               memp.o
    0x2000035c   COMPRESSED   0x00000002   Data   RW         5801    .data               ip4.o
    0x2000035e   COMPRESSED   0x00000002   PAD
    0x20000360   COMPRESSED   0x00000004   Data   RW         5947    .data               raw.o
    0x20000364   COMPRESSED   0x00000028   Data   RW         6397    .data               tcp_in.o
    0x2000038c   COMPRESSED   0x0000000c   Data   RW         6476    .data               dns.o
    0x20000398   COMPRESSED   0x0000000a   Data   RW         6613    .data               sys_arch.o
    0x200003a2   COMPRESSED   0x00000002   PAD
    0x200003a4   COMPRESSED   0x0000000c   Data   RW         6824    .data               timeouts.o
    0x200003b0   COMPRESSED   0x00000008   Data   RW         6904    .data               udp.o
    0x200003b8   COMPRESSED   0x00000001   Data   RW         7027    .data               pbuf.o
    0x200003b9   COMPRESSED   0x00000003   PAD
    0x200003bc   COMPRESSED   0x00000020   Data   RW         7436    .data               tcp.o
    0x200003dc   COMPRESSED   0x00000004   Data   RW         7692    .data               hub.o
    0x200003e0   COMPRESSED   0x0000000e   Data   RW         7925    .data               usbhost_core.o
    0x200003ee   COMPRESSED   0x00000001   Data   RW         8014    .data               udisk.o
    0x200003ef   COMPRESSED   0x00000001   PAD
    0x200003f0   COMPRESSED   0x00000008   Data   RW         8065    .data               driver.o
    0x200003f8   COMPRESSED   0x00000008   Data   RW         8142    .data               netdev.o
    0x20000400   COMPRESSED   0x00000004   Data   RW         9545    .data               mc_p.l(rand.o)
    0x20000404   COMPRESSED   0x00000004   Data   RW         9576    .data               mc_p.l(errno.o)
    0x20000408        -       0x000000f0   Zero   RW            5    .bss                main.o
    0x200004f8        -       0x00000072   Zero   RW          429    .bss                time.o
    0x2000056a   COMPRESSED   0x00000002   PAD
    0x2000056c        -       0x00000044   Zero   RW          637    .bss                pin.o
    0x200005b0        -       0x00000040   Zero   RW          702    .bss                soft_rtc.o
    0x200005f0        -       0x000000d8   Zero   RW         1477    .bss                drv_usbh.o
    0x200006c8        -       0x00000074   Zero   RW         1909    .bss                dfs.o
    0x2000073c        -       0x00000128   Zero   RW         2004    .bss                dfs_file.o
    0x20000864        -       0x00000081   Zero   RW         2874    .bss                shell.o
    0x200008e5   COMPRESSED   0x00000003   PAD
    0x200008e8        -       0x00000178   Zero   RW         3876    .bss                idle.o
    0x20000a60        -       0x00000100   Zero   RW         4009    .bss                scheduler.o
    0x20000b60        -       0x000000a4   Zero   RW         4212    .bss                kservice.o
    0x20000c04        -       0x00000018   Zero   RW         4616    .bss                ip.o
    0x20000c1c        -       0x000004b8   Zero   RW         5449    .bss                ethernetif.o
    0x200010d4        -       0x000000f0   Zero   RW         5603    .bss                etharp.o
    0x200011c4        -       0x00002ea6   Zero   RW         5695    .bss                memp.o
    0x2000406a   COMPRESSED   0x00000002   PAD
    0x2000406c        -       0x00000010   Zero   RW         6396    .bss                tcp_in.o
    0x2000407c        -       0x00000480   Zero   RW         6474    .bss                dns.o
    0x200044fc        -       0x00000068   Zero   RW         7691    .bss                hub.o
    0x20004564        -       0x0000001c   Zero   RW         7818    .bss                mass.o
    0x20004580        -       0x00001300   Zero   RW         7924    .bss                usbhost_core.o
    0x20005880        -       0x00000010   Zero   RW         8336    .bss                netdev_ipaddr.o


==============================================================================

Image component sizes


      Code (inc. data)   RO Data    RW Data    ZI Data      Debug   Object Name

         0          0          0          0          0       1440   autoip.o
       296         40         33          0          0       8275   board.o
       488         46          0          0          0       1733   ch57x_clk.o
       568         36          0          0          0       2220   ch57x_gpio.o
       152          6          0          0          0        506   ch57x_int.o
       256         12          0          0          0       1084   ch57x_pwr.o
        34          0          0          0          0        511   ch57x_sys.o
        68         10          0          0          0        943   ch57x_uart0.o
        68         10          0          0          0        943   ch57x_uart1.o
       162         10          0          4          0       2290   clock.o
      3292       1184       1073          0          0      18250   cmd.o
       230          0          0          0          0       5155   completion.o
       186         30         16          0          0       4992   components.o
       216         32          0          0          0        744   context_rvds.o
       324        174          0         12          0       3252   cpuport.o
         0          0          0          0          0       2468   dataqueue.o
        48          0          0          0          0       1002   def.o
       666         14         82          0          0       8277   devfs.o
       618        120          0          0          0       6092   device.o
      1544        262         45        268        116       9071   dfs.o
      2876        240        152          8          0      30779   dfs_elm.o
      2458        382          0          0        296      12217   dfs_file.o
      1604        188         23          0          0       7405   dfs_fs.o
      1260         22          0          0          0      16315   dfs_posix.o
       838         20         84          0          0      10048   dfs_romfs.o
      1136        236          0         12       1152       9873   dns.o
       172         14          0          8          0       6089   driver.o
         0          0          0          0          0      41400   drv_eth.o
       570         24        592         28          0       4929   drv_pin.o
       880        114         42        176          0       5355   drv_uart.o
      1174        180          4         16        216      10557   drv_usbh.o
      2280        658         65          0        240       9409   etharp.o
       444        118         12          0          0       9209   ethernet.o
       384        128          0          0       1208       3719   ethernetif.o
     14528        244        188         10          0      70088   ff.o
       288         30        942          0          0       2768   ffunicode.o
      2148        182          0          4        104      16554   hub.o
       990        282          0          0          0       3309   icmp.o
       260         30          0          8        376       5758   idle.o
       440          0          0          0          0       5048   inet_chksum.o
       132         58         65          0          0       2184   init.o
         0          0          0          0         24      14141   ip.o
      1276        152          0          2          0       4984   ip4.o
       606         92          8          0          0       9007   ip4_addr.o
      2562         18          0          0          0      18592   ipc.o
        92         18          0          1          0       1966   irq.o
      2720        250        290         12        164      20927   kservice.o
         0          0          0          0          0       1216   libc_syms.o
       444        236         47          0        240      88952   main.o
      2304        720          0          0         28      16643   mass.o
       890         70          0          0          0       5352   mem.o
      1078        468        692         56      11942      15648   memp.o
      1404        192        138          0          0       8725   msh.o
      3398       1286        637          0          0      18307   msh_file.o
         0          0          0          0          0      12696   netdb.o
      3596       1284        280          8          0      25978   netdev.o
       590         20          0          0         16       3744   netdev_ipaddr.o
       770        102          0          9          0      23603   netif.o
       148         14          0          0          0       9069   netifapi.o
       404          4          0        144          0       8845   object.o
      4456       1612          0          1          0      16604   pbuf.o
       190         16          0          0         68       4757   pin.o
         0          0          0          0          0        696   ping.o
       340         76         73          4          0       2884   raw.o
       752        318         89          0          0       4590   rtc.o
       728         84          0         13        256       5720   scheduler.o
      1422         28          0          4          0       9423   serial.o
      2504        228          4         16        129       9565   shell.o
         0          0          0          0          0        774   sockets.o
       232         38         48         12         64       2317   soft_rtc.o
        28         10        144          0          0        548   startup_armcm0.o
      1162        370          4         10          0      15893   sys_arch.o
      5144       1484        189         32          0      29491   tcp.o
      8888       1400          0         40         16      20559   tcp_in.o
      3718        680         85          0          0      21118   tcp_out.o
       972        410          0         16          0       7308   tcpip.o
       950         16          0          0          0      12157   thread.o
      1330         96        107         20        114      12790   time.o
       812        206         24         12          0       6864   timeouts.o
       834         34          0         12          0       8376   timer.o
      1604        408          0          1          0       7623   udisk.o
      1526        236          0          8          0      10367   udp.o
       116         44          0          0          0        703   usbhost.o
      2174        490          0         14       4864      16985   usbhost_core.o
         0          0          0          0          0       2512   waitqueue.o
       354         30          4          4          0       6493   workqueue.o

    ----------------------------------------------------------------------
    106752      18376       6348       1024      21640     907773   Object Totals
         0          0         32          0          0          0   (incl. Generated)
       156          0         35         19          7          0   (incl. Padding)

    ----------------------------------------------------------------------

      Code (inc. data)   RO Data    RW Data    ZI Data      Debug   Library Member Name

        86          0          0          0          0          0   __dczerorl2.o
        30          0          0          0          0         60   _chval.o
       166          0          0          0          0         84   _strtoul.o
        26          0          0          0          0         72   atoi.o
         8          4        133          0          0         60   ctype_o.o
         0          0          0          0          0          0   entry.o
         0          0          0          0          0          0   entry10a.o
         0          0          0          0          0          0   entry11a.o
         4          0          0          0          0          0   entry12b.o
         8          4          0          0          0          0   entry2.o
         4          0          0          0          0          0   entry5.o
         0          0          0          0          0          0   entry7b.o
         0          0          0          0          0          0   entry8b.o
         8          4          0          0          0          0   entry9a.o
         8          4          0          4          0         60   errno.o
        30          0          0          0          0          0   handlers.o
        40          0          0          0          0         72   idiv.o
        36          8          0          0          0         68   init.o
        76          0          0          0          0         76   ldiv.o
       122          0          0          0          0         84   llmul.o
        32          0          0          0          0         68   llshl.o
        34          0          0          0          0         68   llushr.o
        26          0          0          0          0         72   memcmp.o
        36          0          0          0          0         60   memcpya.o
        36          0          0          0          0        100   memseta.o
        36         12          0          4          0        120   rand.o
        24          0          0          0          0         60   strcat.o
        20          0          0          0          0         60   strchr.o
        28          0          0          0          0         68   strcmp.o
        18          0          0          0          0         60   strcpy.o
        14          0          0          0          0         60   strlen.o
        30          0          0          0          0         72   strncmp.o
        26          0          0          0          0         68   strncpy.o
        22          0          0          0          0         60   strrchr.o
        40          0          0          0          0         72   strstr.o
       112          4          0          0          0         76   strtol.o
        44          0          0          0          0         72   uidiv.o
        96          0          0          0          0         84   uldiv.o
        20          0          0          0          0         60   uread4.o
        18          0          0          0          0         60   uwrite4.o

    ----------------------------------------------------------------------
      1368         40        136          8          0       2056   Library Totals
         4          0          3          0          0          0   (incl. Padding)

    ----------------------------------------------------------------------

      Code (inc. data)   RO Data    RW Data    ZI Data      Debug   Library Name

      1364         40        133          8          0       2056   mc_p.l

    ----------------------------------------------------------------------
      1368         40        136          8          0       2056   Library Totals

    ----------------------------------------------------------------------

==============================================================================


      Code (inc. data)   RO Data    RW Data    ZI Data      Debug   

    108120      18416       6484       1032      21640     877265   Grand Totals
    108120      18416       6484        160      21640     877265   ELF Image Totals (compressed)
    108120      18416       6484        160          0          0   ROM Totals

==============================================================================

    Total RO  Size (Code + RO Data)               114604 ( 111.92kB)
    Total RW  Size (RW Data + ZI Data)             22672 (  22.14kB)
    Total ROM Size (Code + RO Data + RW Data)     114764 ( 112.07kB)

==============================================================================

