<html>
<body>
<pre>
<h1>µVision Build Log</h1>
<h2>Tool Versions:</h2>
IDE-Version: ¦ÌVision V5.37.0.0
Copyright (C) 2022 ARM Ltd and ARM Germany GmbH. All rights reserved.
License Information: peng jin, jinmei, LIC=MPPLD-8QQ3K-GKABG-V2G52-7TG52-PF3LB
 
Tool Versions:
Toolchain:       MDK-ARM Plus  Version: 5.37.0.0
Toolchain Path:  D:\keil5\ARM\ARMCC\Bin
C Compiler:      Armcc.exe V5.06 update 7 (build 960)
Assembler:       Armasm.exe V5.06 update 7 (build 960)
Linker/Locator:  ArmLink.exe V5.06 update 7 (build 960)
Library Manager: ArmAr.exe V5.06 update 7 (build 960)
Hex Converter:   FromElf.exe V5.06 update 7 (build 960)
CPU DLL:         SARMCM3.DLL V5.37.0.0
Dialog DLL:      DARMCM1.DLL V1.19.6.0
Target DLL:      Segger\JL2CM3.dll V2.99.42.0
Dialog DLL:      TARMCM1.DLL V1.14.6.0
 
<h2>Project:</h2>
C:\Users\JH\Desktop\ch579m\project.uvprojx
Project File Date:  06/10/2022

<h2>Output:</h2>
*** Using Compiler 'V5.06 update 7 (build 960)', folder: 'D:\keil5\ARM\ARMCC\Bin'
Build target 'rt-thread'
compiling syscall_mem.c...
compiling libc_syms.c...
compiling showmem.c...
compiling stdlib.c...
compiling backtrace.c...
compiling syscalls.c...
compiling time.c...
compiling pin.c...
compiling main.c...
applications\main.c(80): warning:  #111-D: statement is unreachable
      return 0;
applications\main.c: 1 warning, 0 errors
compiling cpuport.c...
compiling soft_rtc.c...
compiling rtc.c...
compiling dataqueue.c...
compiling serial.c...
compiling completion.c...
compiling pipe.c...
compiling waitqueue.c...
compiling workqueue.c...
compiling ringblk_buf.c...
compiling ringbuffer.c...
compiling drv_pin.c...
compiling drv_eth.c...
compiling dfs_posix.c...
compiling dfs_fs.c...
compiling drv_usbh.c...
board\drv_usbh.c(146): warning:  #111-D: statement is unreachable
      pipe->status = UPIPE_STATUS_ERROR;
board\drv_usbh.c: 1 warning, 0 errors
compiling dfs.c...
compiling board.c...
compiling drv_uart.c...
compiling devfs.c...
compiling dfs_file.c...
compiling romfs.c...
compiling ffunicode.c...
compiling dfs_elm.c...
compiling dfs_romfs.c...
compiling msh.c...
compiling shell.c...
compiling msh_file.c...
compiling cmd.c...
compiling ff.c...
compiling thread.c...
compiling ipc.c...
compiling mempool.c...
compiling clock.c...
compiling mem.c...
compiling object.c...
compiling scheduler.c...
compiling idle.c...
compiling irq.c...
compiling device.c...
compiling timer.c...
compiling netdb.c...
compiling kservice.c...
compiling ip.c...
compiling autoip.c...
compiling netif.c...
compiling components.c...
compiling ethernet.c...
compiling sys.c...
compiling dhcp.c...
compiling ip4_addr.c...
compiling netifapi.c...
compiling init.c...
compiling tcpip.c...
compiling etharp.c...
compiling ethernetif.c...
compiling sockets.c...
compiling ping.c...
compiling netbuf.c...
compiling ip4.c...
compiling memp.c...
compiling raw.c...
compiling ip4_frag.c...
compiling lowpan6.c...
compiling tcp_out.c...
compiling stats.c...
compiling inet_chksum.c...
compiling icmp.c...
compiling err.c...
compiling api_lib.c...
compiling dns.c...
compiling sys_arch.c...
compiling tcp_in.c...
compiling igmp.c...
compiling def.c...
compiling timeouts.c...
compiling udp.c...
compiling pbuf.c...
compiling usbhost.c...
compiling hub.c...
compiling usbhost_core.c...
compiling mass.c...
compiling driver.c...
compiling api_msg.c...
compiling tcp.c...
compiling udisk.c...
compiling netdev_ipaddr.c...
compiling netdev.c...
linking...
Program Size: Code=108120 RO-data=6484 RW-data=1032 ZI-data=21640  
FromELF: creating hex file...
After Build - User command #1: fromelf --bin .\build\keil\Obj\rtthread.axf --output rtthread.bin
".\build\keil\Obj\rtthread.axf" - 0 Error(s), 2 Warning(s).

<h2>Software Packages used:</h2>

Package Vendor: Keil
                http://wch.cn/pack/Keil.WCH57x_DFP.1.1.0.pack
                Keil.WCH57x_DFP.1.1.0
                WCH wireless MCU CH57x Family Support, Drivers and Examples

<h2>Collection of Component include folders:</h2>
  D:/keil5/Keil/WCH57x_DFP/1.1.0/Drivers/CMSIS/Device/WCH/CH57x/Include

<h2>Collection of Component Files used:</h2>
Build Time Elapsed:  00:00:09
</pre>
</body>
</html>
