<!doctype html public "-//w3c//dtd html 4.0 transitional//en">
<html><head>
<title>Static Call Graph - [.\build\keil\Obj\rtthread.axf]</title></head>
<body><HR>
<H1>Static Call Graph for image .\build\keil\Obj\rtthread.axf</H1><HR>
<BR><P>#&#060CALLGRAPH&#062# ARM Linker, 5060960: Last Updated: Thu Jun 23 14:25:38 2022
<BR><P>
<H3>Maximum Stack Usage =       2404 bytes + Unknown(Cycles, Untraceable Function Pointers)</H3><H3>
Call chain for Maximum Stack Depth:</H3>
rt_usbh_hub_irq &rArr; rt_usbh_hub_port_change &rArr; rt_usbh_attatch_instance &rArr; rt_usbh_get_endpoint_descriptor &rArr; rt_kprintf &rArr; rt_vsnprintf &rArr; print_number &rArr; __aeabi_uidivmod
<P>
<H3>
Mutually Recursive functions
</H3> <LI><a href="#[c]">SVC_Handler</a>&nbsp;&nbsp;&nbsp;&rArr;&nbsp;&nbsp;&nbsp;<a href="#[c]">SVC_Handler</a><BR>
 <LI><a href="#[1c]">ADC_IRQHandler</a>&nbsp;&nbsp;&nbsp;&rArr;&nbsp;&nbsp;&nbsp;<a href="#[1c]">ADC_IRQHandler</a><BR>
 <LI><a href="#[226]">msh_exec_script</a>&nbsp;&nbsp;&nbsp;&rArr;&nbsp;&nbsp;&nbsp;<a href="#[1e3]">msh_exec</a><BR>
 <LI><a href="#[13b]">copydir</a>&nbsp;&nbsp;&nbsp;&rArr;&nbsp;&nbsp;&nbsp;<a href="#[13b]">copydir</a><BR>
 <LI><a href="#[132]">directory_delete_for_msh</a>&nbsp;&nbsp;&nbsp;&rArr;&nbsp;&nbsp;&nbsp;<a href="#[132]">directory_delete_for_msh</a><BR>
</UL>
<P>
<H3>
Function Pointers
</H3><UL>
 <LI><a href="#[1c]">ADC_IRQHandler</a> from startup_armcm0.o(.text) referenced from startup_armcm0.o(RESET)
 <LI><a href="#[13]">BB_IRQHandler</a> from startup_armcm0.o(.text) referenced from startup_armcm0.o(RESET)
 <LI><a href="#[16]">ETH_IRQHandler</a> from startup_armcm0.o(.text) referenced from startup_armcm0.o(RESET)
 <LI><a href="#[10]">GPIO_IRQHandler</a> from startup_armcm0.o(.text) referenced from startup_armcm0.o(RESET)
 <LI><a href="#[b]">HardFault_Handler</a> from context_rvds.o(.text) referenced from startup_armcm0.o(RESET)
 <LI><a href="#[1e]">LED_IRQHandler</a> from startup_armcm0.o(.text) referenced from startup_armcm0.o(RESET)
 <LI><a href="#[14]">LLE_IRQHandler</a> from startup_armcm0.o(.text) referenced from startup_armcm0.o(RESET)
 <LI><a href="#[a]">NMI_Handler</a> from ch57x_int.o(i.NMI_Handler) referenced from startup_armcm0.o(RESET)
 <LI><a href="#[d]">PendSV_Handler</a> from context_rvds.o(.text) referenced from startup_armcm0.o(RESET)
 <LI><a href="#[1b]">RTC_IRQHandler</a> from startup_armcm0.o(.text) referenced from startup_armcm0.o(RESET)
 <LI><a href="#[9]">Reset_Handler</a> from startup_armcm0.o(.text) referenced from startup_armcm0.o(RESET)
 <LI><a href="#[11]">SLAVE_IRQHandler</a> from startup_armcm0.o(.text) referenced from startup_armcm0.o(RESET)
 <LI><a href="#[12]">SPI0_IRQHandler</a> from startup_armcm0.o(.text) referenced from startup_armcm0.o(RESET)
 <LI><a href="#[1d]">SPI1_IRQHandler</a> from startup_armcm0.o(.text) referenced from startup_armcm0.o(RESET)
 <LI><a href="#[c]">SVC_Handler</a> from startup_armcm0.o(.text) referenced from startup_armcm0.o(RESET)
 <LI><a href="#[e]">SysTick_Handler</a> from board.o(i.SysTick_Handler) referenced from startup_armcm0.o(RESET)
 <LI><a href="#[24]">SystemInit</a> from ch57x_clk.o(i.SystemInit) referenced from startup_armcm0.o(.text)
 <LI><a href="#[f]">TMR0_IRQHandler</a> from startup_armcm0.o(.text) referenced from startup_armcm0.o(RESET)
 <LI><a href="#[17]">TMR1_IRQHandler</a> from startup_armcm0.o(.text) referenced from startup_armcm0.o(RESET)
 <LI><a href="#[18]">TMR2_IRQHandler</a> from startup_armcm0.o(.text) referenced from startup_armcm0.o(RESET)
 <LI><a href="#[1f]">TMR3_IRQHandler</a> from startup_armcm0.o(.text) referenced from startup_armcm0.o(RESET)
 <LI><a href="#[19]">UART0_IRQHandler</a> from drv_uart.o(i.UART0_IRQHandler) referenced from startup_armcm0.o(RESET)
 <LI><a href="#[1a]">UART1_IRQHandler</a> from drv_uart.o(i.UART1_IRQHandler) referenced from startup_armcm0.o(RESET)
 <LI><a href="#[20]">UART2_IRQHandler</a> from startup_armcm0.o(.text) referenced from startup_armcm0.o(RESET)
 <LI><a href="#[21]">UART3_IRQHandler</a> from startup_armcm0.o(.text) referenced from startup_armcm0.o(RESET)
 <LI><a href="#[15]">USB_IRQHandler</a> from drv_usbh.o(i.USB_IRQHandler) referenced from startup_armcm0.o(RESET)
 <LI><a href="#[22]">WDT_IRQHandler</a> from startup_armcm0.o(.text) referenced from startup_armcm0.o(RESET)
 <LI><a href="#[25]">__main</a> from entry.o(.ARM.Collect$$$$00000000) referenced from startup_armcm0.o(.text)
 <LI><a href="#[35]">_pin_control</a> from pin.o(i._pin_control) referenced from pin.o(i.rt_device_pin_register)
 <LI><a href="#[33]">_pin_read</a> from pin.o(i._pin_read) referenced from pin.o(i.rt_device_pin_register)
 <LI><a href="#[34]">_pin_write</a> from pin.o(i._pin_write) referenced from pin.o(i.rt_device_pin_register)
 <LI><a href="#[26]">_thread_exit</a> from thread.o(i._thread_exit) referenced from thread.o(i._thread_init)
 <LI><a href="#[27]">_thread_timeout</a> from thread.o(i._thread_timeout) referenced from thread.o(i._thread_init)
 <LI><a href="#[49]">_workqueue_thread_entry</a> from workqueue.o(i._workqueue_thread_entry) referenced from workqueue.o(i.rt_workqueue_create)
 <LI><a href="#[7b]">ch_hw_pin_init</a> from drv_pin.o(i.ch_hw_pin_init) referenced from drv_pin.o(.rti_fn.1)
 <LI><a href="#[3]">ch_pin_attach_irq</a> from drv_pin.o(i.ch_pin_attach_irq) referenced 2 times from drv_pin.o(.data)
 <LI><a href="#[4]">ch_pin_detach_irq</a> from drv_pin.o(i.ch_pin_detach_irq) referenced 2 times from drv_pin.o(.data)
 <LI><a href="#[0]">ch_pin_mode</a> from drv_pin.o(i.ch_pin_mode) referenced 2 times from drv_pin.o(.data)
 <LI><a href="#[2]">ch_pin_read</a> from drv_pin.o(i.ch_pin_read) referenced 2 times from drv_pin.o(.data)
 <LI><a href="#[1]">ch_pin_write</a> from drv_pin.o(i.ch_pin_write) referenced 2 times from drv_pin.o(.data)
 <LI><a href="#[9c]">clear</a> from cmd.o(i.clear) referenced from cmd.o(FSymTab)
 <LI><a href="#[90]">cmd_cat</a> from msh_file.o(i.cmd_cat) referenced from msh_file.o(FSymTab)
 <LI><a href="#[92]">cmd_cd</a> from msh_file.o(i.cmd_cd) referenced from msh_file.o(FSymTab)
 <LI><a href="#[8e]">cmd_cp</a> from msh_file.o(i.cmd_cp) referenced from msh_file.o(FSymTab)
 <LI><a href="#[98]">cmd_df</a> from msh_file.o(i.cmd_df) referenced from msh_file.o(FSymTab)
 <LI><a href="#[99]">cmd_echo</a> from msh_file.o(i.cmd_echo) referenced from msh_file.o(FSymTab)
 <LI><a href="#[8c]">cmd_free</a> from msh.o(i.cmd_free) referenced from msh.o(FSymTab)
 <LI><a href="#[8d]">cmd_ls</a> from msh_file.o(i.cmd_ls) referenced from msh_file.o(FSymTab)
 <LI><a href="#[94]">cmd_mkdir</a> from msh_file.o(i.cmd_mkdir) referenced from msh_file.o(FSymTab)
 <LI><a href="#[95]">cmd_mkfs</a> from msh_file.o(i.cmd_mkfs) referenced from msh_file.o(FSymTab)
 <LI><a href="#[96]">cmd_mount</a> from msh_file.o(i.cmd_mount) referenced from msh_file.o(FSymTab)
 <LI><a href="#[8f]">cmd_mv</a> from msh_file.o(i.cmd_mv) referenced from msh_file.o(FSymTab)
 <LI><a href="#[8b]">cmd_ps</a> from msh.o(i.cmd_ps) referenced from msh.o(FSymTab)
 <LI><a href="#[93]">cmd_pwd</a> from msh_file.o(i.cmd_pwd) referenced from msh_file.o(FSymTab)
 <LI><a href="#[91]">cmd_rm</a> from msh_file.o(i.cmd_rm) referenced from msh_file.o(FSymTab)
 <LI><a href="#[9a]">cmd_tail</a> from msh_file.o(i.cmd_tail) referenced from msh_file.o(FSymTab)
 <LI><a href="#[97]">cmd_umount</a> from msh_file.o(i.cmd_umount) referenced from msh_file.o(FSymTab)
 <LI><a href="#[28]">cyclic_timer</a> from timeouts.o(i.cyclic_timer) referenced from timeouts.o(i.cyclic_timer)
 <LI><a href="#[28]">cyclic_timer</a> from timeouts.o(i.cyclic_timer) referenced from timeouts.o(i.sys_timeouts_init)
 <LI><a href="#[87]">date</a> from rtc.o(i.date) referenced from rtc.o(FSymTab)
 <LI><a href="#[56]">dfs_device_fs_close</a> from devfs.o(i.dfs_device_fs_close) referenced from devfs.o(.constdata)
 <LI><a href="#[5a]">dfs_device_fs_getdents</a> from devfs.o(i.dfs_device_fs_getdents) referenced from devfs.o(.constdata)
 <LI><a href="#[57]">dfs_device_fs_ioctl</a> from devfs.o(i.dfs_device_fs_ioctl) referenced from devfs.o(.constdata)
 <LI><a href="#[5c]">dfs_device_fs_mount</a> from devfs.o(i.dfs_device_fs_mount) referenced from devfs.o(.constdata)
 <LI><a href="#[55]">dfs_device_fs_open</a> from devfs.o(i.dfs_device_fs_open) referenced from devfs.o(.constdata)
 <LI><a href="#[5b]">dfs_device_fs_poll</a> from devfs.o(i.dfs_device_fs_poll) referenced from devfs.o(.constdata)
 <LI><a href="#[58]">dfs_device_fs_read</a> from devfs.o(i.dfs_device_fs_read) referenced from devfs.o(.constdata)
 <LI><a href="#[5d]">dfs_device_fs_stat</a> from devfs.o(i.dfs_device_fs_stat) referenced from devfs.o(.constdata)
 <LI><a href="#[59]">dfs_device_fs_write</a> from devfs.o(i.dfs_device_fs_write) referenced from devfs.o(.constdata)
 <LI><a href="#[5f]">dfs_elm_close</a> from dfs_elm.o(i.dfs_elm_close) referenced from dfs_elm.o(.constdata)
 <LI><a href="#[63]">dfs_elm_flush</a> from dfs_elm.o(i.dfs_elm_flush) referenced from dfs_elm.o(.constdata)
 <LI><a href="#[65]">dfs_elm_getdents</a> from dfs_elm.o(i.dfs_elm_getdents) referenced from dfs_elm.o(.constdata)
 <LI><a href="#[60]">dfs_elm_ioctl</a> from dfs_elm.o(i.dfs_elm_ioctl) referenced from dfs_elm.o(.constdata)
 <LI><a href="#[64]">dfs_elm_lseek</a> from dfs_elm.o(i.dfs_elm_lseek) referenced from dfs_elm.o(.constdata)
 <LI><a href="#[68]">dfs_elm_mkfs</a> from dfs_elm.o(i.dfs_elm_mkfs) referenced from dfs_elm.o(.constdata)
 <LI><a href="#[66]">dfs_elm_mount</a> from dfs_elm.o(i.dfs_elm_mount) referenced from dfs_elm.o(.constdata)
 <LI><a href="#[5e]">dfs_elm_open</a> from dfs_elm.o(i.dfs_elm_open) referenced from dfs_elm.o(.constdata)
 <LI><a href="#[61]">dfs_elm_read</a> from dfs_elm.o(i.dfs_elm_read) referenced from dfs_elm.o(.constdata)
 <LI><a href="#[6c]">dfs_elm_rename</a> from dfs_elm.o(i.dfs_elm_rename) referenced from dfs_elm.o(.constdata)
 <LI><a href="#[6b]">dfs_elm_stat</a> from dfs_elm.o(i.dfs_elm_stat) referenced from dfs_elm.o(.constdata)
 <LI><a href="#[69]">dfs_elm_statfs</a> from dfs_elm.o(i.dfs_elm_statfs) referenced from dfs_elm.o(.constdata)
 <LI><a href="#[6a]">dfs_elm_unlink</a> from dfs_elm.o(i.dfs_elm_unlink) referenced from dfs_elm.o(.constdata)
 <LI><a href="#[67]">dfs_elm_unmount</a> from dfs_elm.o(i.dfs_elm_unmount) referenced from dfs_elm.o(.constdata)
 <LI><a href="#[62]">dfs_elm_write</a> from dfs_elm.o(i.dfs_elm_write) referenced from dfs_elm.o(.constdata)
 <LI><a href="#[7e]">dfs_init</a> from dfs.o(i.dfs_init) referenced from dfs.o(.rti_fn.2)
 <LI><a href="#[6e]">dfs_romfs_close</a> from dfs_romfs.o(i.dfs_romfs_close) referenced from dfs_romfs.o(.constdata)
 <LI><a href="#[72]">dfs_romfs_getdents</a> from dfs_romfs.o(i.dfs_romfs_getdents) referenced from dfs_romfs.o(.constdata)
 <LI><a href="#[83]">dfs_romfs_init</a> from dfs_romfs.o(i.dfs_romfs_init) referenced from dfs_romfs.o(.rti_fn.4)
 <LI><a href="#[6f]">dfs_romfs_ioctl</a> from dfs_romfs.o(i.dfs_romfs_ioctl) referenced from dfs_romfs.o(.constdata)
 <LI><a href="#[71]">dfs_romfs_lseek</a> from dfs_romfs.o(i.dfs_romfs_lseek) referenced from dfs_romfs.o(.constdata)
 <LI><a href="#[73]">dfs_romfs_mount</a> from dfs_romfs.o(i.dfs_romfs_mount) referenced from dfs_romfs.o(.constdata)
 <LI><a href="#[6d]">dfs_romfs_open</a> from dfs_romfs.o(i.dfs_romfs_open) referenced from dfs_romfs.o(.constdata)
 <LI><a href="#[70]">dfs_romfs_read</a> from dfs_romfs.o(i.dfs_romfs_read) referenced from dfs_romfs.o(.constdata)
 <LI><a href="#[75]">dfs_romfs_stat</a> from dfs_romfs.o(i.dfs_romfs_stat) referenced from dfs_romfs.o(.constdata)
 <LI><a href="#[74]">dfs_romfs_unmount</a> from dfs_romfs.o(i.dfs_romfs_unmount) referenced from dfs_romfs.o(.constdata)
 <LI><a href="#[78]">dns_tmr</a> from dns.o(i.dns_tmr) referenced from timeouts.o(.constdata)
 <LI><a href="#[8]">drv_close_pipe</a> from drv_usbh.o(i.drv_close_pipe) referenced 2 times from drv_usbh.o(.data)
 <LI><a href="#[7]">drv_open_pipe</a> from drv_usbh.o(i.drv_open_pipe) referenced 2 times from drv_usbh.o(.data)
 <LI><a href="#[6]">drv_pipe_xfer</a> from drv_usbh.o(i.drv_pipe_xfer) referenced 2 times from drv_usbh.o(.data)
 <LI><a href="#[5]">drv_reset_port</a> from drv_usbh.o(i.drv_reset_port) referenced 2 times from drv_usbh.o(.data)
 <LI><a href="#[82]">elm_init</a> from dfs_elm.o(i.elm_init) referenced from dfs_elm.o(.rti_fn.4)
 <LI><a href="#[2b]">eth_rx_thread_entry</a> from ethernetif.o(i.eth_rx_thread_entry) referenced from ethernetif.o(i.eth_system_device_init_private)
 <LI><a href="#[77]">etharp_tmr</a> from etharp.o(i.etharp_tmr) referenced from timeouts.o(.constdata)
 <LI><a href="#[4f]">ethernet_input</a> from ethernet.o(i.ethernet_input) referenced from tcpip.o(i.tcpip_input)
 <LI><a href="#[2c]">finsh_rx_ind</a> from shell.o(i.finsh_rx_ind) referenced from shell.o(i.finsh_set_device)
 <LI><a href="#[84]">finsh_system_init</a> from shell.o(i.finsh_system_init) referenced from shell.o(.rti_fn.6)
 <LI><a href="#[2d]">finsh_thread_entry</a> from shell.o(i.finsh_thread_entry) referenced from shell.o(i.finsh_system_init)
 <LI><a href="#[3c]">hcd_init</a> from drv_usbh.o(i.hcd_init) referenced from drv_usbh.o(i.rt_hw_usbh_init)
 <LI><a href="#[9b]">hello</a> from cmd.o(i.hello) referenced from cmd.o(FSymTab)
 <LI><a href="#[50]">ip4_input</a> from ip4.o(i.ip4_input) referenced from tcpip.o(i.tcpip_input)
 <LI><a href="#[a6]">list</a> from cmd.o(i.list) referenced from cmd.o(FSymTab)
 <LI><a href="#[a5]">list_device</a> from cmd.o(i.list_device) referenced from cmd.o(FSymTab)
 <LI><a href="#[89]">list_fd</a> from dfs.o(i.list_fd) referenced from dfs.o(FSymTab)
 <LI><a href="#[a1]">list_mailbox</a> from cmd.o(i.list_mailbox) referenced from cmd.o(FSymTab)
 <LI><a href="#[a3]">list_mempool</a> from cmd.o(i.list_mempool) referenced from cmd.o(FSymTab)
 <LI><a href="#[a2]">list_msgqueue</a> from cmd.o(i.list_msgqueue) referenced from cmd.o(FSymTab)
 <LI><a href="#[a0]">list_mutex</a> from cmd.o(i.list_mutex) referenced from cmd.o(FSymTab)
 <LI><a href="#[9f]">list_sem</a> from cmd.o(i.list_sem) referenced from cmd.o(FSymTab)
 <LI><a href="#[9e]">list_thread</a> from cmd.o(i.list_thread) referenced from cmd.o(FSymTab)
 <LI><a href="#[a4]">list_timer</a> from cmd.o(i.list_timer) referenced from cmd.o(FSymTab)
 <LI><a href="#[7f]">lwip_system_init</a> from sys_arch.o(i.lwip_system_init) referenced from sys_arch.o(.rti_fn.2)
 <LI><a href="#[23]">main</a> from components.o(i.$Sub$$main) referenced from entry9a.o(.ARM.Collect$$$$0000000B)
 <LI><a href="#[32]">main_thread_entry</a> from components.o(i.main_thread_entry) referenced from components.o(i.rt_application_init)
 <LI><a href="#[8a]">msh_help</a> from msh.o(i.msh_help) referenced from msh.o(FSymTab)
 <LI><a href="#[a9]">netdev_dns</a> from netdev.o(i.netdev_dns) referenced from netdev.o(FSymTab)
 <LI><a href="#[a7]">netdev_ifconfig</a> from netdev.o(i.netdev_ifconfig) referenced from netdev.o(FSymTab)
 <LI><a href="#[aa]">netdev_netstat</a> from netdev.o(i.netdev_netstat) referenced from netdev.o(FSymTab)
 <LI><a href="#[a8]">netdev_ping</a> from netdev.o(i.netdev_ping) referenced from netdev.o(FSymTab)
 <LI><a href="#[4e]">netif_device_init</a> from sys_arch.o(i.netif_device_init) referenced from sys_arch.o(i.tcpip_init_done_callback)
 <LI><a href="#[2a]">netif_set_link_down</a> from netif.o(i.netif_set_link_down) referenced from ethernetif.o(i.eth_rx_thread_entry)
 <LI><a href="#[29]">netif_set_link_up</a> from netif.o(i.netif_set_link_up) referenced from ethernetif.o(i.eth_rx_thread_entry)
 <LI><a href="#[2f]">netifapi_do_netif_common</a> from netifapi.o(i.netifapi_do_netif_common) referenced from netifapi.o(i.netifapi_netif_common)
 <LI><a href="#[30]">netifapi_do_netif_set_addr</a> from netifapi.o(i.netifapi_do_netif_set_addr) referenced from netifapi.o(i.netifapi_netif_set_addr)
 <LI><a href="#[31]">pbuf_free_ooseq_callback</a> from pbuf.o(i.pbuf_free_ooseq_callback) referenced from pbuf.o(i.pbuf_pool_is_empty)
 <LI><a href="#[86]">readwrite</a> from main.o(i.readwrite) referenced from main.o(FSymTab)
 <LI><a href="#[88]">reboot</a> from board.o(i.reboot) referenced from board.o(FSymTab)
 <LI><a href="#[81]">rt_hw_usbh_init</a> from drv_usbh.o(i.rt_hw_usbh_init) referenced from drv_usbh.o(.rti_fn.3)
 <LI><a href="#[38]">rt_serial_close</a> from serial.o(i.rt_serial_close) referenced from serial.o(i.rt_hw_serial_register)
 <LI><a href="#[3b]">rt_serial_control</a> from serial.o(i.rt_serial_control) referenced from serial.o(i.rt_hw_serial_register)
 <LI><a href="#[36]">rt_serial_init</a> from serial.o(i.rt_serial_init) referenced from serial.o(i.rt_hw_serial_register)
 <LI><a href="#[37]">rt_serial_open</a> from serial.o(i.rt_serial_open) referenced from serial.o(i.rt_hw_serial_register)
 <LI><a href="#[39]">rt_serial_read</a> from serial.o(i.rt_serial_read) referenced from serial.o(i.rt_hw_serial_register)
 <LI><a href="#[3a]">rt_serial_write</a> from serial.o(i.rt_serial_write) referenced from serial.o(i.rt_hw_serial_register)
 <LI><a href="#[80]">rt_soft_rtc_init</a> from soft_rtc.o(i.rt_soft_rtc_init) referenced from soft_rtc.o(.rti_fn.3)
 <LI><a href="#[3e]">rt_thread_idle_entry</a> from idle.o(i.rt_thread_idle_entry) referenced from idle.o(i.rt_thread_idle_init)
 <LI><a href="#[42]">rt_udisk_control</a> from udisk.o(i.rt_udisk_control) referenced from udisk.o(i.rt_udisk_run)
 <LI><a href="#[3f]">rt_udisk_init</a> from udisk.o(i.rt_udisk_init) referenced from udisk.o(i.rt_udisk_run)
 <LI><a href="#[40]">rt_udisk_read</a> from udisk.o(i.rt_udisk_read) referenced from udisk.o(i.rt_udisk_run)
 <LI><a href="#[41]">rt_udisk_write</a> from udisk.o(i.rt_udisk_write) referenced from udisk.o(i.rt_udisk_run)
 <LI><a href="#[44]">rt_usbh_hub_disable</a> from hub.o(i.rt_usbh_hub_disable) referenced from hub.o(i.rt_usbh_class_driver_hub)
 <LI><a href="#[43]">rt_usbh_hub_enable</a> from hub.o(i.rt_usbh_hub_enable) referenced from hub.o(i.rt_usbh_class_driver_hub)
 <LI><a href="#[47]">rt_usbh_hub_irq</a> from hub.o(i.rt_usbh_hub_irq) referenced from hub.o(i.rt_usbh_hub_enable)
 <LI><a href="#[48]">rt_usbh_hub_thread_entry</a> from hub.o(i.rt_usbh_hub_thread_entry) referenced from hub.o(i.rt_usbh_hub_init)
 <LI><a href="#[46]">rt_usbh_storage_disable</a> from mass.o(i.rt_usbh_storage_disable) referenced from mass.o(i.rt_usbh_class_driver_storage)
 <LI><a href="#[45]">rt_usbh_storage_enable</a> from mass.o(i.rt_usbh_storage_enable) referenced from mass.o(i.rt_usbh_class_driver_storage)
 <LI><a href="#[7d]">rt_work_sys_workqueue_init</a> from workqueue.o(i.rt_work_sys_workqueue_init) referenced from workqueue.o(.rti_fn.2)
 <LI><a href="#[7c]">rti_board_end</a> from components.o(i.rti_board_end) referenced from components.o(.rti_fn.1.end)
 <LI><a href="#[7a]">rti_board_start</a> from components.o(i.rti_board_start) referenced from components.o(.rti_fn.0.end)
 <LI><a href="#[85]">rti_end</a> from components.o(i.rti_end) referenced from components.o(.rti_fn.6.end)
 <LI><a href="#[79]">rti_start</a> from components.o(i.rti_start) referenced from components.o(.rti_fn.0)
 <LI><a href="#[3d]">soft_rtc_control</a> from soft_rtc.o(i.soft_rtc_control) referenced from soft_rtc.o(i.rt_soft_rtc_init)
 <LI><a href="#[4a]">tcp_recv_null</a> from tcp.o(i.tcp_recv_null) referenced from tcp.o(i.tcp_alloc)
 <LI><a href="#[76]">tcp_tmr</a> from tcp.o(i.tcp_tmr) referenced from timeouts.o(.constdata)
 <LI><a href="#[2e]">tcpip_init_done_callback</a> from sys_arch.o(i.tcpip_init_done_callback) referenced from sys_arch.o(i.lwip_system_init)
 <LI><a href="#[4d]">tcpip_input</a> from tcpip.o(i.tcpip_input) referenced from sys_arch.o(i.tcpip_init_done_callback)
 <LI><a href="#[4b]">tcpip_tcp_timer</a> from timeouts.o(i.tcpip_tcp_timer) referenced from timeouts.o(i.tcp_timer_needed)
 <LI><a href="#[4b]">tcpip_tcp_timer</a> from timeouts.o(i.tcpip_tcp_timer) referenced from timeouts.o(i.tcpip_tcp_timer)
 <LI><a href="#[4c]">tcpip_thread</a> from tcpip.o(i.tcpip_thread) referenced from tcpip.o(i.tcpip_init)
 <LI><a href="#[51]">uart_configure</a> from drv_uart.o(i.uart_configure) referenced from drv_uart.o(.constdata)
 <LI><a href="#[52]">uart_control</a> from drv_uart.o(i.uart_control) referenced from drv_uart.o(.constdata)
 <LI><a href="#[54]">uart_getc</a> from drv_uart.o(i.uart_getc) referenced from drv_uart.o(.constdata)
 <LI><a href="#[53]">uart_putc</a> from drv_uart.o(i.uart_putc) referenced from drv_uart.o(.constdata)
 <LI><a href="#[9d]">version</a> from cmd.o(i.version) referenced from cmd.o(FSymTab)
</UL>
<P>
<H3>
Global Symbols
</H3>
<P><STRONG><a name="[25]"></a>__main</STRONG> (Thumb, 0 bytes, Stack size unknown bytes, entry.o(.ARM.Collect$$$$00000000))
<BR>[Address Reference Count : 1]<UL><LI> startup_armcm0.o(.text)
</UL>
<P><STRONG><a name="[314]"></a>_main_stk</STRONG> (Thumb, 0 bytes, Stack size unknown bytes, entry2.o(.ARM.Collect$$$$00000001))

<P><STRONG><a name="[ab]"></a>_main_scatterload</STRONG> (Thumb, 0 bytes, Stack size unknown bytes, entry5.o(.ARM.Collect$$$$00000004))
<BR><BR>[Calls]<UL><LI><a href="#[ac]">&gt;&gt;</a>&nbsp;&nbsp;&nbsp;__scatterload
</UL>

<P><STRONG><a name="[bf]"></a>__main_after_scatterload</STRONG> (Thumb, 0 bytes, Stack size unknown bytes, entry5.o(.ARM.Collect$$$$00000004))
<BR><BR>[Called By]<UL><LI><a href="#[ac]">&gt;&gt;</a>&nbsp;&nbsp;&nbsp;__scatterload
</UL>

<P><STRONG><a name="[315]"></a>_main_clock</STRONG> (Thumb, 0 bytes, Stack size unknown bytes, entry7b.o(.ARM.Collect$$$$00000008))

<P><STRONG><a name="[316]"></a>_main_cpp_init</STRONG> (Thumb, 0 bytes, Stack size unknown bytes, entry8b.o(.ARM.Collect$$$$0000000A))

<P><STRONG><a name="[317]"></a>_main_init</STRONG> (Thumb, 0 bytes, Stack size unknown bytes, entry9a.o(.ARM.Collect$$$$0000000B))

<P><STRONG><a name="[ad]"></a>__rt_lib_shutdown_fini</STRONG> (Thumb, 0 bytes, Stack size unknown bytes, entry12b.o(.ARM.Collect$$$$0000000E))
<BR><BR>[Calls]<UL><LI><a href="#[ae]">&gt;&gt;</a>&nbsp;&nbsp;&nbsp;__arm_fini_ (Weak Reference)
</UL>

<P><STRONG><a name="[318]"></a>__rt_final_cpp</STRONG> (Thumb, 0 bytes, Stack size unknown bytes, entry10a.o(.ARM.Collect$$$$0000000F))

<P><STRONG><a name="[319]"></a>__rt_final_exit</STRONG> (Thumb, 0 bytes, Stack size unknown bytes, entry11a.o(.ARM.Collect$$$$00000011))

<P><STRONG><a name="[dc]"></a>rt_hw_interrupt_disable</STRONG> (Thumb, 8 bytes, Stack size 0 bytes, context_rvds.o(.text))
<BR><BR>[Called By]<UL><LI><a href="#[9e]">&gt;&gt;</a>&nbsp;&nbsp;&nbsp;list_thread
<LI><a href="#[281]">&gt;&gt;</a>&nbsp;&nbsp;&nbsp;rt_thread_control
<LI><a href="#[cb]">&gt;&gt;</a>&nbsp;&nbsp;&nbsp;rt_interrupt_leave
<LI><a href="#[c9]">&gt;&gt;</a>&nbsp;&nbsp;&nbsp;rt_interrupt_enter
<LI><a href="#[3]">&gt;&gt;</a>&nbsp;&nbsp;&nbsp;ch_pin_attach_irq
<LI><a href="#[d6]">&gt;&gt;</a>&nbsp;&nbsp;&nbsp;rt_mutex_take
<LI><a href="#[d8]">&gt;&gt;</a>&nbsp;&nbsp;&nbsp;rt_mutex_release
<LI><a href="#[295]">&gt;&gt;</a>&nbsp;&nbsp;&nbsp;rt_timer_stop
<LI><a href="#[f2]">&gt;&gt;</a>&nbsp;&nbsp;&nbsp;rt_timer_detach
<LI><a href="#[291]">&gt;&gt;</a>&nbsp;&nbsp;&nbsp;rt_thread_delete
<LI><a href="#[1d7]">&gt;&gt;</a>&nbsp;&nbsp;&nbsp;rt_sem_take
<LI><a href="#[102]">&gt;&gt;</a>&nbsp;&nbsp;&nbsp;rt_sem_release
<LI><a href="#[49]">&gt;&gt;</a>&nbsp;&nbsp;&nbsp;_workqueue_thread_entry
<LI><a href="#[25f]">&gt;&gt;</a>&nbsp;&nbsp;&nbsp;rt_timer_start
<LI><a href="#[25e]">&gt;&gt;</a>&nbsp;&nbsp;&nbsp;rt_timer_control
<LI><a href="#[e0]">&gt;&gt;</a>&nbsp;&nbsp;&nbsp;rt_thread_suspend
<LI><a href="#[da]">&gt;&gt;</a>&nbsp;&nbsp;&nbsp;rt_thread_resume
<LI><a href="#[f4]">&gt;&gt;</a>&nbsp;&nbsp;&nbsp;rt_schedule
<LI><a href="#[103]">&gt;&gt;</a>&nbsp;&nbsp;&nbsp;rt_exit_critical
<LI><a href="#[100]">&gt;&gt;</a>&nbsp;&nbsp;&nbsp;rt_enter_critical
<LI><a href="#[f0]">&gt;&gt;</a>&nbsp;&nbsp;&nbsp;rt_completion_wait
<LI><a href="#[1ea]">&gt;&gt;</a>&nbsp;&nbsp;&nbsp;rt_completion_init
<LI><a href="#[d0]">&gt;&gt;</a>&nbsp;&nbsp;&nbsp;rt_completion_done
<LI><a href="#[271]">&gt;&gt;</a>&nbsp;&nbsp;&nbsp;rt_hw_serial_isr
<LI><a href="#[ee]">&gt;&gt;</a>&nbsp;&nbsp;&nbsp;_serial_int_rx
<LI><a href="#[ca]">&gt;&gt;</a>&nbsp;&nbsp;&nbsp;rt_tick_increase
<LI><a href="#[275]">&gt;&gt;</a>&nbsp;&nbsp;&nbsp;rt_interrupt_get_nest
<LI><a href="#[297]">&gt;&gt;</a>&nbsp;&nbsp;&nbsp;rt_timer_check
<LI><a href="#[f1]">&gt;&gt;</a>&nbsp;&nbsp;&nbsp;rt_schedule_remove_thread
<LI><a href="#[f9]">&gt;&gt;</a>&nbsp;&nbsp;&nbsp;rt_schedule_insert_thread
<LI><a href="#[292]">&gt;&gt;</a>&nbsp;&nbsp;&nbsp;rt_thread_sleep
<LI><a href="#[290]">&gt;&gt;</a>&nbsp;&nbsp;&nbsp;rt_thread_detach
<LI><a href="#[27]">&gt;&gt;</a>&nbsp;&nbsp;&nbsp;_thread_timeout
<LI><a href="#[26]">&gt;&gt;</a>&nbsp;&nbsp;&nbsp;_thread_exit
<LI><a href="#[268]">&gt;&gt;</a>&nbsp;&nbsp;&nbsp;rt_object_init
<LI><a href="#[264]">&gt;&gt;</a>&nbsp;&nbsp;&nbsp;rt_object_detach
<LI><a href="#[265]">&gt;&gt;</a>&nbsp;&nbsp;&nbsp;rt_object_delete
<LI><a href="#[27a]">&gt;&gt;</a>&nbsp;&nbsp;&nbsp;rt_object_allocate
<LI><a href="#[280]">&gt;&gt;</a>&nbsp;&nbsp;&nbsp;rt_mq_send_wait
<LI><a href="#[27e]">&gt;&gt;</a>&nbsp;&nbsp;&nbsp;rt_mq_recv
<LI><a href="#[27c]">&gt;&gt;</a>&nbsp;&nbsp;&nbsp;rt_mb_send_wait
<LI><a href="#[1a7]">&gt;&gt;</a>&nbsp;&nbsp;&nbsp;rt_mb_recv
<LI><a href="#[db]">&gt;&gt;</a>&nbsp;&nbsp;&nbsp;_ipc_list_resume_all
<LI><a href="#[a4]">&gt;&gt;</a>&nbsp;&nbsp;&nbsp;list_timer
<LI><a href="#[9f]">&gt;&gt;</a>&nbsp;&nbsp;&nbsp;list_sem
<LI><a href="#[a0]">&gt;&gt;</a>&nbsp;&nbsp;&nbsp;list_mutex
<LI><a href="#[a2]">&gt;&gt;</a>&nbsp;&nbsp;&nbsp;list_msgqueue
<LI><a href="#[a3]">&gt;&gt;</a>&nbsp;&nbsp;&nbsp;list_mempool
<LI><a href="#[a1]">&gt;&gt;</a>&nbsp;&nbsp;&nbsp;list_mailbox
<LI><a href="#[a5]">&gt;&gt;</a>&nbsp;&nbsp;&nbsp;list_device
<LI><a href="#[204]">&gt;&gt;</a>&nbsp;&nbsp;&nbsp;list_get_next
<LI><a href="#[1a1]">&gt;&gt;</a>&nbsp;&nbsp;&nbsp;pbuf_free
<LI><a href="#[c1]">&gt;&gt;</a>&nbsp;&nbsp;&nbsp;rtthread_startup
<LI><a href="#[262]">&gt;&gt;</a>&nbsp;&nbsp;&nbsp;rt_thread_defunct_dequeue
<LI><a href="#[230]">&gt;&gt;</a>&nbsp;&nbsp;&nbsp;netdev_get_by_name
<LI><a href="#[1a5]">&gt;&gt;</a>&nbsp;&nbsp;&nbsp;do_memp_malloc_pool_fn
<LI><a href="#[1a2]">&gt;&gt;</a>&nbsp;&nbsp;&nbsp;do_memp_free_pool
<LI><a href="#[250]">&gt;&gt;</a>&nbsp;&nbsp;&nbsp;pbuf_ref
<LI><a href="#[2b]">&gt;&gt;</a>&nbsp;&nbsp;&nbsp;eth_rx_thread_entry
<LI><a href="#[24d]">&gt;&gt;</a>&nbsp;&nbsp;&nbsp;pbuf_pool_is_empty
<LI><a href="#[252]">&gt;&gt;</a>&nbsp;&nbsp;&nbsp;pbuf_free_ooseq
<LI><a href="#[22b]">&gt;&gt;</a>&nbsp;&nbsp;&nbsp;netdev_get_first_by_flags
</UL>

<P><STRONG><a name="[dd]"></a>rt_hw_interrupt_enable</STRONG> (Thumb, 6 bytes, Stack size 0 bytes, context_rvds.o(.text))
<BR><BR>[Called By]<UL><LI><a href="#[9e]">&gt;&gt;</a>&nbsp;&nbsp;&nbsp;list_thread
<LI><a href="#[281]">&gt;&gt;</a>&nbsp;&nbsp;&nbsp;rt_thread_control
<LI><a href="#[cb]">&gt;&gt;</a>&nbsp;&nbsp;&nbsp;rt_interrupt_leave
<LI><a href="#[c9]">&gt;&gt;</a>&nbsp;&nbsp;&nbsp;rt_interrupt_enter
<LI><a href="#[3]">&gt;&gt;</a>&nbsp;&nbsp;&nbsp;ch_pin_attach_irq
<LI><a href="#[d6]">&gt;&gt;</a>&nbsp;&nbsp;&nbsp;rt_mutex_take
<LI><a href="#[d8]">&gt;&gt;</a>&nbsp;&nbsp;&nbsp;rt_mutex_release
<LI><a href="#[295]">&gt;&gt;</a>&nbsp;&nbsp;&nbsp;rt_timer_stop
<LI><a href="#[f2]">&gt;&gt;</a>&nbsp;&nbsp;&nbsp;rt_timer_detach
<LI><a href="#[291]">&gt;&gt;</a>&nbsp;&nbsp;&nbsp;rt_thread_delete
<LI><a href="#[1d7]">&gt;&gt;</a>&nbsp;&nbsp;&nbsp;rt_sem_take
<LI><a href="#[102]">&gt;&gt;</a>&nbsp;&nbsp;&nbsp;rt_sem_release
<LI><a href="#[49]">&gt;&gt;</a>&nbsp;&nbsp;&nbsp;_workqueue_thread_entry
<LI><a href="#[25f]">&gt;&gt;</a>&nbsp;&nbsp;&nbsp;rt_timer_start
<LI><a href="#[25e]">&gt;&gt;</a>&nbsp;&nbsp;&nbsp;rt_timer_control
<LI><a href="#[e0]">&gt;&gt;</a>&nbsp;&nbsp;&nbsp;rt_thread_suspend
<LI><a href="#[da]">&gt;&gt;</a>&nbsp;&nbsp;&nbsp;rt_thread_resume
<LI><a href="#[f4]">&gt;&gt;</a>&nbsp;&nbsp;&nbsp;rt_schedule
<LI><a href="#[103]">&gt;&gt;</a>&nbsp;&nbsp;&nbsp;rt_exit_critical
<LI><a href="#[100]">&gt;&gt;</a>&nbsp;&nbsp;&nbsp;rt_enter_critical
<LI><a href="#[f0]">&gt;&gt;</a>&nbsp;&nbsp;&nbsp;rt_completion_wait
<LI><a href="#[1ea]">&gt;&gt;</a>&nbsp;&nbsp;&nbsp;rt_completion_init
<LI><a href="#[d0]">&gt;&gt;</a>&nbsp;&nbsp;&nbsp;rt_completion_done
<LI><a href="#[271]">&gt;&gt;</a>&nbsp;&nbsp;&nbsp;rt_hw_serial_isr
<LI><a href="#[ee]">&gt;&gt;</a>&nbsp;&nbsp;&nbsp;_serial_int_rx
<LI><a href="#[ca]">&gt;&gt;</a>&nbsp;&nbsp;&nbsp;rt_tick_increase
<LI><a href="#[275]">&gt;&gt;</a>&nbsp;&nbsp;&nbsp;rt_interrupt_get_nest
<LI><a href="#[297]">&gt;&gt;</a>&nbsp;&nbsp;&nbsp;rt_timer_check
<LI><a href="#[f1]">&gt;&gt;</a>&nbsp;&nbsp;&nbsp;rt_schedule_remove_thread
<LI><a href="#[f9]">&gt;&gt;</a>&nbsp;&nbsp;&nbsp;rt_schedule_insert_thread
<LI><a href="#[292]">&gt;&gt;</a>&nbsp;&nbsp;&nbsp;rt_thread_sleep
<LI><a href="#[290]">&gt;&gt;</a>&nbsp;&nbsp;&nbsp;rt_thread_detach
<LI><a href="#[27]">&gt;&gt;</a>&nbsp;&nbsp;&nbsp;_thread_timeout
<LI><a href="#[26]">&gt;&gt;</a>&nbsp;&nbsp;&nbsp;_thread_exit
<LI><a href="#[268]">&gt;&gt;</a>&nbsp;&nbsp;&nbsp;rt_object_init
<LI><a href="#[264]">&gt;&gt;</a>&nbsp;&nbsp;&nbsp;rt_object_detach
<LI><a href="#[265]">&gt;&gt;</a>&nbsp;&nbsp;&nbsp;rt_object_delete
<LI><a href="#[27a]">&gt;&gt;</a>&nbsp;&nbsp;&nbsp;rt_object_allocate
<LI><a href="#[280]">&gt;&gt;</a>&nbsp;&nbsp;&nbsp;rt_mq_send_wait
<LI><a href="#[27e]">&gt;&gt;</a>&nbsp;&nbsp;&nbsp;rt_mq_recv
<LI><a href="#[27c]">&gt;&gt;</a>&nbsp;&nbsp;&nbsp;rt_mb_send_wait
<LI><a href="#[1a7]">&gt;&gt;</a>&nbsp;&nbsp;&nbsp;rt_mb_recv
<LI><a href="#[db]">&gt;&gt;</a>&nbsp;&nbsp;&nbsp;_ipc_list_resume_all
<LI><a href="#[a4]">&gt;&gt;</a>&nbsp;&nbsp;&nbsp;list_timer
<LI><a href="#[9f]">&gt;&gt;</a>&nbsp;&nbsp;&nbsp;list_sem
<LI><a href="#[a0]">&gt;&gt;</a>&nbsp;&nbsp;&nbsp;list_mutex
<LI><a href="#[a2]">&gt;&gt;</a>&nbsp;&nbsp;&nbsp;list_msgqueue
<LI><a href="#[a3]">&gt;&gt;</a>&nbsp;&nbsp;&nbsp;list_mempool
<LI><a href="#[a1]">&gt;&gt;</a>&nbsp;&nbsp;&nbsp;list_mailbox
<LI><a href="#[a5]">&gt;&gt;</a>&nbsp;&nbsp;&nbsp;list_device
<LI><a href="#[204]">&gt;&gt;</a>&nbsp;&nbsp;&nbsp;list_get_next
<LI><a href="#[1a1]">&gt;&gt;</a>&nbsp;&nbsp;&nbsp;pbuf_free
<LI><a href="#[262]">&gt;&gt;</a>&nbsp;&nbsp;&nbsp;rt_thread_defunct_dequeue
<LI><a href="#[230]">&gt;&gt;</a>&nbsp;&nbsp;&nbsp;netdev_get_by_name
<LI><a href="#[1a5]">&gt;&gt;</a>&nbsp;&nbsp;&nbsp;do_memp_malloc_pool_fn
<LI><a href="#[1a2]">&gt;&gt;</a>&nbsp;&nbsp;&nbsp;do_memp_free_pool
<LI><a href="#[250]">&gt;&gt;</a>&nbsp;&nbsp;&nbsp;pbuf_ref
<LI><a href="#[2b]">&gt;&gt;</a>&nbsp;&nbsp;&nbsp;eth_rx_thread_entry
<LI><a href="#[24d]">&gt;&gt;</a>&nbsp;&nbsp;&nbsp;pbuf_pool_is_empty
<LI><a href="#[252]">&gt;&gt;</a>&nbsp;&nbsp;&nbsp;pbuf_free_ooseq
<LI><a href="#[22b]">&gt;&gt;</a>&nbsp;&nbsp;&nbsp;netdev_get_first_by_flags
</UL>

<P><STRONG><a name="[285]"></a>rt_hw_context_switch</STRONG> (Thumb, 28 bytes, Stack size 0 bytes, context_rvds.o(.text))
<BR><BR>[Called By]<UL><LI><a href="#[f4]">&gt;&gt;</a>&nbsp;&nbsp;&nbsp;rt_schedule
</UL>

<P><STRONG><a name="[286]"></a>rt_hw_context_switch_interrupt</STRONG> (Thumb, 0 bytes, Stack size 0 bytes, context_rvds.o(.text))
<BR><BR>[Called By]<UL><LI><a href="#[f4]">&gt;&gt;</a>&nbsp;&nbsp;&nbsp;rt_schedule
</UL>

<P><STRONG><a name="[d]"></a>PendSV_Handler</STRONG> (Thumb, 84 bytes, Stack size 0 bytes, context_rvds.o(.text))
<BR>[Address Reference Count : 1]<UL><LI> startup_armcm0.o(RESET)
</UL>
<P><STRONG><a name="[28e]"></a>rt_hw_context_switch_to</STRONG> (Thumb, 44 bytes, Stack size 0 bytes, context_rvds.o(.text))
<BR><BR>[Called By]<UL><LI><a href="#[28d]">&gt;&gt;</a>&nbsp;&nbsp;&nbsp;rt_system_scheduler_start
</UL>

<P><STRONG><a name="[31a]"></a>rt_hw_interrupt_thread_switch</STRONG> (Thumb, 2 bytes, Stack size 0 bytes, context_rvds.o(.text), UNUSED)

<P><STRONG><a name="[b]"></a>HardFault_Handler</STRONG> (Thumb, 12 bytes, Stack size 0 bytes, context_rvds.o(.text))
<BR><BR>[Stack]<UL><LI>Max Depth = 444<LI>Call Chain = HardFault_Handler &rArr; rt_hw_hard_fault_exception &rArr; list_thread &rArr; object_split &rArr; rt_kprintf &rArr; rt_vsnprintf &rArr; print_number &rArr; __aeabi_uidivmod
</UL>
<BR>[Calls]<UL><LI><a href="#[af]">&gt;&gt;</a>&nbsp;&nbsp;&nbsp;rt_hw_hard_fault_exception
</UL>
<BR>[Address Reference Count : 1]<UL><LI> startup_armcm0.o(RESET)
</UL>
<P><STRONG><a name="[9]"></a>Reset_Handler</STRONG> (Thumb, 8 bytes, Stack size 0 bytes, startup_armcm0.o(.text))
<BR>[Address Reference Count : 1]<UL><LI> startup_armcm0.o(RESET)
</UL>
<P><STRONG><a name="[c]"></a>SVC_Handler</STRONG> (Thumb, 2 bytes, Stack size 0 bytes, startup_armcm0.o(.text))
<BR><BR>[Calls]<UL><LI><a href="#[c]">&gt;&gt;</a>&nbsp;&nbsp;&nbsp;SVC_Handler
</UL>
<BR>[Called By]<UL><LI><a href="#[c]">&gt;&gt;</a>&nbsp;&nbsp;&nbsp;SVC_Handler
</UL>
<BR>[Address Reference Count : 1]<UL><LI> startup_armcm0.o(RESET)
</UL>
<P><STRONG><a name="[1c]"></a>ADC_IRQHandler</STRONG> (Thumb, 0 bytes, Stack size 0 bytes, startup_armcm0.o(.text))
<BR><BR>[Calls]<UL><LI><a href="#[1c]">&gt;&gt;</a>&nbsp;&nbsp;&nbsp;ADC_IRQHandler
</UL>
<BR>[Called By]<UL><LI><a href="#[1c]">&gt;&gt;</a>&nbsp;&nbsp;&nbsp;ADC_IRQHandler
</UL>
<BR>[Address Reference Count : 1]<UL><LI> startup_armcm0.o(RESET)
</UL>
<P><STRONG><a name="[13]"></a>BB_IRQHandler</STRONG> (Thumb, 0 bytes, Stack size 0 bytes, startup_armcm0.o(.text))
<BR>[Address Reference Count : 1]<UL><LI> startup_armcm0.o(RESET)
</UL>
<P><STRONG><a name="[16]"></a>ETH_IRQHandler</STRONG> (Thumb, 0 bytes, Stack size 0 bytes, startup_armcm0.o(.text))
<BR>[Address Reference Count : 1]<UL><LI> startup_armcm0.o(RESET)
</UL>
<P><STRONG><a name="[10]"></a>GPIO_IRQHandler</STRONG> (Thumb, 0 bytes, Stack size 0 bytes, startup_armcm0.o(.text))
<BR>[Address Reference Count : 1]<UL><LI> startup_armcm0.o(RESET)
</UL>
<P><STRONG><a name="[1e]"></a>LED_IRQHandler</STRONG> (Thumb, 0 bytes, Stack size 0 bytes, startup_armcm0.o(.text))
<BR>[Address Reference Count : 1]<UL><LI> startup_armcm0.o(RESET)
</UL>
<P><STRONG><a name="[14]"></a>LLE_IRQHandler</STRONG> (Thumb, 0 bytes, Stack size 0 bytes, startup_armcm0.o(.text))
<BR>[Address Reference Count : 1]<UL><LI> startup_armcm0.o(RESET)
</UL>
<P><STRONG><a name="[1b]"></a>RTC_IRQHandler</STRONG> (Thumb, 0 bytes, Stack size 0 bytes, startup_armcm0.o(.text))
<BR>[Address Reference Count : 1]<UL><LI> startup_armcm0.o(RESET)
</UL>
<P><STRONG><a name="[11]"></a>SLAVE_IRQHandler</STRONG> (Thumb, 0 bytes, Stack size 0 bytes, startup_armcm0.o(.text))
<BR>[Address Reference Count : 1]<UL><LI> startup_armcm0.o(RESET)
</UL>
<P><STRONG><a name="[12]"></a>SPI0_IRQHandler</STRONG> (Thumb, 0 bytes, Stack size 0 bytes, startup_armcm0.o(.text))
<BR>[Address Reference Count : 1]<UL><LI> startup_armcm0.o(RESET)
</UL>
<P><STRONG><a name="[1d]"></a>SPI1_IRQHandler</STRONG> (Thumb, 0 bytes, Stack size 0 bytes, startup_armcm0.o(.text))
<BR>[Address Reference Count : 1]<UL><LI> startup_armcm0.o(RESET)
</UL>
<P><STRONG><a name="[f]"></a>TMR0_IRQHandler</STRONG> (Thumb, 0 bytes, Stack size 0 bytes, startup_armcm0.o(.text))
<BR>[Address Reference Count : 1]<UL><LI> startup_armcm0.o(RESET)
</UL>
<P><STRONG><a name="[17]"></a>TMR1_IRQHandler</STRONG> (Thumb, 0 bytes, Stack size 0 bytes, startup_armcm0.o(.text))
<BR>[Address Reference Count : 1]<UL><LI> startup_armcm0.o(RESET)
</UL>
<P><STRONG><a name="[18]"></a>TMR2_IRQHandler</STRONG> (Thumb, 0 bytes, Stack size 0 bytes, startup_armcm0.o(.text))
<BR>[Address Reference Count : 1]<UL><LI> startup_armcm0.o(RESET)
</UL>
<P><STRONG><a name="[1f]"></a>TMR3_IRQHandler</STRONG> (Thumb, 0 bytes, Stack size 0 bytes, startup_armcm0.o(.text))
<BR>[Address Reference Count : 1]<UL><LI> startup_armcm0.o(RESET)
</UL>
<P><STRONG><a name="[20]"></a>UART2_IRQHandler</STRONG> (Thumb, 0 bytes, Stack size 0 bytes, startup_armcm0.o(.text))
<BR>[Address Reference Count : 1]<UL><LI> startup_armcm0.o(RESET)
</UL>
<P><STRONG><a name="[21]"></a>UART3_IRQHandler</STRONG> (Thumb, 0 bytes, Stack size 0 bytes, startup_armcm0.o(.text))
<BR>[Address Reference Count : 1]<UL><LI> startup_armcm0.o(RESET)
</UL>
<P><STRONG><a name="[22]"></a>WDT_IRQHandler</STRONG> (Thumb, 0 bytes, Stack size 0 bytes, startup_armcm0.o(.text))
<BR>[Address Reference Count : 1]<UL><LI> startup_armcm0.o(RESET)
</UL>
<P><STRONG><a name="[31b]"></a>__aeabi_uidiv</STRONG> (Thumb, 0 bytes, Stack size 12 bytes, uidiv.o(.text), UNUSED)

<P><STRONG><a name="[b1]"></a>__aeabi_uidivmod</STRONG> (Thumb, 44 bytes, Stack size 12 bytes, uidiv.o(.text))
<BR><BR>[Stack]<UL><LI>Max Depth = 12<LI>Call Chain = __aeabi_uidivmod
</UL>
<BR>[Called By]<UL><LI><a href="#[3d]">&gt;&gt;</a>&nbsp;&nbsp;&nbsp;soft_rtc_control
<LI><a href="#[9e]">&gt;&gt;</a>&nbsp;&nbsp;&nbsp;list_thread
<LI><a href="#[16d]">&gt;&gt;</a>&nbsp;&nbsp;&nbsp;timegm
<LI><a href="#[1e8]">&gt;&gt;</a>&nbsp;&nbsp;&nbsp;gmtime_r
<LI><a href="#[5a]">&gt;&gt;</a>&nbsp;&nbsp;&nbsp;dfs_device_fs_getdents
<LI><a href="#[26b]">&gt;&gt;</a>&nbsp;&nbsp;&nbsp;rt_hw_board_init
<LI><a href="#[51]">&gt;&gt;</a>&nbsp;&nbsp;&nbsp;uart_configure
<LI><a href="#[72]">&gt;&gt;</a>&nbsp;&nbsp;&nbsp;dfs_romfs_getdents
<LI><a href="#[140]">&gt;&gt;</a>&nbsp;&nbsp;&nbsp;put_fat
<LI><a href="#[1bb]">&gt;&gt;</a>&nbsp;&nbsp;&nbsp;mount_volume
<LI><a href="#[13f]">&gt;&gt;</a>&nbsp;&nbsp;&nbsp;get_fat
<LI><a href="#[1bc]">&gt;&gt;</a>&nbsp;&nbsp;&nbsp;follow_path
<LI><a href="#[17f]">&gt;&gt;</a>&nbsp;&nbsp;&nbsp;dir_sdi
<LI><a href="#[18b]">&gt;&gt;</a>&nbsp;&nbsp;&nbsp;dir_register
<LI><a href="#[180]">&gt;&gt;</a>&nbsp;&nbsp;&nbsp;dir_next
<LI><a href="#[181]">&gt;&gt;</a>&nbsp;&nbsp;&nbsp;dir_clear
<LI><a href="#[145]">&gt;&gt;</a>&nbsp;&nbsp;&nbsp;create_partition
<LI><a href="#[11f]">&gt;&gt;</a>&nbsp;&nbsp;&nbsp;clmt_clust
<LI><a href="#[170]">&gt;&gt;</a>&nbsp;&nbsp;&nbsp;f_write
<LI><a href="#[16a]">&gt;&gt;</a>&nbsp;&nbsp;&nbsp;f_read
<LI><a href="#[169]">&gt;&gt;</a>&nbsp;&nbsp;&nbsp;f_open
<LI><a href="#[165]">&gt;&gt;</a>&nbsp;&nbsp;&nbsp;f_mkfs
<LI><a href="#[161]">&gt;&gt;</a>&nbsp;&nbsp;&nbsp;f_lseek
<LI><a href="#[16e]">&gt;&gt;</a>&nbsp;&nbsp;&nbsp;f_getfree
<LI><a href="#[146]">&gt;&gt;</a>&nbsp;&nbsp;&nbsp;disk_ioctl
<LI><a href="#[64]">&gt;&gt;</a>&nbsp;&nbsp;&nbsp;dfs_elm_lseek
<LI><a href="#[65]">&gt;&gt;</a>&nbsp;&nbsp;&nbsp;dfs_elm_getdents
<LI><a href="#[259]">&gt;&gt;</a>&nbsp;&nbsp;&nbsp;print_number
<LI><a href="#[305]">&gt;&gt;</a>&nbsp;&nbsp;&nbsp;tcp_slowtmr
<LI><a href="#[b0]">&gt;&gt;</a>&nbsp;&nbsp;&nbsp;__aeabi_idivmod
</UL>

<P><STRONG><a name="[31c]"></a>__aeabi_idiv</STRONG> (Thumb, 0 bytes, Stack size 16 bytes, idiv.o(.text), UNUSED)

<P><STRONG><a name="[b0]"></a>__aeabi_idivmod</STRONG> (Thumb, 40 bytes, Stack size 16 bytes, idiv.o(.text))
<BR><BR>[Stack]<UL><LI>Max Depth = 28<LI>Call Chain = __aeabi_idivmod &rArr; __aeabi_uidivmod
</UL>
<BR>[Calls]<UL><LI><a href="#[b1]">&gt;&gt;</a>&nbsp;&nbsp;&nbsp;__aeabi_uidivmod
</UL>
<BR>[Called By]<UL><LI><a href="#[16d]">&gt;&gt;</a>&nbsp;&nbsp;&nbsp;timegm
<LI><a href="#[105]">&gt;&gt;</a>&nbsp;&nbsp;&nbsp;asctime_r
<LI><a href="#[107]">&gt;&gt;</a>&nbsp;&nbsp;&nbsp;num2str
<LI><a href="#[d1]">&gt;&gt;</a>&nbsp;&nbsp;&nbsp;__isleap
<LI><a href="#[6]">&gt;&gt;</a>&nbsp;&nbsp;&nbsp;drv_pipe_xfer
<LI><a href="#[294]">&gt;&gt;</a>&nbsp;&nbsp;&nbsp;rt_tick_from_millisecond
<LI><a href="#[c5]">&gt;&gt;</a>&nbsp;&nbsp;&nbsp;GetSysClock
<LI><a href="#[1bb]">&gt;&gt;</a>&nbsp;&nbsp;&nbsp;mount_volume
<LI><a href="#[2ff]">&gt;&gt;</a>&nbsp;&nbsp;&nbsp;tcp_receive
<LI><a href="#[2c2]">&gt;&gt;</a>&nbsp;&nbsp;&nbsp;rt_usbh_hub_port_debounce
<LI><a href="#[43]">&gt;&gt;</a>&nbsp;&nbsp;&nbsp;rt_usbh_hub_enable
<LI><a href="#[237]">&gt;&gt;</a>&nbsp;&nbsp;&nbsp;netdev_ip4addr_ntoa_r
</UL>

<P><STRONG><a name="[b2]"></a>__aeabi_ldivmod</STRONG> (Thumb, 76 bytes, Stack size 24 bytes, ldiv.o(.text))
<BR><BR>[Stack]<UL><LI>Max Depth = 80<LI>Call Chain = __aeabi_ldivmod &rArr; __aeabi_uldivmod &rArr; __aeabi_llsr
</UL>
<BR>[Calls]<UL><LI><a href="#[b3]">&gt;&gt;</a>&nbsp;&nbsp;&nbsp;__aeabi_uldivmod
</UL>
<BR>[Called By]<UL><LI><a href="#[124]">&gt;&gt;</a>&nbsp;&nbsp;&nbsp;df
</UL>

<P><STRONG><a name="[b4]"></a>__aeabi_lmul</STRONG> (Thumb, 122 bytes, Stack size 64 bytes, llmul.o(.text))
<BR><BR>[Stack]<UL><LI>Max Depth = 72<LI>Call Chain = __aeabi_lmul &rArr; __aeabi_llsl
</UL>
<BR>[Calls]<UL><LI><a href="#[b5]">&gt;&gt;</a>&nbsp;&nbsp;&nbsp;__aeabi_llsl
</UL>
<BR>[Called By]<UL><LI><a href="#[124]">&gt;&gt;</a>&nbsp;&nbsp;&nbsp;df
</UL>

<P><STRONG><a name="[31d]"></a>_ll_mul</STRONG> (Thumb, 0 bytes, Stack size 64 bytes, llmul.o(.text), UNUSED)

<P><STRONG><a name="[19a]"></a>rand</STRONG> (Thumb, 18 bytes, Stack size 0 bytes, rand.o(.text))
<BR><BR>[Called By]<UL><LI><a href="#[198]">&gt;&gt;</a>&nbsp;&nbsp;&nbsp;dns_create_txid
</UL>

<P><STRONG><a name="[31e]"></a>srand</STRONG> (Thumb, 6 bytes, Stack size 0 bytes, rand.o(.text), UNUSED)

<P><STRONG><a name="[18e]"></a>__aeabi_memcpy</STRONG> (Thumb, 36 bytes, Stack size 0 bytes, memcpya.o(.text))
<BR><BR>[Called By]<UL><LI><a href="#[18c]">&gt;&gt;</a>&nbsp;&nbsp;&nbsp;gen_numname
<LI><a href="#[18b]">&gt;&gt;</a>&nbsp;&nbsp;&nbsp;dir_register
<LI><a href="#[170]">&gt;&gt;</a>&nbsp;&nbsp;&nbsp;f_write
<LI><a href="#[16b]">&gt;&gt;</a>&nbsp;&nbsp;&nbsp;f_rename
<LI><a href="#[16a]">&gt;&gt;</a>&nbsp;&nbsp;&nbsp;f_read
<LI><a href="#[165]">&gt;&gt;</a>&nbsp;&nbsp;&nbsp;f_mkfs
</UL>

<P><STRONG><a name="[1bf]"></a>__aeabi_memcpy4</STRONG> (Thumb, 0 bytes, Stack size 0 bytes, memcpya.o(.text))
<BR><BR>[Called By]<UL><LI><a href="#[80]">&gt;&gt;</a>&nbsp;&nbsp;&nbsp;rt_soft_rtc_init
<LI><a href="#[16b]">&gt;&gt;</a>&nbsp;&nbsp;&nbsp;f_rename
<LI><a href="#[168]">&gt;&gt;</a>&nbsp;&nbsp;&nbsp;f_mkdir
<LI><a href="#[1a4]">&gt;&gt;</a>&nbsp;&nbsp;&nbsp;memp_overflow_check_element_underflow
<LI><a href="#[1a3]">&gt;&gt;</a>&nbsp;&nbsp;&nbsp;memp_overflow_check_element_overflow
</UL>

<P><STRONG><a name="[31f]"></a>__aeabi_memcpy8</STRONG> (Thumb, 0 bytes, Stack size 0 bytes, memcpya.o(.text), UNUSED)

<P><STRONG><a name="[b7]"></a>__aeabi_memset</STRONG> (Thumb, 14 bytes, Stack size 0 bytes, memseta.o(.text))
<BR><BR>[Called By]<UL><LI><a href="#[141]">&gt;&gt;</a>&nbsp;&nbsp;&nbsp;create_name
<LI><a href="#[168]">&gt;&gt;</a>&nbsp;&nbsp;&nbsp;f_mkdir
<LI><a href="#[21e]">&gt;&gt;</a>&nbsp;&nbsp;&nbsp;memp_overflow_init_element
<LI><a href="#[b8]">&gt;&gt;</a>&nbsp;&nbsp;&nbsp;_memset$wrapper
<LI><a href="#[b6]">&gt;&gt;</a>&nbsp;&nbsp;&nbsp;__aeabi_memclr
</UL>

<P><STRONG><a name="[320]"></a>__aeabi_memset4</STRONG> (Thumb, 0 bytes, Stack size 0 bytes, memseta.o(.text), UNUSED)

<P><STRONG><a name="[321]"></a>__aeabi_memset8</STRONG> (Thumb, 0 bytes, Stack size 0 bytes, memseta.o(.text), UNUSED)

<P><STRONG><a name="[b6]"></a>__aeabi_memclr</STRONG> (Thumb, 4 bytes, Stack size 0 bytes, memseta.o(.text))
<BR><BR>[Calls]<UL><LI><a href="#[b7]">&gt;&gt;</a>&nbsp;&nbsp;&nbsp;__aeabi_memset
</UL>
<BR>[Called By]<UL><LI><a href="#[18b]">&gt;&gt;</a>&nbsp;&nbsp;&nbsp;dir_register
<LI><a href="#[181]">&gt;&gt;</a>&nbsp;&nbsp;&nbsp;dir_clear
<LI><a href="#[145]">&gt;&gt;</a>&nbsp;&nbsp;&nbsp;create_partition
<LI><a href="#[165]">&gt;&gt;</a>&nbsp;&nbsp;&nbsp;f_mkfs
</UL>

<P><STRONG><a name="[184]"></a>__aeabi_memclr4</STRONG> (Thumb, 0 bytes, Stack size 0 bytes, memseta.o(.text))
<BR><BR>[Called By]<UL><LI><a href="#[1c0]">&gt;&gt;</a>&nbsp;&nbsp;&nbsp;sync_fs
<LI><a href="#[181]">&gt;&gt;</a>&nbsp;&nbsp;&nbsp;dir_clear
<LI><a href="#[169]">&gt;&gt;</a>&nbsp;&nbsp;&nbsp;f_open
<LI><a href="#[2dc]">&gt;&gt;</a>&nbsp;&nbsp;&nbsp;tcp_alloc
</UL>

<P><STRONG><a name="[322]"></a>__aeabi_memclr8</STRONG> (Thumb, 0 bytes, Stack size 0 bytes, memseta.o(.text), UNUSED)

<P><STRONG><a name="[b8]"></a>_memset$wrapper</STRONG> (Thumb, 18 bytes, Stack size 8 bytes, memseta.o(.text), UNUSED)
<BR><BR>[Calls]<UL><LI><a href="#[b7]">&gt;&gt;</a>&nbsp;&nbsp;&nbsp;__aeabi_memset
</UL>

<P><STRONG><a name="[1d5]"></a>strcat</STRONG> (Thumb, 24 bytes, Stack size 0 bytes, strcat.o(.text))
<BR><BR>[Called By]<UL><LI><a href="#[223]">&gt;&gt;</a>&nbsp;&nbsp;&nbsp;msh_auto_complete_path
<LI><a href="#[1d2]">&gt;&gt;</a>&nbsp;&nbsp;&nbsp;finsh_get_prompt
<LI><a href="#[1a4]">&gt;&gt;</a>&nbsp;&nbsp;&nbsp;memp_overflow_check_element_underflow
<LI><a href="#[1a3]">&gt;&gt;</a>&nbsp;&nbsp;&nbsp;memp_overflow_check_element_overflow
</UL>

<P><STRONG><a name="[227]"></a>strstr</STRONG> (Thumb, 40 bytes, Stack size 12 bytes, strstr.o(.text))
<BR><BR>[Stack]<UL><LI>Max Depth = 12<LI>Call Chain = strstr
</UL>
<BR>[Called By]<UL><LI><a href="#[226]">&gt;&gt;</a>&nbsp;&nbsp;&nbsp;msh_exec_script
</UL>

<P><STRONG><a name="[119]"></a>strncpy</STRONG> (Thumb, 26 bytes, Stack size 8 bytes, strncpy.o(.text))
<BR><BR>[Stack]<UL><LI>Max Depth = 8<LI>Call Chain = strncpy
</UL>
<BR>[Called By]<UL><LI><a href="#[1d4]">&gt;&gt;</a>&nbsp;&nbsp;&nbsp;getcwd
<LI><a href="#[110]">&gt;&gt;</a>&nbsp;&nbsp;&nbsp;chdir
<LI><a href="#[1d2]">&gt;&gt;</a>&nbsp;&nbsp;&nbsp;finsh_get_prompt
</UL>

<P><STRONG><a name="[143]"></a>strchr</STRONG> (Thumb, 20 bytes, Stack size 0 bytes, strchr.o(.text))
<BR><BR>[Called By]<UL><LI><a href="#[141]">&gt;&gt;</a>&nbsp;&nbsp;&nbsp;create_name
</UL>

<P><STRONG><a name="[113]"></a>strlen</STRONG> (Thumb, 14 bytes, Stack size 0 bytes, strlen.o(.text))
<BR><BR>[Called By]<UL><LI><a href="#[176]">&gt;&gt;</a>&nbsp;&nbsp;&nbsp;fd_is_open
<LI><a href="#[172]">&gt;&gt;</a>&nbsp;&nbsp;&nbsp;dfs_subdir
<LI><a href="#[171]">&gt;&gt;</a>&nbsp;&nbsp;&nbsp;dfs_filesystem_lookup
<LI><a href="#[115]">&gt;&gt;</a>&nbsp;&nbsp;&nbsp;dfs_normalize_path
<LI><a href="#[110]">&gt;&gt;</a>&nbsp;&nbsp;&nbsp;chdir
<LI><a href="#[99]">&gt;&gt;</a>&nbsp;&nbsp;&nbsp;cmd_echo
<LI><a href="#[222]">&gt;&gt;</a>&nbsp;&nbsp;&nbsp;msh_auto_complete
<LI><a href="#[2d]">&gt;&gt;</a>&nbsp;&nbsp;&nbsp;finsh_thread_entry
<LI><a href="#[199]">&gt;&gt;</a>&nbsp;&nbsp;&nbsp;dns_send
</UL>

<P><STRONG><a name="[125]"></a>strcmp</STRONG> (Thumb, 28 bytes, Stack size 8 bytes, strcmp.o(.text))
<BR><BR>[Stack]<UL><LI>Max Depth = 8<LI>Call Chain = strcmp
</UL>
<BR>[Called By]<UL><LI><a href="#[13b]">&gt;&gt;</a>&nbsp;&nbsp;&nbsp;copydir
<LI><a href="#[176]">&gt;&gt;</a>&nbsp;&nbsp;&nbsp;fd_is_open
<LI><a href="#[136]">&gt;&gt;</a>&nbsp;&nbsp;&nbsp;dfs_unmount
<LI><a href="#[151]">&gt;&gt;</a>&nbsp;&nbsp;&nbsp;dfs_register
<LI><a href="#[12c]">&gt;&gt;</a>&nbsp;&nbsp;&nbsp;dfs_mount
<LI><a href="#[12b]">&gt;&gt;</a>&nbsp;&nbsp;&nbsp;dfs_mkfs
<LI><a href="#[95]">&gt;&gt;</a>&nbsp;&nbsp;&nbsp;cmd_mkfs
<LI><a href="#[98]">&gt;&gt;</a>&nbsp;&nbsp;&nbsp;cmd_df
</UL>

<P><STRONG><a name="[11d]"></a>memcmp</STRONG> (Thumb, 26 bytes, Stack size 12 bytes, memcmp.o(.text))
<BR><BR>[Stack]<UL><LI>Max Depth = 12<LI>Call Chain = memcmp
</UL>
<BR>[Called By]<UL><LI><a href="#[1e2]">&gt;&gt;</a>&nbsp;&nbsp;&nbsp;shell_push_history
<LI><a href="#[187]">&gt;&gt;</a>&nbsp;&nbsp;&nbsp;dir_find
<LI><a href="#[11a]">&gt;&gt;</a>&nbsp;&nbsp;&nbsp;check_fs
<LI><a href="#[4f]">&gt;&gt;</a>&nbsp;&nbsp;&nbsp;ethernet_input
</UL>

<P><STRONG><a name="[1d3]"></a>strcpy</STRONG> (Thumb, 18 bytes, Stack size 0 bytes, strcpy.o(.text))
<BR><BR>[Called By]<UL><LI><a href="#[223]">&gt;&gt;</a>&nbsp;&nbsp;&nbsp;msh_auto_complete_path
<LI><a href="#[1d2]">&gt;&gt;</a>&nbsp;&nbsp;&nbsp;finsh_get_prompt
</UL>

<P><STRONG><a name="[178]"></a>strncmp</STRONG> (Thumb, 30 bytes, Stack size 12 bytes, strncmp.o(.text))
<BR><BR>[Stack]<UL><LI>Max Depth = 12<LI>Call Chain = strncmp
</UL>
<BR>[Called By]<UL><LI><a href="#[171]">&gt;&gt;</a>&nbsp;&nbsp;&nbsp;dfs_filesystem_lookup
<LI><a href="#[223]">&gt;&gt;</a>&nbsp;&nbsp;&nbsp;msh_auto_complete_path
<LI><a href="#[e5]">&gt;&gt;</a>&nbsp;&nbsp;&nbsp;msh_get_cmd
<LI><a href="#[222]">&gt;&gt;</a>&nbsp;&nbsp;&nbsp;msh_auto_complete
<LI><a href="#[a6]">&gt;&gt;</a>&nbsp;&nbsp;&nbsp;list
</UL>

<P><STRONG><a name="[d3]"></a>strrchr</STRONG> (Thumb, 22 bytes, Stack size 0 bytes, strrchr.o(.text))
<BR><BR>[Called By]<UL><LI><a href="#[d2]">&gt;&gt;</a>&nbsp;&nbsp;&nbsp;_get_path_lastname
</UL>

<P><STRONG><a name="[1f3]"></a>__aeabi_uread4</STRONG> (Thumb, 20 bytes, Stack size 0 bytes, uread4.o(.text))
<BR><BR>[Called By]<UL><LI><a href="#[50]">&gt;&gt;</a>&nbsp;&nbsp;&nbsp;ip4_input
<LI><a href="#[1ec]">&gt;&gt;</a>&nbsp;&nbsp;&nbsp;icmp_send_response
<LI><a href="#[306]">&gt;&gt;</a>&nbsp;&nbsp;&nbsp;tcp_zero_window_probe
<LI><a href="#[300]">&gt;&gt;</a>&nbsp;&nbsp;&nbsp;tcp_rexmit
<LI><a href="#[2e8]">&gt;&gt;</a>&nbsp;&nbsp;&nbsp;tcp_output
<LI><a href="#[2fc]">&gt;&gt;</a>&nbsp;&nbsp;&nbsp;tcp_output_segment
<LI><a href="#[1fb]">&gt;&gt;</a>&nbsp;&nbsp;&nbsp;tcp_input
<LI><a href="#[1fd]">&gt;&gt;</a>&nbsp;&nbsp;&nbsp;ip4_output_if_src
<LI><a href="#[2ff]">&gt;&gt;</a>&nbsp;&nbsp;&nbsp;tcp_receive
<LI><a href="#[2fb]">&gt;&gt;</a>&nbsp;&nbsp;&nbsp;tcp_oos_insert_segment
<LI><a href="#[2a6]">&gt;&gt;</a>&nbsp;&nbsp;&nbsp;rt_usb_bulk_only_xfer
</UL>

<P><STRONG><a name="[323]"></a>__rt_uread4</STRONG> (Thumb, 0 bytes, Stack size 0 bytes, uread4.o(.text), UNUSED)

<P><STRONG><a name="[324]"></a>_uread4</STRONG> (Thumb, 0 bytes, Stack size 0 bytes, uread4.o(.text), UNUSED)

<P><STRONG><a name="[1f0]"></a>__aeabi_uwrite4</STRONG> (Thumb, 18 bytes, Stack size 0 bytes, uwrite4.o(.text))
<BR><BR>[Called By]<UL><LI><a href="#[2da]">&gt;&gt;</a>&nbsp;&nbsp;&nbsp;tcp_rst
<LI><a href="#[2fc]">&gt;&gt;</a>&nbsp;&nbsp;&nbsp;tcp_output_segment
<LI><a href="#[2f6]">&gt;&gt;</a>&nbsp;&nbsp;&nbsp;tcp_output_alloc_header
<LI><a href="#[2e9]">&gt;&gt;</a>&nbsp;&nbsp;&nbsp;tcp_create_segment
<LI><a href="#[1fb]">&gt;&gt;</a>&nbsp;&nbsp;&nbsp;tcp_input
<LI><a href="#[1ed]">&gt;&gt;</a>&nbsp;&nbsp;&nbsp;icmp_input
<LI><a href="#[1fd]">&gt;&gt;</a>&nbsp;&nbsp;&nbsp;ip4_output_if_src
<LI><a href="#[2ff]">&gt;&gt;</a>&nbsp;&nbsp;&nbsp;tcp_receive
</UL>

<P><STRONG><a name="[325]"></a>__rt_uwrite4</STRONG> (Thumb, 0 bytes, Stack size 0 bytes, uwrite4.o(.text), UNUSED)

<P><STRONG><a name="[326]"></a>_uwrite4</STRONG> (Thumb, 0 bytes, Stack size 0 bytes, uwrite4.o(.text), UNUSED)

<P><STRONG><a name="[b9]"></a>atoi</STRONG> (Thumb, 26 bytes, Stack size 16 bytes, atoi.o(.text))
<BR><BR>[Stack]<UL><LI>Max Depth = 88<LI>Call Chain = atoi &rArr; strtol &rArr; _strtoul
</UL>
<BR>[Calls]<UL><LI><a href="#[bb]">&gt;&gt;</a>&nbsp;&nbsp;&nbsp;strtol
<LI><a href="#[ba]">&gt;&gt;</a>&nbsp;&nbsp;&nbsp;__aeabi_errno_addr
</UL>
<BR>[Called By]<UL><LI><a href="#[87]">&gt;&gt;</a>&nbsp;&nbsp;&nbsp;date
<LI><a href="#[9a]">&gt;&gt;</a>&nbsp;&nbsp;&nbsp;cmd_tail
<LI><a href="#[a9]">&gt;&gt;</a>&nbsp;&nbsp;&nbsp;netdev_dns
</UL>

<P><STRONG><a name="[b3]"></a>__aeabi_uldivmod</STRONG> (Thumb, 96 bytes, Stack size 48 bytes, uldiv.o(.text))
<BR><BR>[Stack]<UL><LI>Max Depth = 56<LI>Call Chain = __aeabi_uldivmod &rArr; __aeabi_llsr
</UL>
<BR>[Calls]<UL><LI><a href="#[bc]">&gt;&gt;</a>&nbsp;&nbsp;&nbsp;__aeabi_llsr
<LI><a href="#[b5]">&gt;&gt;</a>&nbsp;&nbsp;&nbsp;__aeabi_llsl
</UL>
<BR>[Called By]<UL><LI><a href="#[b2]">&gt;&gt;</a>&nbsp;&nbsp;&nbsp;__aeabi_ldivmod
</UL>

<P><STRONG><a name="[b5]"></a>__aeabi_llsl</STRONG> (Thumb, 32 bytes, Stack size 8 bytes, llshl.o(.text))
<BR><BR>[Stack]<UL><LI>Max Depth = 8<LI>Call Chain = __aeabi_llsl
</UL>
<BR>[Called By]<UL><LI><a href="#[b4]">&gt;&gt;</a>&nbsp;&nbsp;&nbsp;__aeabi_lmul
<LI><a href="#[b3]">&gt;&gt;</a>&nbsp;&nbsp;&nbsp;__aeabi_uldivmod
</UL>

<P><STRONG><a name="[327]"></a>_ll_shift_l</STRONG> (Thumb, 0 bytes, Stack size 8 bytes, llshl.o(.text), UNUSED)

<P><STRONG><a name="[bb]"></a>strtol</STRONG> (Thumb, 108 bytes, Stack size 32 bytes, strtol.o(.text))
<BR><BR>[Stack]<UL><LI>Max Depth = 72<LI>Call Chain = strtol &rArr; _strtoul
</UL>
<BR>[Calls]<UL><LI><a href="#[be]">&gt;&gt;</a>&nbsp;&nbsp;&nbsp;_strtoul
<LI><a href="#[bd]">&gt;&gt;</a>&nbsp;&nbsp;&nbsp;__rt_ctype_table
<LI><a href="#[ba]">&gt;&gt;</a>&nbsp;&nbsp;&nbsp;__aeabi_errno_addr
</UL>
<BR>[Called By]<UL><LI><a href="#[b9]">&gt;&gt;</a>&nbsp;&nbsp;&nbsp;atoi
</UL>

<P><STRONG><a name="[ac]"></a>__scatterload</STRONG> (Thumb, 28 bytes, Stack size 0 bytes, init.o(.text))
<BR><BR>[Calls]<UL><LI><a href="#[bf]">&gt;&gt;</a>&nbsp;&nbsp;&nbsp;__main_after_scatterload
</UL>
<BR>[Called By]<UL><LI><a href="#[ab]">&gt;&gt;</a>&nbsp;&nbsp;&nbsp;_main_scatterload
</UL>

<P><STRONG><a name="[328]"></a>__scatterload_rt2</STRONG> (Thumb, 0 bytes, Stack size 0 bytes, init.o(.text), UNUSED)

<P><STRONG><a name="[bc]"></a>__aeabi_llsr</STRONG> (Thumb, 34 bytes, Stack size 8 bytes, llushr.o(.text))
<BR><BR>[Stack]<UL><LI>Max Depth = 8<LI>Call Chain = __aeabi_llsr
</UL>
<BR>[Called By]<UL><LI><a href="#[b3]">&gt;&gt;</a>&nbsp;&nbsp;&nbsp;__aeabi_uldivmod
</UL>

<P><STRONG><a name="[329]"></a>_ll_ushift_r</STRONG> (Thumb, 0 bytes, Stack size 8 bytes, llushr.o(.text), UNUSED)

<P><STRONG><a name="[bd]"></a>__rt_ctype_table</STRONG> (Thumb, 4 bytes, Stack size 0 bytes, ctype_o.o(.text))
<BR><BR>[Called By]<UL><LI><a href="#[bb]">&gt;&gt;</a>&nbsp;&nbsp;&nbsp;strtol
</UL>

<P><STRONG><a name="[be]"></a>_strtoul</STRONG> (Thumb, 166 bytes, Stack size 40 bytes, _strtoul.o(.text))
<BR><BR>[Stack]<UL><LI>Max Depth = 40<LI>Call Chain = _strtoul
</UL>
<BR>[Calls]<UL><LI><a href="#[c0]">&gt;&gt;</a>&nbsp;&nbsp;&nbsp;_chval
<LI><a href="#[ba]">&gt;&gt;</a>&nbsp;&nbsp;&nbsp;__aeabi_errno_addr
</UL>
<BR>[Called By]<UL><LI><a href="#[bb]">&gt;&gt;</a>&nbsp;&nbsp;&nbsp;strtol
</UL>

<P><STRONG><a name="[c0]"></a>_chval</STRONG> (Thumb, 30 bytes, Stack size 0 bytes, _chval.o(.text))
<BR><BR>[Called By]<UL><LI><a href="#[be]">&gt;&gt;</a>&nbsp;&nbsp;&nbsp;_strtoul
</UL>

<P><STRONG><a name="[32a]"></a>__decompress</STRONG> (Thumb, 0 bytes, Stack size unknown bytes, __dczerorl2.o(.text), UNUSED)

<P><STRONG><a name="[32b]"></a>__decompress1</STRONG> (Thumb, 86 bytes, Stack size unknown bytes, __dczerorl2.o(.text), UNUSED)

<P><STRONG><a name="[23]"></a>main</STRONG> (Thumb, 10 bytes, Stack size 8 bytes, components.o(i.$Sub$$main))
<BR><BR>[Stack]<UL><LI>Max Depth = 308<LI>Call Chain = main &rArr; rtthread_startup &rArr; rt_hw_board_init &rArr; rt_system_heap_init &rArr; rt_smem_init &rArr; rt_kprintf &rArr; rt_vsnprintf &rArr; print_number &rArr; __aeabi_uidivmod
</UL>
<BR>[Calls]<UL><LI><a href="#[c1]">&gt;&gt;</a>&nbsp;&nbsp;&nbsp;rtthread_startup
</UL>
<BR>[Address Reference Count : 1]<UL><LI> entry9a.o(.ARM.Collect$$$$0000000B)
</UL>
<P><STRONG><a name="[10e]"></a>GPIOA_ITModeCfg</STRONG> (Thumb, 116 bytes, Stack size 0 bytes, ch57x_gpio.o(i.GPIOA_ITModeCfg))
<BR><BR>[Called By]<UL><LI><a href="#[3]">&gt;&gt;</a>&nbsp;&nbsp;&nbsp;ch_pin_attach_irq
</UL>

<P><STRONG><a name="[c2]"></a>GPIOA_ModeCfg</STRONG> (Thumb, 146 bytes, Stack size 4 bytes, ch57x_gpio.o(i.GPIOA_ModeCfg))
<BR><BR>[Stack]<UL><LI>Max Depth = 12<LI>Call Chain = GPIOA_ModeCfg &rArr; __ARM_common_switch8
</UL>
<BR>[Calls]<UL><LI><a href="#[c3]">&gt;&gt;</a>&nbsp;&nbsp;&nbsp;__ARM_common_switch8
</UL>
<BR>[Called By]<UL><LI><a href="#[0]">&gt;&gt;</a>&nbsp;&nbsp;&nbsp;ch_pin_mode
<LI><a href="#[51]">&gt;&gt;</a>&nbsp;&nbsp;&nbsp;uart_configure
</UL>

<P><STRONG><a name="[10f]"></a>GPIOB_ITModeCfg</STRONG> (Thumb, 140 bytes, Stack size 0 bytes, ch57x_gpio.o(i.GPIOB_ITModeCfg))
<BR><BR>[Called By]<UL><LI><a href="#[3]">&gt;&gt;</a>&nbsp;&nbsp;&nbsp;ch_pin_attach_irq
</UL>

<P><STRONG><a name="[c4]"></a>GPIOB_ModeCfg</STRONG> (Thumb, 146 bytes, Stack size 4 bytes, ch57x_gpio.o(i.GPIOB_ModeCfg))
<BR><BR>[Stack]<UL><LI>Max Depth = 12<LI>Call Chain = GPIOB_ModeCfg &rArr; __ARM_common_switch8
</UL>
<BR>[Calls]<UL><LI><a href="#[c3]">&gt;&gt;</a>&nbsp;&nbsp;&nbsp;__ARM_common_switch8
</UL>
<BR>[Called By]<UL><LI><a href="#[0]">&gt;&gt;</a>&nbsp;&nbsp;&nbsp;ch_pin_mode
<LI><a href="#[51]">&gt;&gt;</a>&nbsp;&nbsp;&nbsp;uart_configure
</UL>

<P><STRONG><a name="[c5]"></a>GetSysClock</STRONG> (Thumb, 66 bytes, Stack size 8 bytes, ch57x_clk.o(i.GetSysClock))
<BR><BR>[Stack]<UL><LI>Max Depth = 36<LI>Call Chain = GetSysClock &rArr; __aeabi_idivmod &rArr; __aeabi_uidivmod
</UL>
<BR>[Calls]<UL><LI><a href="#[b0]">&gt;&gt;</a>&nbsp;&nbsp;&nbsp;__aeabi_idivmod
</UL>
<BR>[Called By]<UL><LI><a href="#[26b]">&gt;&gt;</a>&nbsp;&nbsp;&nbsp;rt_hw_board_init
<LI><a href="#[51]">&gt;&gt;</a>&nbsp;&nbsp;&nbsp;uart_configure
</UL>

<P><STRONG><a name="[a]"></a>NMI_Handler</STRONG> (Thumb, 146 bytes, Stack size 0 bytes, ch57x_int.o(i.NMI_Handler))
<BR>[Address Reference Count : 1]<UL><LI> startup_armcm0.o(RESET)
</UL>
<P><STRONG><a name="[26c]"></a>PWR_UnitModCfg</STRONG> (Thumb, 154 bytes, Stack size 0 bytes, ch57x_pwr.o(i.PWR_UnitModCfg))
<BR><BR>[Called By]<UL><LI><a href="#[26b]">&gt;&gt;</a>&nbsp;&nbsp;&nbsp;rt_hw_board_init
</UL>

<P><STRONG><a name="[c6]"></a>PowerMonitor</STRONG> (Thumb, 90 bytes, Stack size 8 bytes, ch57x_pwr.o(i.PowerMonitor))
<BR><BR>[Stack]<UL><LI>Max Depth = 16<LI>Call Chain = PowerMonitor &rArr; mDelayuS
</UL>
<BR>[Calls]<UL><LI><a href="#[c7]">&gt;&gt;</a>&nbsp;&nbsp;&nbsp;mDelayuS
</UL>
<BR>[Called By]<UL><LI><a href="#[24]">&gt;&gt;</a>&nbsp;&nbsp;&nbsp;SystemInit
</UL>

<P><STRONG><a name="[c8]"></a>SetSysClock</STRONG> (Thumb, 342 bytes, Stack size 4 bytes, ch57x_clk.o(i.SetSysClock))
<BR><BR>[Stack]<UL><LI>Max Depth = 12<LI>Call Chain = SetSysClock &rArr; __ARM_common_switch8
</UL>
<BR>[Calls]<UL><LI><a href="#[c3]">&gt;&gt;</a>&nbsp;&nbsp;&nbsp;__ARM_common_switch8
</UL>
<BR>[Called By]<UL><LI><a href="#[26b]">&gt;&gt;</a>&nbsp;&nbsp;&nbsp;rt_hw_board_init
</UL>

<P><STRONG><a name="[e]"></a>SysTick_Handler</STRONG> (Thumb, 16 bytes, Stack size 8 bytes, board.o(i.SysTick_Handler))
<BR><BR>[Stack]<UL><LI>Max Depth = 120<LI>Call Chain = SysTick_Handler &rArr; rt_tick_increase &rArr; rt_timer_check &rArr; rt_timer_start &rArr; rt_schedule &rArr; rt_schedule_remove_thread
</UL>
<BR>[Calls]<UL><LI><a href="#[cb]">&gt;&gt;</a>&nbsp;&nbsp;&nbsp;rt_interrupt_leave
<LI><a href="#[c9]">&gt;&gt;</a>&nbsp;&nbsp;&nbsp;rt_interrupt_enter
<LI><a href="#[ca]">&gt;&gt;</a>&nbsp;&nbsp;&nbsp;rt_tick_increase
</UL>
<BR>[Address Reference Count : 1]<UL><LI> startup_armcm0.o(RESET)
</UL>
<P><STRONG><a name="[24]"></a>SystemInit</STRONG> (Thumb, 50 bytes, Stack size 8 bytes, ch57x_clk.o(i.SystemInit))
<BR><BR>[Stack]<UL><LI>Max Depth = 24<LI>Call Chain = SystemInit &rArr; PowerMonitor &rArr; mDelayuS
</UL>
<BR>[Calls]<UL><LI><a href="#[c6]">&gt;&gt;</a>&nbsp;&nbsp;&nbsp;PowerMonitor
<LI><a href="#[c7]">&gt;&gt;</a>&nbsp;&nbsp;&nbsp;mDelayuS
</UL>
<BR>[Address Reference Count : 1]<UL><LI> startup_armcm0.o(.text)
</UL>
<P><STRONG><a name="[30d]"></a>UART0_ByteTrigCfg</STRONG> (Thumb, 18 bytes, Stack size 0 bytes, ch57x_uart0.o(i.UART0_ByteTrigCfg))
<BR><BR>[Called By]<UL><LI><a href="#[52]">&gt;&gt;</a>&nbsp;&nbsp;&nbsp;uart_control
</UL>

<P><STRONG><a name="[30a]"></a>UART0_INTCfg</STRONG> (Thumb, 40 bytes, Stack size 0 bytes, ch57x_uart0.o(i.UART0_INTCfg))
<BR><BR>[Called By]<UL><LI><a href="#[52]">&gt;&gt;</a>&nbsp;&nbsp;&nbsp;uart_control
</UL>

<P><STRONG><a name="[19]"></a>UART0_IRQHandler</STRONG> (Thumb, 26 bytes, Stack size 8 bytes, drv_uart.o(i.UART0_IRQHandler))
<BR><BR>[Stack]<UL><LI>Max Depth = 120<LI>Call Chain = UART0_IRQHandler &rArr; uart_isr &rArr; rt_hw_serial_isr &rArr; rt_completion_done &rArr; rt_thread_resume &rArr; rt_timer_stop &rArr; _timer_remove
</UL>
<BR>[Calls]<UL><LI><a href="#[cb]">&gt;&gt;</a>&nbsp;&nbsp;&nbsp;rt_interrupt_leave
<LI><a href="#[c9]">&gt;&gt;</a>&nbsp;&nbsp;&nbsp;rt_interrupt_enter
<LI><a href="#[cc]">&gt;&gt;</a>&nbsp;&nbsp;&nbsp;uart_isr
</UL>
<BR>[Address Reference Count : 1]<UL><LI> startup_armcm0.o(RESET)
</UL>
<P><STRONG><a name="[30e]"></a>UART1_ByteTrigCfg</STRONG> (Thumb, 18 bytes, Stack size 0 bytes, ch57x_uart1.o(i.UART1_ByteTrigCfg))
<BR><BR>[Called By]<UL><LI><a href="#[52]">&gt;&gt;</a>&nbsp;&nbsp;&nbsp;uart_control
</UL>

<P><STRONG><a name="[30c]"></a>UART1_INTCfg</STRONG> (Thumb, 40 bytes, Stack size 0 bytes, ch57x_uart1.o(i.UART1_INTCfg))
<BR><BR>[Called By]<UL><LI><a href="#[52]">&gt;&gt;</a>&nbsp;&nbsp;&nbsp;uart_control
</UL>

<P><STRONG><a name="[1a]"></a>UART1_IRQHandler</STRONG> (Thumb, 26 bytes, Stack size 8 bytes, drv_uart.o(i.UART1_IRQHandler))
<BR><BR>[Stack]<UL><LI>Max Depth = 120<LI>Call Chain = UART1_IRQHandler &rArr; uart_isr &rArr; rt_hw_serial_isr &rArr; rt_completion_done &rArr; rt_thread_resume &rArr; rt_timer_stop &rArr; _timer_remove
</UL>
<BR>[Calls]<UL><LI><a href="#[cb]">&gt;&gt;</a>&nbsp;&nbsp;&nbsp;rt_interrupt_leave
<LI><a href="#[c9]">&gt;&gt;</a>&nbsp;&nbsp;&nbsp;rt_interrupt_enter
<LI><a href="#[cc]">&gt;&gt;</a>&nbsp;&nbsp;&nbsp;uart_isr
</UL>
<BR>[Address Reference Count : 1]<UL><LI> startup_armcm0.o(RESET)
</UL>
<P><STRONG><a name="[15]"></a>USB_IRQHandler</STRONG> (Thumb, 160 bytes, Stack size 8 bytes, drv_usbh.o(i.USB_IRQHandler))
<BR><BR>[Stack]<UL><LI>Max Depth = 212<LI>Call Chain = USB_IRQHandler &rArr; rt_kprintf &rArr; rt_vsnprintf &rArr; print_number &rArr; __aeabi_uidivmod
</UL>
<BR>[Calls]<UL><LI><a href="#[ce]">&gt;&gt;</a>&nbsp;&nbsp;&nbsp;rt_kprintf
<LI><a href="#[cf]">&gt;&gt;</a>&nbsp;&nbsp;&nbsp;rt_usbh_root_hub_disconnect_handler
<LI><a href="#[cd]">&gt;&gt;</a>&nbsp;&nbsp;&nbsp;rt_usbh_root_hub_connect_handler
<LI><a href="#[cb]">&gt;&gt;</a>&nbsp;&nbsp;&nbsp;rt_interrupt_leave
<LI><a href="#[c9]">&gt;&gt;</a>&nbsp;&nbsp;&nbsp;rt_interrupt_enter
<LI><a href="#[d0]">&gt;&gt;</a>&nbsp;&nbsp;&nbsp;rt_completion_done
</UL>
<BR>[Address Reference Count : 1]<UL><LI> startup_armcm0.o(RESET)
</UL>
<P><STRONG><a name="[153]"></a>__ARM_common_ll_muluu</STRONG> (Thumb, 48 bytes, Stack size 24 bytes, dfs_fs.o(i.__ARM_common_ll_muluu))
<BR><BR>[Stack]<UL><LI>Max Depth = 24<LI>Call Chain = __ARM_common_ll_muluu
</UL>
<BR>[Called By]<UL><LI><a href="#[124]">&gt;&gt;</a>&nbsp;&nbsp;&nbsp;df
</UL>

<P><STRONG><a name="[c3]"></a>__ARM_common_switch8</STRONG> (Thumb, 28 bytes, Stack size 8 bytes, rtc.o(i.__ARM_common_switch8))
<BR><BR>[Stack]<UL><LI>Max Depth = 8<LI>Call Chain = __ARM_common_switch8
</UL>
<BR>[Called By]<UL><LI><a href="#[c4]">&gt;&gt;</a>&nbsp;&nbsp;&nbsp;GPIOB_ModeCfg
<LI><a href="#[c2]">&gt;&gt;</a>&nbsp;&nbsp;&nbsp;GPIOA_ModeCfg
<LI><a href="#[25e]">&gt;&gt;</a>&nbsp;&nbsp;&nbsp;rt_timer_control
<LI><a href="#[15d]">&gt;&gt;</a>&nbsp;&nbsp;&nbsp;elm_result_to_dfs
<LI><a href="#[c8]">&gt;&gt;</a>&nbsp;&nbsp;&nbsp;SetSysClock
<LI><a href="#[138]">&gt;&gt;</a>&nbsp;&nbsp;&nbsp;ff_wtoupper
<LI><a href="#[1fe]">&gt;&gt;</a>&nbsp;&nbsp;&nbsp;ip4addr_aton
<LI><a href="#[19b]">&gt;&gt;</a>&nbsp;&nbsp;&nbsp;pbuf_alloc
<LI><a href="#[2f3]">&gt;&gt;</a>&nbsp;&nbsp;&nbsp;tcp_process
<LI><a href="#[25c]">&gt;&gt;</a>&nbsp;&nbsp;&nbsp;root_hub_ctrl
<LI><a href="#[236]">&gt;&gt;</a>&nbsp;&nbsp;&nbsp;netdev_ip4addr_aton
</UL>

<P><STRONG><a name="[ba]"></a>__aeabi_errno_addr</STRONG> (Thumb, 4 bytes, Stack size 0 bytes, errno.o(i.__aeabi_errno_addr))
<BR><BR>[Called By]<UL><LI><a href="#[be]">&gt;&gt;</a>&nbsp;&nbsp;&nbsp;_strtoul
<LI><a href="#[bb]">&gt;&gt;</a>&nbsp;&nbsp;&nbsp;strtol
<LI><a href="#[b9]">&gt;&gt;</a>&nbsp;&nbsp;&nbsp;atoi
</UL>

<P><STRONG><a name="[32c]"></a>__rt_errno_addr</STRONG> (Thumb, 0 bytes, Stack size 0 bytes, errno.o(i.__aeabi_errno_addr), UNUSED)

<P><STRONG><a name="[ed]"></a>__rt_ffs</STRONG> (Thumb, 86 bytes, Stack size 0 bytes, kservice.o(i.__rt_ffs))
<BR><BR>[Called By]<UL><LI><a href="#[ec]">&gt;&gt;</a>&nbsp;&nbsp;&nbsp;_scheduler_get_highest_priority_thread
</UL>

<P><STRONG><a name="[32d]"></a>__scatterload_copy</STRONG> (Thumb, 14 bytes, Stack size unknown bytes, handlers.o(i.__scatterload_copy), UNUSED)

<P><STRONG><a name="[32e]"></a>__scatterload_null</STRONG> (Thumb, 2 bytes, Stack size unknown bytes, handlers.o(i.__scatterload_null), UNUSED)

<P><STRONG><a name="[32f]"></a>__scatterload_zeroinit</STRONG> (Thumb, 14 bytes, Stack size unknown bytes, handlers.o(i.__scatterload_zeroinit), UNUSED)

<P><STRONG><a name="[104]"></a>asctime</STRONG> (Thumb, 14 bytes, Stack size 8 bytes, time.o(i.asctime))
<BR><BR>[Stack]<UL><LI>Max Depth = 68<LI>Call Chain = asctime &rArr; asctime_r &rArr; num2str &rArr; __aeabi_idivmod &rArr; __aeabi_uidivmod
</UL>
<BR>[Calls]<UL><LI><a href="#[105]">&gt;&gt;</a>&nbsp;&nbsp;&nbsp;asctime_r
</UL>
<BR>[Called By]<UL><LI><a href="#[14a]">&gt;&gt;</a>&nbsp;&nbsp;&nbsp;ctime
</UL>

<P><STRONG><a name="[105]"></a>asctime_r</STRONG> (Thumb, 298 bytes, Stack size 16 bytes, time.o(i.asctime_r))
<BR><BR>[Stack]<UL><LI>Max Depth = 60<LI>Call Chain = asctime_r &rArr; num2str &rArr; __aeabi_idivmod &rArr; __aeabi_uidivmod
</UL>
<BR>[Calls]<UL><LI><a href="#[107]">&gt;&gt;</a>&nbsp;&nbsp;&nbsp;num2str
<LI><a href="#[106]">&gt;&gt;</a>&nbsp;&nbsp;&nbsp;rt_strlen
<LI><a href="#[b0]">&gt;&gt;</a>&nbsp;&nbsp;&nbsp;__aeabi_idivmod
</UL>
<BR>[Called By]<UL><LI><a href="#[104]">&gt;&gt;</a>&nbsp;&nbsp;&nbsp;asctime
</UL>

<P><STRONG><a name="[108]"></a>cat</STRONG> (Thumb, 88 bytes, Stack size 96 bytes, dfs_file.o(i.cat))
<BR><BR>[Stack]<UL><LI>Max Depth = 388<LI>Call Chain = cat &rArr; dfs_file_open &rArr; dfs_normalize_path &rArr; rt_snprintf &rArr; rt_vsnprintf &rArr; print_number &rArr; __aeabi_uidivmod
</UL>
<BR>[Calls]<UL><LI><a href="#[e6]">&gt;&gt;</a>&nbsp;&nbsp;&nbsp;rt_memset
<LI><a href="#[ce]">&gt;&gt;</a>&nbsp;&nbsp;&nbsp;rt_kprintf
<LI><a href="#[10a]">&gt;&gt;</a>&nbsp;&nbsp;&nbsp;dfs_file_read
<LI><a href="#[109]">&gt;&gt;</a>&nbsp;&nbsp;&nbsp;dfs_file_open
<LI><a href="#[10b]">&gt;&gt;</a>&nbsp;&nbsp;&nbsp;dfs_file_close
</UL>
<BR>[Called By]<UL><LI><a href="#[90]">&gt;&gt;</a>&nbsp;&nbsp;&nbsp;cmd_cat
</UL>

<P><STRONG><a name="[10d]"></a>ch_get_pin</STRONG> (Thumb, 16 bytes, Stack size 0 bytes, drv_pin.o(i.ch_get_pin))
<BR><BR>[Called By]<UL><LI><a href="#[1]">&gt;&gt;</a>&nbsp;&nbsp;&nbsp;ch_pin_write
<LI><a href="#[2]">&gt;&gt;</a>&nbsp;&nbsp;&nbsp;ch_pin_read
<LI><a href="#[0]">&gt;&gt;</a>&nbsp;&nbsp;&nbsp;ch_pin_mode
<LI><a href="#[3]">&gt;&gt;</a>&nbsp;&nbsp;&nbsp;ch_pin_attach_irq
</UL>

<P><STRONG><a name="[7b]"></a>ch_hw_pin_init</STRONG> (Thumb, 18 bytes, Stack size 8 bytes, drv_pin.o(i.ch_hw_pin_init))
<BR><BR>[Stack]<UL><LI>Max Depth = 128<LI>Call Chain = ch_hw_pin_init &rArr; rt_device_pin_register &rArr; rt_device_register &rArr; rt_object_init &rArr; rt_exit_critical &rArr; rt_schedule &rArr; rt_schedule_remove_thread
</UL>
<BR>[Calls]<UL><LI><a href="#[10c]">&gt;&gt;</a>&nbsp;&nbsp;&nbsp;rt_device_pin_register
</UL>
<BR>[Address Reference Count : 1]<UL><LI> drv_pin.o(.rti_fn.1)
</UL>
<P><STRONG><a name="[110]"></a>chdir</STRONG> (Thumb, 144 bytes, Stack size 16 bytes, dfs_posix.o(i.chdir))
<BR><BR>[Stack]<UL><LI>Max Depth = 332<LI>Call Chain = chdir &rArr; opendir &rArr; dfs_file_open &rArr; dfs_normalize_path &rArr; rt_snprintf &rArr; rt_vsnprintf &rArr; print_number &rArr; __aeabi_uidivmod
</UL>
<BR>[Calls]<UL><LI><a href="#[114]">&gt;&gt;</a>&nbsp;&nbsp;&nbsp;rt_set_errno
<LI><a href="#[117]">&gt;&gt;</a>&nbsp;&nbsp;&nbsp;rt_free
<LI><a href="#[ce]">&gt;&gt;</a>&nbsp;&nbsp;&nbsp;rt_kprintf
<LI><a href="#[112]">&gt;&gt;</a>&nbsp;&nbsp;&nbsp;dfs_unlock
<LI><a href="#[115]">&gt;&gt;</a>&nbsp;&nbsp;&nbsp;dfs_normalize_path
<LI><a href="#[111]">&gt;&gt;</a>&nbsp;&nbsp;&nbsp;dfs_lock
<LI><a href="#[116]">&gt;&gt;</a>&nbsp;&nbsp;&nbsp;opendir
<LI><a href="#[118]">&gt;&gt;</a>&nbsp;&nbsp;&nbsp;closedir
<LI><a href="#[113]">&gt;&gt;</a>&nbsp;&nbsp;&nbsp;strlen
<LI><a href="#[119]">&gt;&gt;</a>&nbsp;&nbsp;&nbsp;strncpy
</UL>
<BR>[Called By]<UL><LI><a href="#[92]">&gt;&gt;</a>&nbsp;&nbsp;&nbsp;cmd_cd
</UL>

<P><STRONG><a name="[120]"></a>close</STRONG> (Thumb, 68 bytes, Stack size 16 bytes, dfs_posix.o(i.close))
<BR><BR>[Stack]<UL><LI>Max Depth = 160<LI>Call Chain = close &rArr; fd_put &rArr; rt_free &rArr; _heap_unlock &rArr; rt_mutex_release &rArr; rt_thread_control &rArr; rt_thread_startup &rArr; rt_thread_resume &rArr; rt_timer_stop &rArr; _timer_remove
</UL>
<BR>[Calls]<UL><LI><a href="#[114]">&gt;&gt;</a>&nbsp;&nbsp;&nbsp;rt_set_errno
<LI><a href="#[122]">&gt;&gt;</a>&nbsp;&nbsp;&nbsp;fd_put
<LI><a href="#[121]">&gt;&gt;</a>&nbsp;&nbsp;&nbsp;fd_get
<LI><a href="#[10b]">&gt;&gt;</a>&nbsp;&nbsp;&nbsp;dfs_file_close
</UL>
<BR>[Called By]<UL><LI><a href="#[86]">&gt;&gt;</a>&nbsp;&nbsp;&nbsp;readwrite
<LI><a href="#[99]">&gt;&gt;</a>&nbsp;&nbsp;&nbsp;cmd_echo
<LI><a href="#[226]">&gt;&gt;</a>&nbsp;&nbsp;&nbsp;msh_exec_script
<LI><a href="#[9a]">&gt;&gt;</a>&nbsp;&nbsp;&nbsp;cmd_tail
<LI><a href="#[8f]">&gt;&gt;</a>&nbsp;&nbsp;&nbsp;cmd_mv
</UL>

<P><STRONG><a name="[118]"></a>closedir</STRONG> (Thumb, 74 bytes, Stack size 16 bytes, dfs_posix.o(i.closedir))
<BR><BR>[Stack]<UL><LI>Max Depth = 160<LI>Call Chain = closedir &rArr; fd_put &rArr; rt_free &rArr; _heap_unlock &rArr; rt_mutex_release &rArr; rt_thread_control &rArr; rt_thread_startup &rArr; rt_thread_resume &rArr; rt_timer_stop &rArr; _timer_remove
</UL>
<BR>[Calls]<UL><LI><a href="#[114]">&gt;&gt;</a>&nbsp;&nbsp;&nbsp;rt_set_errno
<LI><a href="#[117]">&gt;&gt;</a>&nbsp;&nbsp;&nbsp;rt_free
<LI><a href="#[122]">&gt;&gt;</a>&nbsp;&nbsp;&nbsp;fd_put
<LI><a href="#[121]">&gt;&gt;</a>&nbsp;&nbsp;&nbsp;fd_get
<LI><a href="#[10b]">&gt;&gt;</a>&nbsp;&nbsp;&nbsp;dfs_file_close
</UL>
<BR>[Called By]<UL><LI><a href="#[110]">&gt;&gt;</a>&nbsp;&nbsp;&nbsp;chdir
<LI><a href="#[223]">&gt;&gt;</a>&nbsp;&nbsp;&nbsp;msh_auto_complete_path
<LI><a href="#[132]">&gt;&gt;</a>&nbsp;&nbsp;&nbsp;directory_delete_for_msh
</UL>

<P><STRONG><a name="[8c]"></a>cmd_free</STRONG> (Thumb, 52 bytes, Stack size 24 bytes, msh.o(i.cmd_free))
<BR><BR>[Stack]<UL><LI>Max Depth = 228<LI>Call Chain = cmd_free &rArr; rt_kprintf &rArr; rt_vsnprintf &rArr; print_number &rArr; __aeabi_uidivmod
</UL>
<BR>[Calls]<UL><LI><a href="#[ce]">&gt;&gt;</a>&nbsp;&nbsp;&nbsp;rt_kprintf
<LI><a href="#[128]">&gt;&gt;</a>&nbsp;&nbsp;&nbsp;rt_memory_info
</UL>
<BR>[Address Reference Count : 1]<UL><LI> msh.o(FSymTab)
</UL>
<P><STRONG><a name="[8b]"></a>cmd_ps</STRONG> (Thumb, 14 bytes, Stack size 16 bytes, msh.o(i.cmd_ps))
<BR><BR>[Stack]<UL><LI>Max Depth = 460<LI>Call Chain = cmd_ps &rArr; list_thread &rArr; object_split &rArr; rt_kprintf &rArr; rt_vsnprintf &rArr; print_number &rArr; __aeabi_uidivmod
</UL>
<BR>[Calls]<UL><LI><a href="#[9e]">&gt;&gt;</a>&nbsp;&nbsp;&nbsp;list_thread
</UL>
<BR>[Address Reference Count : 1]<UL><LI> msh.o(FSymTab)
</UL>
<P><STRONG><a name="[123]"></a>copy</STRONG> (Thumb, 300 bytes, Stack size 88 bytes, dfs_file.o(i.copy))
<BR><BR>[Stack]<UL><LI>Max Depth = 828<LI>Call Chain = copy &rArr; copydir &rArr;  copydir (Cycle)
</UL>
<BR>[Calls]<UL><LI><a href="#[117]">&gt;&gt;</a>&nbsp;&nbsp;&nbsp;rt_free
<LI><a href="#[ce]">&gt;&gt;</a>&nbsp;&nbsp;&nbsp;rt_kprintf
<LI><a href="#[13a]">&gt;&gt;</a>&nbsp;&nbsp;&nbsp;copyfile
<LI><a href="#[13b]">&gt;&gt;</a>&nbsp;&nbsp;&nbsp;copydir
<LI><a href="#[d2]">&gt;&gt;</a>&nbsp;&nbsp;&nbsp;_get_path_lastname
<LI><a href="#[115]">&gt;&gt;</a>&nbsp;&nbsp;&nbsp;dfs_normalize_path
<LI><a href="#[139]">&gt;&gt;</a>&nbsp;&nbsp;&nbsp;dfs_file_stat
<LI><a href="#[12a]">&gt;&gt;</a>&nbsp;&nbsp;&nbsp;mkdir
</UL>
<BR>[Called By]<UL><LI><a href="#[8e]">&gt;&gt;</a>&nbsp;&nbsp;&nbsp;cmd_cp
</UL>

<P><STRONG><a name="[14a]"></a>ctime</STRONG> (Thumb, 18 bytes, Stack size 16 bytes, time.o(i.ctime))
<BR><BR>[Stack]<UL><LI>Max Depth = 108<LI>Call Chain = ctime &rArr; localtime &rArr; localtime_r &rArr; gmtime_r &rArr; __isleap &rArr; __aeabi_idivmod &rArr; __aeabi_uidivmod
</UL>
<BR>[Calls]<UL><LI><a href="#[14b]">&gt;&gt;</a>&nbsp;&nbsp;&nbsp;localtime
<LI><a href="#[104]">&gt;&gt;</a>&nbsp;&nbsp;&nbsp;asctime
</UL>
<BR>[Called By]<UL><LI><a href="#[87]">&gt;&gt;</a>&nbsp;&nbsp;&nbsp;date
</UL>

<P><STRONG><a name="[150]"></a>devfs_init</STRONG> (Thumb, 12 bytes, Stack size 8 bytes, devfs.o(i.devfs_init))
<BR><BR>[Stack]<UL><LI>Max Depth = 144<LI>Call Chain = devfs_init &rArr; dfs_register &rArr; dfs_unlock &rArr; rt_mutex_release &rArr; rt_thread_control &rArr; rt_thread_startup &rArr; rt_thread_resume &rArr; rt_timer_stop &rArr; _timer_remove
</UL>
<BR>[Calls]<UL><LI><a href="#[151]">&gt;&gt;</a>&nbsp;&nbsp;&nbsp;dfs_register
</UL>
<BR>[Called By]<UL><LI><a href="#[7e]">&gt;&gt;</a>&nbsp;&nbsp;&nbsp;dfs_init
</UL>

<P><STRONG><a name="[124]"></a>df</STRONG> (Thumb, 220 bytes, Stack size 80 bytes, dfs_fs.o(i.df))
<BR><BR>[Stack]<UL><LI>Max Depth = 284<LI>Call Chain = df &rArr; rt_kprintf &rArr; rt_vsnprintf &rArr; print_number &rArr; __aeabi_uidivmod
</UL>
<BR>[Calls]<UL><LI><a href="#[ce]">&gt;&gt;</a>&nbsp;&nbsp;&nbsp;rt_kprintf
<LI><a href="#[153]">&gt;&gt;</a>&nbsp;&nbsp;&nbsp;__ARM_common_ll_muluu
<LI><a href="#[152]">&gt;&gt;</a>&nbsp;&nbsp;&nbsp;dfs_statfs
<LI><a href="#[b4]">&gt;&gt;</a>&nbsp;&nbsp;&nbsp;__aeabi_lmul
<LI><a href="#[b2]">&gt;&gt;</a>&nbsp;&nbsp;&nbsp;__aeabi_ldivmod
</UL>
<BR>[Called By]<UL><LI><a href="#[98]">&gt;&gt;</a>&nbsp;&nbsp;&nbsp;cmd_df
</UL>

<P><STRONG><a name="[56]"></a>dfs_device_fs_close</STRONG> (Thumb, 46 bytes, Stack size 24 bytes, devfs.o(i.dfs_device_fs_close))
<BR><BR>[Stack]<UL><LI>Max Depth = 152<LI>Call Chain = dfs_device_fs_close &rArr; rt_free &rArr; _heap_unlock &rArr; rt_mutex_release &rArr; rt_thread_control &rArr; rt_thread_startup &rArr; rt_thread_resume &rArr; rt_timer_stop &rArr; _timer_remove
</UL>
<BR>[Calls]<UL><LI><a href="#[154]">&gt;&gt;</a>&nbsp;&nbsp;&nbsp;rt_device_close
<LI><a href="#[117]">&gt;&gt;</a>&nbsp;&nbsp;&nbsp;rt_free
</UL>
<BR>[Address Reference Count : 1]<UL><LI> devfs.o(.constdata)
</UL>
<P><STRONG><a name="[5a]"></a>dfs_device_fs_getdents</STRONG> (Thumb, 114 bytes, Stack size 40 bytes, devfs.o(i.dfs_device_fs_getdents))
<BR><BR>[Stack]<UL><LI>Max Depth = 56<LI>Call Chain = dfs_device_fs_getdents &rArr; rt_strncpy
</UL>
<BR>[Calls]<UL><LI><a href="#[155]">&gt;&gt;</a>&nbsp;&nbsp;&nbsp;rt_strncpy
<LI><a href="#[b1]">&gt;&gt;</a>&nbsp;&nbsp;&nbsp;__aeabi_uidivmod
</UL>
<BR>[Address Reference Count : 1]<UL><LI> devfs.o(.constdata)
</UL>
<P><STRONG><a name="[57]"></a>dfs_device_fs_ioctl</STRONG> (Thumb, 34 bytes, Stack size 24 bytes, devfs.o(i.dfs_device_fs_ioctl))
<BR><BR>[Stack]<UL><LI>Max Depth = 40<LI>Call Chain = dfs_device_fs_ioctl &rArr; rt_device_control
</UL>
<BR>[Calls]<UL><LI><a href="#[156]">&gt;&gt;</a>&nbsp;&nbsp;&nbsp;rt_device_control
</UL>
<BR>[Address Reference Count : 1]<UL><LI> devfs.o(.constdata)
</UL>
<P><STRONG><a name="[5c]"></a>dfs_device_fs_mount</STRONG> (Thumb, 6 bytes, Stack size 0 bytes, devfs.o(i.dfs_device_fs_mount))
<BR>[Address Reference Count : 1]<UL><LI> devfs.o(.constdata)
</UL>
<P><STRONG><a name="[55]"></a>dfs_device_fs_open</STRONG> (Thumb, 208 bytes, Stack size 40 bytes, devfs.o(i.dfs_device_fs_open))
<BR><BR>[Stack]<UL><LI>Max Depth = 260<LI>Call Chain = dfs_device_fs_open &rArr; rt_device_open &rArr; rt_kprintf &rArr; rt_vsnprintf &rArr; print_number &rArr; __aeabi_uidivmod
</UL>
<BR>[Calls]<UL><LI><a href="#[159]">&gt;&gt;</a>&nbsp;&nbsp;&nbsp;rt_device_open
<LI><a href="#[158]">&gt;&gt;</a>&nbsp;&nbsp;&nbsp;rt_device_find
<LI><a href="#[12d]">&gt;&gt;</a>&nbsp;&nbsp;&nbsp;rt_malloc
<LI><a href="#[103]">&gt;&gt;</a>&nbsp;&nbsp;&nbsp;rt_exit_critical
<LI><a href="#[100]">&gt;&gt;</a>&nbsp;&nbsp;&nbsp;rt_enter_critical
<LI><a href="#[157]">&gt;&gt;</a>&nbsp;&nbsp;&nbsp;rt_object_get_information
</UL>
<BR>[Address Reference Count : 1]<UL><LI> devfs.o(.constdata)
</UL>
<P><STRONG><a name="[58]"></a>dfs_device_fs_read</STRONG> (Thumb, 36 bytes, Stack size 24 bytes, devfs.o(i.dfs_device_fs_read))
<BR><BR>[Stack]<UL><LI>Max Depth = 96<LI>Call Chain = dfs_device_fs_read &rArr; rt_device_read &rArr; rt_set_errno &rArr; rt_interrupt_get_nest
</UL>
<BR>[Calls]<UL><LI><a href="#[15a]">&gt;&gt;</a>&nbsp;&nbsp;&nbsp;rt_device_read
</UL>
<BR>[Address Reference Count : 1]<UL><LI> devfs.o(.constdata)
</UL>
<P><STRONG><a name="[5d]"></a>dfs_device_fs_stat</STRONG> (Thumb, 154 bytes, Stack size 24 bytes, devfs.o(i.dfs_device_fs_stat))
<BR><BR>[Stack]<UL><LI>Max Depth = 104<LI>Call Chain = dfs_device_fs_stat &rArr; rt_device_find &rArr; rt_object_find &rArr; rt_exit_critical &rArr; rt_schedule &rArr; rt_schedule_remove_thread
</UL>
<BR>[Calls]<UL><LI><a href="#[158]">&gt;&gt;</a>&nbsp;&nbsp;&nbsp;rt_device_find
</UL>
<BR>[Address Reference Count : 1]<UL><LI> devfs.o(.constdata)
</UL>
<P><STRONG><a name="[59]"></a>dfs_device_fs_write</STRONG> (Thumb, 36 bytes, Stack size 24 bytes, devfs.o(i.dfs_device_fs_write))
<BR><BR>[Stack]<UL><LI>Max Depth = 96<LI>Call Chain = dfs_device_fs_write &rArr; rt_device_write &rArr; rt_set_errno &rArr; rt_interrupt_get_nest
</UL>
<BR>[Calls]<UL><LI><a href="#[15b]">&gt;&gt;</a>&nbsp;&nbsp;&nbsp;rt_device_write
</UL>
<BR>[Address Reference Count : 1]<UL><LI> devfs.o(.constdata)
</UL>
<P><STRONG><a name="[5f]"></a>dfs_elm_close</STRONG> (Thumb, 58 bytes, Stack size 16 bytes, dfs_elm.o(i.dfs_elm_close))
<BR><BR>[Stack]<UL><LI>Max Depth = 372<LI>Call Chain = dfs_elm_close &rArr; f_close &rArr; f_sync &rArr; get_fattime &rArr; time &rArr; get_timeval &rArr; rt_device_open &rArr; rt_kprintf &rArr; rt_vsnprintf &rArr; print_number &rArr; __aeabi_uidivmod
</UL>
<BR>[Calls]<UL><LI><a href="#[117]">&gt;&gt;</a>&nbsp;&nbsp;&nbsp;rt_free
<LI><a href="#[15d]">&gt;&gt;</a>&nbsp;&nbsp;&nbsp;elm_result_to_dfs
<LI><a href="#[15c]">&gt;&gt;</a>&nbsp;&nbsp;&nbsp;f_close
</UL>
<BR>[Address Reference Count : 1]<UL><LI> dfs_elm.o(.constdata)
</UL>
<P><STRONG><a name="[63]"></a>dfs_elm_flush</STRONG> (Thumb, 22 bytes, Stack size 16 bytes, dfs_elm.o(i.dfs_elm_flush))
<BR><BR>[Stack]<UL><LI>Max Depth = 356<LI>Call Chain = dfs_elm_flush &rArr; f_sync &rArr; get_fattime &rArr; time &rArr; get_timeval &rArr; rt_device_open &rArr; rt_kprintf &rArr; rt_vsnprintf &rArr; print_number &rArr; __aeabi_uidivmod
</UL>
<BR>[Calls]<UL><LI><a href="#[15d]">&gt;&gt;</a>&nbsp;&nbsp;&nbsp;elm_result_to_dfs
<LI><a href="#[15e]">&gt;&gt;</a>&nbsp;&nbsp;&nbsp;f_sync
</UL>
<BR>[Address Reference Count : 1]<UL><LI> dfs_elm.o(.constdata)
</UL>
<P><STRONG><a name="[65]"></a>dfs_elm_getdents</STRONG> (Thumb, 204 bytes, Stack size 328 bytes, dfs_elm.o(i.dfs_elm_getdents))
<BR><BR>[Stack]<UL><LI>Max Depth = 632<LI>Call Chain = dfs_elm_getdents &rArr; f_readdir &rArr; dir_read &rArr; dir_next &rArr; create_chain &rArr; put_fat &rArr; move_window &rArr; sync_window &rArr; disk_write &rArr; rt_device_write &rArr; rt_set_errno &rArr; rt_interrupt_get_nest
</UL>
<BR>[Calls]<UL><LI><a href="#[106]">&gt;&gt;</a>&nbsp;&nbsp;&nbsp;rt_strlen
<LI><a href="#[15d]">&gt;&gt;</a>&nbsp;&nbsp;&nbsp;elm_result_to_dfs
<LI><a href="#[155]">&gt;&gt;</a>&nbsp;&nbsp;&nbsp;rt_strncpy
<LI><a href="#[15f]">&gt;&gt;</a>&nbsp;&nbsp;&nbsp;f_readdir
<LI><a href="#[b1]">&gt;&gt;</a>&nbsp;&nbsp;&nbsp;__aeabi_uidivmod
</UL>
<BR>[Address Reference Count : 1]<UL><LI> dfs_elm.o(.constdata)
</UL>
<P><STRONG><a name="[60]"></a>dfs_elm_ioctl</STRONG> (Thumb, 76 bytes, Stack size 40 bytes, dfs_elm.o(i.dfs_elm_ioctl))
<BR><BR>[Stack]<UL><LI>Max Depth = 320<LI>Call Chain = dfs_elm_ioctl &rArr; f_lseek &rArr; create_chain &rArr; put_fat &rArr; move_window &rArr; sync_window &rArr; disk_write &rArr; rt_device_write &rArr; rt_set_errno &rArr; rt_interrupt_get_nest
</UL>
<BR>[Calls]<UL><LI><a href="#[15d]">&gt;&gt;</a>&nbsp;&nbsp;&nbsp;elm_result_to_dfs
<LI><a href="#[160]">&gt;&gt;</a>&nbsp;&nbsp;&nbsp;f_truncate
<LI><a href="#[161]">&gt;&gt;</a>&nbsp;&nbsp;&nbsp;f_lseek
</UL>
<BR>[Address Reference Count : 1]<UL><LI> dfs_elm.o(.constdata)
</UL>
<P><STRONG><a name="[64]"></a>dfs_elm_lseek</STRONG> (Thumb, 90 bytes, Stack size 24 bytes, dfs_elm.o(i.dfs_elm_lseek))
<BR><BR>[Stack]<UL><LI>Max Depth = 320<LI>Call Chain = dfs_elm_lseek &rArr; f_seekdir &rArr; dir_read &rArr; dir_next &rArr; create_chain &rArr; put_fat &rArr; move_window &rArr; sync_window &rArr; disk_write &rArr; rt_device_write &rArr; rt_set_errno &rArr; rt_interrupt_get_nest
</UL>
<BR>[Calls]<UL><LI><a href="#[15d]">&gt;&gt;</a>&nbsp;&nbsp;&nbsp;elm_result_to_dfs
<LI><a href="#[162]">&gt;&gt;</a>&nbsp;&nbsp;&nbsp;f_seekdir
<LI><a href="#[161]">&gt;&gt;</a>&nbsp;&nbsp;&nbsp;f_lseek
<LI><a href="#[b1]">&gt;&gt;</a>&nbsp;&nbsp;&nbsp;__aeabi_uidivmod
</UL>
<BR>[Address Reference Count : 1]<UL><LI> dfs_elm.o(.constdata)
</UL>
[...]
<BR><BR>[Stack]<UL><LI>Max Depth = 724<LI>Call Chain = tcp_kill_timewait &rArr; tcp_abort &rArr; tcp_abandon &rArr; tcp_pcb_remove &rArr; tcp_output &rArr; tcp_send_empty_ack &rArr; tcp_output_alloc_header &rArr; pbuf_alloc &rArr; pbuf_pool_is_empty &rArr; tcpip_callback_with_block &rArr; memp_malloc_fn &rArr; do_memp_malloc_pool_fn &rArr; memp_overflow_check_element_underflow &rArr; sys_arch_assert &rArr; rt_kprintf &rArr; rt_vsnprintf &rArr; print_number &rArr; __aeabi_uidivmod
</UL>
<BR>[Calls]<UL><LI><a href="#[2db]">&gt;&gt;</a>&nbsp;&nbsp;&nbsp;tcp_abort
</UL>
<BR>[Called By]<UL><LI><a href="#[2dc]">&gt;&gt;</a>&nbsp;&nbsp;&nbsp;tcp_alloc
</UL>

<P><STRONG><a name="[2e5]"></a>tcp_listen_closed</STRONG> (Thumb, 84 bytes, Stack size 16 bytes, tcp.o(i.tcp_listen_closed))
<BR><BR>[Stack]<UL><LI>Max Depth = 236<LI>Call Chain = tcp_listen_closed &rArr; sys_arch_assert &rArr; rt_kprintf &rArr; rt_vsnprintf &rArr; print_number &rArr; __aeabi_uidivmod
</UL>
<BR>[Calls]<UL><LI><a href="#[ce]">&gt;&gt;</a>&nbsp;&nbsp;&nbsp;rt_kprintf
<LI><a href="#[197]">&gt;&gt;</a>&nbsp;&nbsp;&nbsp;sys_arch_assert
<LI><a href="#[2f7]">&gt;&gt;</a>&nbsp;&nbsp;&nbsp;tcp_remove_listener
</UL>
<BR>[Called By]<UL><LI><a href="#[2e1]">&gt;&gt;</a>&nbsp;&nbsp;&nbsp;tcp_close_shutdown
</UL>

<P><STRONG><a name="[2fa]"></a>tcp_netif_ip_addr_changed_pcblist</STRONG> (Thumb, 38 bytes, Stack size 24 bytes, tcp.o(i.tcp_netif_ip_addr_changed_pcblist))
<BR><BR>[Stack]<UL><LI>Max Depth = 732<LI>Call Chain = tcp_netif_ip_addr_changed_pcblist &rArr; tcp_abort &rArr; tcp_abandon &rArr; tcp_pcb_remove &rArr; tcp_output &rArr; tcp_send_empty_ack &rArr; tcp_output_alloc_header &rArr; pbuf_alloc &rArr; pbuf_pool_is_empty &rArr; tcpip_callback_with_block &rArr; memp_malloc_fn &rArr; do_memp_malloc_pool_fn &rArr; memp_overflow_check_element_underflow &rArr; sys_arch_assert &rArr; rt_kprintf &rArr; rt_vsnprintf &rArr; print_number &rArr; __aeabi_uidivmod
</UL>
<BR>[Calls]<UL><LI><a href="#[2db]">&gt;&gt;</a>&nbsp;&nbsp;&nbsp;tcp_abort
</UL>
<BR>[Called By]<UL><LI><a href="#[246]">&gt;&gt;</a>&nbsp;&nbsp;&nbsp;tcp_netif_ip_addr_changed
</UL>

<P><STRONG><a name="[2f7]"></a>tcp_remove_listener</STRONG> (Thumb, 24 bytes, Stack size 0 bytes, tcp.o(i.tcp_remove_listener))
<BR><BR>[Called By]<UL><LI><a href="#[2e5]">&gt;&gt;</a>&nbsp;&nbsp;&nbsp;tcp_listen_closed
</UL>

<P><STRONG><a name="[25c]"></a>root_hub_ctrl</STRONG> (Thumb, 382 bytes, Stack size 24 bytes, hub.o(i.root_hub_ctrl))
<BR><BR>[Stack]<UL><LI>Max Depth = 32<LI>Call Chain = root_hub_ctrl &rArr; __ARM_common_switch8
</UL>
<BR>[Calls]<UL><LI><a href="#[c3]">&gt;&gt;</a>&nbsp;&nbsp;&nbsp;__ARM_common_switch8
</UL>
<BR>[Called By]<UL><LI><a href="#[2bf]">&gt;&gt;</a>&nbsp;&nbsp;&nbsp;rt_usbh_hub_set_port_feature
<LI><a href="#[2c0]">&gt;&gt;</a>&nbsp;&nbsp;&nbsp;rt_usbh_hub_get_port_status
<LI><a href="#[2b2]">&gt;&gt;</a>&nbsp;&nbsp;&nbsp;rt_usbh_hub_clear_port_feature
</UL>

<P><STRONG><a name="[2bd]"></a>rt_usb_hcd_setup_xfer</STRONG> (Thumb, 30 bytes, Stack size 40 bytes, hub.o(i.rt_usb_hcd_setup_xfer))
<BR><BR>[Stack]<UL><LI>Max Depth = 40<LI>Call Chain = rt_usb_hcd_setup_xfer
</UL>
<BR>[Called By]<UL><LI><a href="#[2bf]">&gt;&gt;</a>&nbsp;&nbsp;&nbsp;rt_usbh_hub_set_port_feature
<LI><a href="#[2c0]">&gt;&gt;</a>&nbsp;&nbsp;&nbsp;rt_usbh_hub_get_port_status
<LI><a href="#[2be]">&gt;&gt;</a>&nbsp;&nbsp;&nbsp;rt_usbh_hub_get_descriptor
<LI><a href="#[2b2]">&gt;&gt;</a>&nbsp;&nbsp;&nbsp;rt_usbh_hub_clear_port_feature
</UL>

<P><STRONG><a name="[44]"></a>rt_usbh_hub_disable</STRONG> (Thumb, 58 bytes, Stack size 24 bytes, hub.o(i.rt_usbh_hub_disable))
<BR><BR>[Stack]<UL><LI>Max Depth = 244<LI>Call Chain = rt_usbh_hub_disable &rArr; rt_usbh_detach_instance &rArr; rt_kprintf &rArr; rt_vsnprintf &rArr; print_number &rArr; __aeabi_uidivmod
</UL>
<BR>[Calls]<UL><LI><a href="#[117]">&gt;&gt;</a>&nbsp;&nbsp;&nbsp;rt_free
<LI><a href="#[2ba]">&gt;&gt;</a>&nbsp;&nbsp;&nbsp;rt_usbh_detach_instance
</UL>
<BR>[Address Reference Count : 1]<UL><LI> hub.o(i.rt_usbh_class_driver_hub)
</UL>
<P><STRONG><a name="[43]"></a>rt_usbh_hub_enable</STRONG> (Thumb, 346 bytes, Stack size 48 bytes, hub.o(i.rt_usbh_hub_enable))
<BR><BR>[Stack]<UL><LI>Max Depth = 292<LI>Call Chain = rt_usbh_hub_enable &rArr; rt_usbh_get_endpoint_descriptor &rArr; rt_kprintf &rArr; rt_vsnprintf &rArr; print_number &rArr; __aeabi_uidivmod
</UL>
<BR>[Calls]<UL><LI><a href="#[e6]">&gt;&gt;</a>&nbsp;&nbsp;&nbsp;rt_memset
<LI><a href="#[12d]">&gt;&gt;</a>&nbsp;&nbsp;&nbsp;rt_malloc
<LI><a href="#[ce]">&gt;&gt;</a>&nbsp;&nbsp;&nbsp;rt_kprintf
<LI><a href="#[ea]">&gt;&gt;</a>&nbsp;&nbsp;&nbsp;rt_thread_delay
<LI><a href="#[2b6]">&gt;&gt;</a>&nbsp;&nbsp;&nbsp;rt_usbh_get_endpoint_descriptor
<LI><a href="#[eb]">&gt;&gt;</a>&nbsp;&nbsp;&nbsp;rt_usb_hcd_pipe_xfer
<LI><a href="#[2bf]">&gt;&gt;</a>&nbsp;&nbsp;&nbsp;rt_usbh_hub_set_port_feature
<LI><a href="#[2be]">&gt;&gt;</a>&nbsp;&nbsp;&nbsp;rt_usbh_hub_get_descriptor
<LI><a href="#[b0]">&gt;&gt;</a>&nbsp;&nbsp;&nbsp;__aeabi_idivmod
</UL>
<BR>[Address Reference Count : 1]<UL><LI> hub.o(i.rt_usbh_class_driver_hub)
</UL>
<P><STRONG><a name="[47]"></a>rt_usbh_hub_irq</STRONG> (Thumb, 48 bytes, Stack size 24 bytes, hub.o(i.rt_usbh_hub_irq))
<BR><BR>[Stack]<UL><LI>Max Depth = 2404<LI>Call Chain = rt_usbh_hub_irq &rArr; rt_usbh_hub_port_change &rArr; rt_usbh_attatch_instance &rArr; rt_usbh_get_endpoint_descriptor &rArr; rt_kprintf &rArr; rt_vsnprintf &rArr; print_number &rArr; __aeabi_uidivmod
</UL>
<BR>[Calls]<UL><LI><a href="#[eb]">&gt;&gt;</a>&nbsp;&nbsp;&nbsp;rt_usb_hcd_pipe_xfer
<LI><a href="#[2c1]">&gt;&gt;</a>&nbsp;&nbsp;&nbsp;rt_usbh_hub_port_change
</UL>
<BR>[Address Reference Count : 1]<UL><LI> hub.o(i.rt_usbh_hub_enable)
</UL>
<P><STRONG><a name="[2c1]"></a>rt_usbh_hub_port_change</STRONG> (Thumb, 246 bytes, Stack size 32 bytes, hub.o(i.rt_usbh_hub_port_change))
<BR><BR>[Stack]<UL><LI>Max Depth = 2380<LI>Call Chain = rt_usbh_hub_port_change &rArr; rt_usbh_attatch_instance &rArr; rt_usbh_get_endpoint_descriptor &rArr; rt_kprintf &rArr; rt_vsnprintf &rArr; print_number &rArr; __aeabi_uidivmod
</UL>
<BR>[Calls]<UL><LI><a href="#[2ba]">&gt;&gt;</a>&nbsp;&nbsp;&nbsp;rt_usbh_detach_instance
<LI><a href="#[2af]">&gt;&gt;</a>&nbsp;&nbsp;&nbsp;rt_usbh_attatch_instance
<LI><a href="#[2ae]">&gt;&gt;</a>&nbsp;&nbsp;&nbsp;rt_usbh_alloc_instance
<LI><a href="#[2b1]">&gt;&gt;</a>&nbsp;&nbsp;&nbsp;rt_usbh_hub_reset_port
<LI><a href="#[2c2]">&gt;&gt;</a>&nbsp;&nbsp;&nbsp;rt_usbh_hub_port_debounce
<LI><a href="#[2c0]">&gt;&gt;</a>&nbsp;&nbsp;&nbsp;rt_usbh_hub_get_port_status
<LI><a href="#[2b2]">&gt;&gt;</a>&nbsp;&nbsp;&nbsp;rt_usbh_hub_clear_port_feature
</UL>
<BR>[Called By]<UL><LI><a href="#[48]">&gt;&gt;</a>&nbsp;&nbsp;&nbsp;rt_usbh_hub_thread_entry
<LI><a href="#[47]">&gt;&gt;</a>&nbsp;&nbsp;&nbsp;rt_usbh_hub_irq
</UL>

<P><STRONG><a name="[48]"></a>rt_usbh_hub_thread_entry</STRONG> (Thumb, 64 bytes, Stack size 16 bytes, hub.o(i.rt_usbh_hub_thread_entry))
<BR><BR>[Stack]<UL><LI>Max Depth = 2396<LI>Call Chain = rt_usbh_hub_thread_entry &rArr; rt_usbh_hub_port_change &rArr; rt_usbh_attatch_instance &rArr; rt_usbh_get_endpoint_descriptor &rArr; rt_kprintf &rArr; rt_vsnprintf &rArr; print_number &rArr; __aeabi_uidivmod
</UL>
<BR>[Calls]<UL><LI><a href="#[27e]">&gt;&gt;</a>&nbsp;&nbsp;&nbsp;rt_mq_recv
<LI><a href="#[2c1]">&gt;&gt;</a>&nbsp;&nbsp;&nbsp;rt_usbh_hub_port_change
</UL>
<BR>[Address Reference Count : 1]<UL><LI> hub.o(i.rt_usbh_hub_init)
</UL>
<P><STRONG><a name="[e8]"></a>_pipe_check</STRONG> (Thumb, 158 bytes, Stack size 48 bytes, mass.o(i._pipe_check))
<BR><BR>[Stack]<UL><LI>Max Depth = 252<LI>Call Chain = _pipe_check &rArr; rt_kprintf &rArr; rt_vsnprintf &rArr; print_number &rArr; __aeabi_uidivmod
</UL>
<BR>[Calls]<UL><LI><a href="#[ce]">&gt;&gt;</a>&nbsp;&nbsp;&nbsp;rt_kprintf
<LI><a href="#[ea]">&gt;&gt;</a>&nbsp;&nbsp;&nbsp;rt_thread_delay
<LI><a href="#[e9]">&gt;&gt;</a>&nbsp;&nbsp;&nbsp;rt_usbh_clear_feature
<LI><a href="#[eb]">&gt;&gt;</a>&nbsp;&nbsp;&nbsp;rt_usb_hcd_pipe_xfer
</UL>
<BR>[Called By]<UL><LI><a href="#[2a6]">&gt;&gt;</a>&nbsp;&nbsp;&nbsp;rt_usb_bulk_only_xfer
</UL>

<P><STRONG><a name="[2a6]"></a>rt_usb_bulk_only_xfer</STRONG> (Thumb, 300 bytes, Stack size 72 bytes, mass.o(i.rt_usb_bulk_only_xfer))
<BR><BR>[Stack]<UL><LI>Max Depth = 324<LI>Call Chain = rt_usb_bulk_only_xfer &rArr; _pipe_check &rArr; rt_kprintf &rArr; rt_vsnprintf &rArr; print_number &rArr; __aeabi_uidivmod
</UL>
<BR>[Calls]<UL><LI><a href="#[ce]">&gt;&gt;</a>&nbsp;&nbsp;&nbsp;rt_kprintf
<LI><a href="#[e8]">&gt;&gt;</a>&nbsp;&nbsp;&nbsp;_pipe_check
<LI><a href="#[eb]">&gt;&gt;</a>&nbsp;&nbsp;&nbsp;rt_usb_hcd_pipe_xfer
<LI><a href="#[1f3]">&gt;&gt;</a>&nbsp;&nbsp;&nbsp;__aeabi_uread4
</UL>
<BR>[Called By]<UL><LI><a href="#[2a5]">&gt;&gt;</a>&nbsp;&nbsp;&nbsp;rt_usbh_storage_write10
<LI><a href="#[2a0]">&gt;&gt;</a>&nbsp;&nbsp;&nbsp;rt_usbh_storage_test_unit_ready
<LI><a href="#[29f]">&gt;&gt;</a>&nbsp;&nbsp;&nbsp;rt_usbh_storage_request_sense
<LI><a href="#[29a]">&gt;&gt;</a>&nbsp;&nbsp;&nbsp;rt_usbh_storage_read10
<LI><a href="#[29e]">&gt;&gt;</a>&nbsp;&nbsp;&nbsp;rt_usbh_storage_inquiry
<LI><a href="#[2a1]">&gt;&gt;</a>&nbsp;&nbsp;&nbsp;rt_usbh_storage_get_capacity
</UL>

<P><STRONG><a name="[2c4]"></a>rt_usb_hcd_setup_xfer</STRONG> (Thumb, 30 bytes, Stack size 40 bytes, mass.o(i.rt_usb_hcd_setup_xfer))
<BR><BR>[Stack]<UL><LI>Max Depth = 40<LI>Call Chain = rt_usb_hcd_setup_xfer
</UL>
<BR>[Called By]<UL><LI><a href="#[29c]">&gt;&gt;</a>&nbsp;&nbsp;&nbsp;rt_usbh_storage_reset
<LI><a href="#[29d]">&gt;&gt;</a>&nbsp;&nbsp;&nbsp;rt_usbh_storage_get_max_lun
</UL>

<P><STRONG><a name="[2c3]"></a>rt_usb_instance_find_pipe</STRONG> (Thumb, 34 bytes, Stack size 0 bytes, mass.o(i.rt_usb_instance_find_pipe))
<BR><BR>[Called By]<UL><LI><a href="#[45]">&gt;&gt;</a>&nbsp;&nbsp;&nbsp;rt_usbh_storage_enable
</UL>

<P><STRONG><a name="[46]"></a>rt_usbh_storage_disable</STRONG> (Thumb, 28 bytes, Stack size 16 bytes, mass.o(i.rt_usbh_storage_disable))
<BR><BR>[Stack]<UL><LI>Max Depth = 316<LI>Call Chain = rt_usbh_storage_disable &rArr; rt_udisk_stop &rArr; dfs_unmount &rArr; dfs_normalize_path &rArr; rt_snprintf &rArr; rt_vsnprintf &rArr; print_number &rArr; __aeabi_uidivmod
</UL>
<BR>[Calls]<UL><LI><a href="#[117]">&gt;&gt;</a>&nbsp;&nbsp;&nbsp;rt_free
<LI><a href="#[2a3]">&gt;&gt;</a>&nbsp;&nbsp;&nbsp;rt_udisk_stop
</UL>
<BR>[Address Reference Count : 1]<UL><LI> mass.o(i.rt_usbh_class_driver_storage)
</UL>
<P><STRONG><a name="[45]"></a>rt_usbh_storage_enable</STRONG> (Thumb, 198 bytes, Stack size 32 bytes, mass.o(i.rt_usbh_storage_enable))
<BR><BR>[Stack]<UL><LI>Max Depth = 588<LI>Call Chain = rt_usbh_storage_enable &rArr; rt_udisk_run &rArr; rt_usbh_storage_read10 &rArr; rt_usb_bulk_only_xfer &rArr; _pipe_check &rArr; rt_kprintf &rArr; rt_vsnprintf &rArr; print_number &rArr; __aeabi_uidivmod
</UL>
<BR>[Calls]<UL><LI><a href="#[e6]">&gt;&gt;</a>&nbsp;&nbsp;&nbsp;rt_memset
<LI><a href="#[12d]">&gt;&gt;</a>&nbsp;&nbsp;&nbsp;rt_malloc
<LI><a href="#[ce]">&gt;&gt;</a>&nbsp;&nbsp;&nbsp;rt_kprintf
<LI><a href="#[29b]">&gt;&gt;</a>&nbsp;&nbsp;&nbsp;rt_udisk_run
<LI><a href="#[2c3]">&gt;&gt;</a>&nbsp;&nbsp;&nbsp;rt_usb_instance_find_pipe
<LI><a href="#[2b6]">&gt;&gt;</a>&nbsp;&nbsp;&nbsp;rt_usbh_get_endpoint_descriptor
</UL>
<BR>[Address Reference Count : 1]<UL><LI> mass.o(i.rt_usbh_class_driver_storage)
</UL>
<P><STRONG><a name="[2a7]"></a>rt_usb_hcd_alloc_pipe</STRONG> (Thumb, 66 bytes, Stack size 24 bytes, usbhost_core.o(i.rt_usb_hcd_alloc_pipe))
<BR><BR>[Stack]<UL><LI>Max Depth = 152<LI>Call Chain = rt_usb_hcd_alloc_pipe &rArr; rt_malloc &rArr; _heap_unlock &rArr; rt_mutex_release &rArr; rt_thread_control &rArr; rt_thread_startup &rArr; rt_thread_resume &rArr; rt_timer_stop &rArr; _timer_remove
</UL>
<BR>[Calls]<UL><LI><a href="#[e6]">&gt;&gt;</a>&nbsp;&nbsp;&nbsp;rt_memset
<LI><a href="#[12d]">&gt;&gt;</a>&nbsp;&nbsp;&nbsp;rt_malloc
<LI><a href="#[17d]">&gt;&gt;</a>&nbsp;&nbsp;&nbsp;rt_memcpy
</UL>
<BR>[Called By]<UL><LI><a href="#[2af]">&gt;&gt;</a>&nbsp;&nbsp;&nbsp;rt_usbh_attatch_instance
</UL>

<P><STRONG><a name="[2a8]"></a>rt_usb_hcd_free_pipe</STRONG> (Thumb, 24 bytes, Stack size 16 bytes, usbhost_core.o(i.rt_usb_hcd_free_pipe))
<BR><BR>[Stack]<UL><LI>Max Depth = 144<LI>Call Chain = rt_usb_hcd_free_pipe &rArr; rt_free &rArr; _heap_unlock &rArr; rt_mutex_release &rArr; rt_thread_control &rArr; rt_thread_startup &rArr; rt_thread_resume &rArr; rt_timer_stop &rArr; _timer_remove
</UL>
<BR>[Calls]<UL><LI><a href="#[117]">&gt;&gt;</a>&nbsp;&nbsp;&nbsp;rt_free
</UL>
<BR>[Called By]<UL><LI><a href="#[2ba]">&gt;&gt;</a>&nbsp;&nbsp;&nbsp;rt_usbh_detach_instance
<LI><a href="#[2af]">&gt;&gt;</a>&nbsp;&nbsp;&nbsp;rt_usbh_attatch_instance
</UL>

<P><STRONG><a name="[2b9]"></a>rt_usb_hcd_setup_xfer</STRONG> (Thumb, 30 bytes, Stack size 40 bytes, usbhost_core.o(i.rt_usb_hcd_setup_xfer))
<BR><BR>[Stack]<UL><LI>Max Depth = 40<LI>Call Chain = rt_usb_hcd_setup_xfer
</UL>
<BR>[Called By]<UL><LI><a href="#[e9]">&gt;&gt;</a>&nbsp;&nbsp;&nbsp;rt_usbh_clear_feature
<LI><a href="#[2b4]">&gt;&gt;</a>&nbsp;&nbsp;&nbsp;rt_usbh_set_configure
<LI><a href="#[2b3]">&gt;&gt;</a>&nbsp;&nbsp;&nbsp;rt_usbh_set_address
<LI><a href="#[2b0]">&gt;&gt;</a>&nbsp;&nbsp;&nbsp;rt_usbh_get_descriptor
</UL>

<P><STRONG><a name="[42]"></a>rt_udisk_control</STRONG> (Thumb, 46 bytes, Stack size 16 bytes, udisk.o(i.rt_udisk_control))
<BR><BR>[Stack]<UL><LI>Max Depth = 16<LI>Call Chain = rt_udisk_control
</UL>
<BR>[Address Reference Count : 1]<UL><LI> udisk.o(i.rt_udisk_run)
</UL>
<P><STRONG><a name="[3f]"></a>rt_udisk_init</STRONG> (Thumb, 6 bytes, Stack size 0 bytes, udisk.o(i.rt_udisk_init))
<BR>[Address Reference Count : 1]<UL><LI> udisk.o(i.rt_udisk_run)
</UL>
<P><STRONG><a name="[40]"></a>rt_udisk_read</STRONG> (Thumb, 66 bytes, Stack size 48 bytes, udisk.o(i.rt_udisk_read))
<BR><BR>[Stack]<UL><LI>Max Depth = 428<LI>Call Chain = rt_udisk_read &rArr; rt_usbh_storage_read10 &rArr; rt_usb_bulk_only_xfer &rArr; _pipe_check &rArr; rt_kprintf &rArr; rt_vsnprintf &rArr; print_number &rArr; __aeabi_uidivmod
</UL>
<BR>[Calls]<UL><LI><a href="#[ce]">&gt;&gt;</a>&nbsp;&nbsp;&nbsp;rt_kprintf
<LI><a href="#[29a]">&gt;&gt;</a>&nbsp;&nbsp;&nbsp;rt_usbh_storage_read10
</UL>
<BR>[Address Reference Count : 1]<UL><LI> udisk.o(i.rt_udisk_run)
</UL>
<P><STRONG><a name="[41]"></a>rt_udisk_write</STRONG> (Thumb, 70 bytes, Stack size 48 bytes, udisk.o(i.rt_udisk_write))
<BR><BR>[Stack]<UL><LI>Max Depth = 428<LI>Call Chain = rt_udisk_write &rArr; rt_usbh_storage_write10 &rArr; rt_usb_bulk_only_xfer &rArr; _pipe_check &rArr; rt_kprintf &rArr; rt_vsnprintf &rArr; print_number &rArr; __aeabi_uidivmod
</UL>
<BR>[Calls]<UL><LI><a href="#[ce]">&gt;&gt;</a>&nbsp;&nbsp;&nbsp;rt_kprintf
<LI><a href="#[2a5]">&gt;&gt;</a>&nbsp;&nbsp;&nbsp;rt_usbh_storage_write10
</UL>
<BR>[Address Reference Count : 1]<UL><LI> udisk.o(i.rt_udisk_run)
</UL>
<P><STRONG><a name="[2a4]"></a>udisk_free_id</STRONG> (Thumb, 16 bytes, Stack size 0 bytes, udisk.o(i.udisk_free_id))
<BR><BR>[Called By]<UL><LI><a href="#[2a3]">&gt;&gt;</a>&nbsp;&nbsp;&nbsp;rt_udisk_stop
</UL>

<P><STRONG><a name="[2a2]"></a>udisk_get_id</STRONG> (Thumb, 46 bytes, Stack size 0 bytes, udisk.o(i.udisk_get_id))
<BR><BR>[Called By]<UL><LI><a href="#[29b]">&gt;&gt;</a>&nbsp;&nbsp;&nbsp;rt_udisk_run
</UL>

<P><STRONG><a name="[229]"></a>netdev_auto_change_default</STRONG> (Thumb, 42 bytes, Stack size 16 bytes, netdev.o(i.netdev_auto_change_default))
<BR><BR>[Stack]<UL><LI>Max Depth = 40<LI>Call Chain = netdev_auto_change_default &rArr; netdev_get_first_by_flags
</UL>
<BR>[Calls]<UL><LI><a href="#[22a]">&gt;&gt;</a>&nbsp;&nbsp;&nbsp;rt_memcmp
<LI><a href="#[22c]">&gt;&gt;</a>&nbsp;&nbsp;&nbsp;netdev_set_default
<LI><a href="#[22b]">&gt;&gt;</a>&nbsp;&nbsp;&nbsp;netdev_get_first_by_flags
</UL>
<BR>[Called By]<UL><LI><a href="#[239]">&gt;&gt;</a>&nbsp;&nbsp;&nbsp;netdev_low_level_set_status
<LI><a href="#[238]">&gt;&gt;</a>&nbsp;&nbsp;&nbsp;netdev_low_level_set_link_status
</UL>

<P><STRONG><a name="[22d]"></a>netdev_cmd_netstat</STRONG> (Thumb, 90 bytes, Stack size 16 bytes, netdev.o(i.netdev_cmd_netstat))
<BR><BR>[Stack]<UL><LI>Max Depth = 220<LI>Call Chain = netdev_cmd_netstat &rArr; rt_kprintf &rArr; rt_vsnprintf &rArr; print_number &rArr; __aeabi_uidivmod
</UL>
<BR>[Calls]<UL><LI><a href="#[ce]">&gt;&gt;</a>&nbsp;&nbsp;&nbsp;rt_kprintf
<LI><a href="#[22e]">&gt;&gt;</a>&nbsp;&nbsp;&nbsp;rt_slist_next
</UL>
<BR>[Called By]<UL><LI><a href="#[aa]">&gt;&gt;</a>&nbsp;&nbsp;&nbsp;netdev_netstat
</UL>

<P><STRONG><a name="[232]"></a>netdev_list_dns</STRONG> (Thumb, 106 bytes, Stack size 24 bytes, netdev.o(i.netdev_list_dns))
<BR><BR>[Stack]<UL><LI>Max Depth = 228<LI>Call Chain = netdev_list_dns &rArr; rt_kprintf &rArr; rt_vsnprintf &rArr; print_number &rArr; __aeabi_uidivmod
</UL>
<BR>[Calls]<UL><LI><a href="#[ce]">&gt;&gt;</a>&nbsp;&nbsp;&nbsp;rt_kprintf
<LI><a href="#[231]">&gt;&gt;</a>&nbsp;&nbsp;&nbsp;netdev_ip4addr_ntoa
<LI><a href="#[22e]">&gt;&gt;</a>&nbsp;&nbsp;&nbsp;rt_slist_next
</UL>
<BR>[Called By]<UL><LI><a href="#[a9]">&gt;&gt;</a>&nbsp;&nbsp;&nbsp;netdev_dns
</UL>

<P><STRONG><a name="[234]"></a>netdev_list_if</STRONG> (Thumb, 434 bytes, Stack size 24 bytes, netdev.o(i.netdev_list_if))
<BR><BR>[Stack]<UL><LI>Max Depth = 228<LI>Call Chain = netdev_list_if &rArr; rt_kprintf &rArr; rt_vsnprintf &rArr; print_number &rArr; __aeabi_uidivmod
</UL>
<BR>[Calls]<UL><LI><a href="#[ce]">&gt;&gt;</a>&nbsp;&nbsp;&nbsp;rt_kprintf
<LI><a href="#[231]">&gt;&gt;</a>&nbsp;&nbsp;&nbsp;netdev_ip4addr_ntoa
<LI><a href="#[22e]">&gt;&gt;</a>&nbsp;&nbsp;&nbsp;rt_slist_next
</UL>
<BR>[Called By]<UL><LI><a href="#[a7]">&gt;&gt;</a>&nbsp;&nbsp;&nbsp;netdev_ifconfig
</UL>

<P><STRONG><a name="[233]"></a>netdev_set_dns</STRONG> (Thumb, 70 bytes, Stack size 24 bytes, netdev.o(i.netdev_set_dns))
<BR><BR>[Stack]<UL><LI>Max Depth = 228<LI>Call Chain = netdev_set_dns &rArr; rt_kprintf &rArr; rt_vsnprintf &rArr; print_number &rArr; __aeabi_uidivmod
</UL>
<BR>[Calls]<UL><LI><a href="#[ce]">&gt;&gt;</a>&nbsp;&nbsp;&nbsp;rt_kprintf
<LI><a href="#[230]">&gt;&gt;</a>&nbsp;&nbsp;&nbsp;netdev_get_by_name
<LI><a href="#[236]">&gt;&gt;</a>&nbsp;&nbsp;&nbsp;netdev_ip4addr_aton
<LI><a href="#[23a]">&gt;&gt;</a>&nbsp;&nbsp;&nbsp;netdev_set_dns_server
</UL>
<BR>[Called By]<UL><LI><a href="#[a9]">&gt;&gt;</a>&nbsp;&nbsp;&nbsp;netdev_dns
</UL>

<P><STRONG><a name="[235]"></a>netdev_set_if</STRONG> (Thumb, 112 bytes, Stack size 40 bytes, netdev.o(i.netdev_set_if))
<BR><BR>[Stack]<UL><LI>Max Depth = 244<LI>Call Chain = netdev_set_if &rArr; rt_kprintf &rArr; rt_vsnprintf &rArr; print_number &rArr; __aeabi_uidivmod
</UL>
<BR>[Calls]<UL><LI><a href="#[ce]">&gt;&gt;</a>&nbsp;&nbsp;&nbsp;rt_kprintf
<LI><a href="#[230]">&gt;&gt;</a>&nbsp;&nbsp;&nbsp;netdev_get_by_name
<LI><a href="#[236]">&gt;&gt;</a>&nbsp;&nbsp;&nbsp;netdev_ip4addr_aton
<LI><a href="#[23d]">&gt;&gt;</a>&nbsp;&nbsp;&nbsp;netdev_set_netmask
<LI><a href="#[23b]">&gt;&gt;</a>&nbsp;&nbsp;&nbsp;netdev_set_ipaddr
<LI><a href="#[23c]">&gt;&gt;</a>&nbsp;&nbsp;&nbsp;netdev_set_gw
</UL>
<BR>[Called By]<UL><LI><a href="#[a7]">&gt;&gt;</a>&nbsp;&nbsp;&nbsp;netdev_ifconfig
</UL>

<P><STRONG><a name="[22e]"></a>rt_slist_next</STRONG> (Thumb, 6 bytes, Stack size 0 bytes, netdev.o(i.rt_slist_next))
<BR><BR>[Called By]<UL><LI><a href="#[230]">&gt;&gt;</a>&nbsp;&nbsp;&nbsp;netdev_get_by_name
<LI><a href="#[22b]">&gt;&gt;</a>&nbsp;&nbsp;&nbsp;netdev_get_first_by_flags
<LI><a href="#[234]">&gt;&gt;</a>&nbsp;&nbsp;&nbsp;netdev_list_if
<LI><a href="#[232]">&gt;&gt;</a>&nbsp;&nbsp;&nbsp;netdev_list_dns
<LI><a href="#[22d]">&gt;&gt;</a>&nbsp;&nbsp;&nbsp;netdev_cmd_netstat
</UL>
<P>
<H3>
Undefined Global Symbols
</H3>
<P><STRONG><a name="[ae]"></a>__arm_fini_</STRONG> (Unknown, 0 bytes, Stack size 0 bytes, UNDEFINED)
<BR><BR>[Called By]<UL><LI><a href="#[ad]">&gt;&gt;</a>&nbsp;&nbsp;&nbsp;__rt_lib_shutdown_fini
</UL>
<HR></body></html>
